 player

 Timestamp is 582e7ea7 (Fri Nov 18 12:08:07 2016)

 Preferred load address is 0000000180000000

 Start         Length     Name                   Class
 0001:00000000 00011190H .text$mn                CODE
 0001:00011190 00000020H .text$mn$00             CODE
 0001:000111b0 00000270H .text$x                 CODE
 0002:00000000 000002d0H .idata$5                DATA
 0002:000002d0 00000010H .00cfg                  DATA
 0002:000002e0 00000008H .CRT$XCA                DATA
 0002:000002e8 00000008H .CRT$XCU                DATA
 0002:000002f0 00000008H .CRT$XCZ                DATA
 0002:000002f8 00000008H .CRT$XIA                DATA
 0002:00000300 00000018H .CRT$XIC                DATA
 0002:00000318 00000008H .CRT$XIZ                DATA
 0002:00000320 00000008H .CRT$XPA                DATA
 0002:00000328 00000010H .CRT$XPX                DATA
 0002:00000338 00000008H .CRT$XPXA               DATA
 0002:00000340 00000008H .CRT$XPZ                DATA
 0002:00000348 00000008H .CRT$XTA                DATA
 0002:00000350 00000010H .CRT$XTZ                DATA
 0002:00000360 00009d28H .rdata                  DATA
 0002:0000a088 00000384H .rdata$r                DATA
 0002:0000a40c 000003dcH .rdata$zzzdbg           DATA
 0002:0000a7e8 00000008H .rtc$IAA                DATA
 0002:0000a7f0 00000008H .rtc$IZZ                DATA
 0002:0000a7f8 00000008H .rtc$TAA                DATA
 0002:0000a800 00000008H .rtc$TZZ                DATA
 0002:0000a808 00000dd8H .xdata                  DATA
 0002:0000b5e0 000001e4H .xdata$x                DATA
 0002:0000b7c4 00000020H .didat$2                DATA
 0002:0000b7e4 00000024H .didat$3                DATA
 0002:0000b808 000000e0H .didat$4                DATA
 0002:0000b8e8 000005c8H .didat$6                DATA
 0002:0000beb0 000000e0H .didat$7                DATA
 0002:0000bf90 00000050H .edata                  DATA
 0002:0000bfe0 00000028H .idata$2                DATA
 0002:0000c008 00000018H .idata$3                DATA
 0002:0000c020 000002d0H .idata$4                DATA
 0002:0000c2f0 000008c6H .idata$6                DATA
 0003:00000000 00000980H .data                   DATA
 0003:00000980 00000118H .data$r                 DATA
 0003:00000a98 000000e8H .didat$5                DATA
 0003:00000b80 000012f8H .bss                    DATA
 0004:00000000 0000117cH .pdata                  DATA
 0005:00000000 00000080H .gfids$x                DATA
 0005:00000080 00000048H .gfids$y                DATA
 0006:00000000 00000060H .rsrc$01                DATA
 0006:00000060 00000180H .rsrc$02                DATA

  Address         Publics by Value              Rva+Base               Lib:Object

 0000:00000000       __guard_iat_table          0000000000000000     <absolute>
 0000:00000000       __dynamic_value_reloc_table 0000000000000000     <absolute>
 0000:00000000       __guard_iat_count          0000000000000000     <absolute>
 0000:00000000       __guard_longjmp_table      0000000000000000     <absolute>
 0000:00000000       __guard_longjmp_count      0000000000000000     <absolute>
 0000:00000000       __guard_fids_count         0000000000000000     <absolute>
 0000:00000000       ___safe_se_handler_table   0000000000000000     <absolute>
 0000:00000000       ___safe_se_handler_count   0000000000000000     <absolute>
 0000:00000000       __guard_fids_table         0000000000000000     <absolute>
 0000:00000100       __guard_flags              0000000000000100     <absolute>
 0000:00000000       __ImageBase                0000000180000000     <linker-defined>
 0001:00000000       __local_stdio_printf_options 0000000180001000 f i addon.obj
 0001:00000010       printf                     0000000180001010 f i addon.obj
 0001:00000520       ?updateAsync@@YAXPEAUuv_async_s@@H@Z 0000000180001520 f   addon.obj
 0001:000006a0       ?AudioOpen@@YAXPEAUuv_work_s@@@Z 00000001800016a0 f   addon.obj
 0001:000008d0       ?AudioClose@@YAXPEAUuv_work_s@@H@Z 00000001800018d0 f   addon.obj
 0001:00000910       ?Open@@YAXAEBV?$FunctionCallbackInfo@VValue@v8@@@v8@@@Z 0000000180001910 f   addon.obj
 0001:00000f70       ?Close@@YAXAEBV?$FunctionCallbackInfo@VValue@v8@@@v8@@@Z 0000000180001f70 f   addon.obj
 0001:00001050       ?Init@@YAXV?$Local@VObject@v8@@@v8@@@Z 0000000180002050 f   addon.obj
 0001:00001190       ?assign@?$basic_string@DU?$char_traits@D@std@@V?$allocator@D@2@@std@@QEAAAEAV12@AEBV12@_K1@Z 0000000180002190 f i addon.obj
 0001:000012c0       ?erase@?$basic_string@DU?$char_traits@D@std@@V?$allocator@D@2@@std@@QEAAAEAV12@_K0@Z 00000001800022c0 f i addon.obj
 0001:00001360       ?assign@?$basic_string@DU?$char_traits@D@std@@V?$allocator@D@2@@std@@QEAAAEAV12@PEBD_K@Z 0000000180002360 f i addon.obj
 0001:00001490       ?_Copy@?$basic_string@DU?$char_traits@D@std@@V?$allocator@D@2@@std@@QEAAX_K0@Z 0000000180002490 f i addon.obj
 0001:0000165c       __imp_load_uv_loop_close   000000018000265c f   node:node.exe
 0001:00001668       __tailMerge_node_exe       0000000180002668 f i node:node.exe
 0001:000016e1       __imp_load_uv_queue_work   00000001800026e1 f   node:node.exe
 0001:000016ed       __imp_load_?Global@Context@v8@@QEAA?AV?$Local@VObject@v8@@@2@XZ 00000001800026ed f   node:node.exe
 0001:000016f9       __imp_load_?ThrowException@Isolate@v8@@QEAA?AV?$Local@VValue@v8@@@2@V32@@Z 00000001800026f9 f   node:node.exe
 0001:00001705       __imp_load_?GetCurrentContext@Isolate@v8@@QEAA?AV?$Local@VContext@v8@@@2@XZ 0000000180002705 f   node:node.exe
 0001:00001711       __imp_load_?GetCurrent@Isolate@v8@@SAPEAV12@XZ 0000000180002711 f   node:node.exe
 0001:0000171d       __imp_load_?CreateHandle@HandleScope@v8@@KAPEAPEAVObject@internal@2@PEAVIsolate@42@PEAV342@@Z 000000018000271d f   node:node.exe
 0001:00001729       __imp_load_??1HandleScope@v8@@QEAA@XZ 0000000180002729 f   node:node.exe
 0001:00001735       __imp_load_??0HandleScope@v8@@QEAA@PEAVIsolate@1@@Z 0000000180002735 f   node:node.exe
 0001:00001741       __imp_load_?TypeError@Exception@v8@@SA?AV?$Local@VValue@v8@@@2@V?$Local@VString@v8@@@2@@Z 0000000180002741 f   node:node.exe
 0001:0000174d       __imp_load_?GetFunction@FunctionTemplate@v8@@QEAA?AV?$Local@VFunction@v8@@@2@XZ 000000018000274d f   node:node.exe
 0001:00001759       __imp_load_?New@FunctionTemplate@v8@@SA?AV?$Local@VFunctionTemplate@v8@@@2@PEAVIsolate@2@P6AXAEBV?$FunctionCallbackInfo@VValue@v8@@@2@@ZV?$Local@VValue@v8@@@2@V?$Local@VSignature@v8@@@2@HW4ConstructorBehavior@2@@Z 0000000180002759 f   node:node.exe
 0001:00001765       __imp_load_?DisposeGlobal@V8@v8@@CAXPEAPEAVObject@internal@2@@Z 0000000180002765 f   node:node.exe
 0001:00001771       __imp_load_?GlobalizeReference@V8@v8@@CAPEAPEAVObject@internal@2@PEAVIsolate@42@PEAPEAV342@@Z 0000000180002771 f   node:node.exe
 0001:0000177d       __imp_load_?IsFunction@Value@v8@@QEBA_NXZ 000000018000277d f   node:node.exe
 0001:00001789       __imp_load_??1Utf8Value@String@v8@@QEAA@XZ 0000000180002789 f   node:node.exe
 0001:00001795       __imp_load_??0Utf8Value@String@v8@@QEAA@V?$Local@VValue@v8@@@2@@Z 0000000180002795 f   node:node.exe
 0001:000017a1       __imp_load_?NewFromUtf8@String@v8@@SA?AV?$Local@VString@v8@@@2@PEAVIsolate@2@PEBDW4NewStringType@12@H@Z 00000001800027a1 f   node:node.exe
 0001:000017ad       __imp_load_?New@Number@v8@@SA?AV?$Local@VNumber@v8@@@2@PEAVIsolate@2@N@Z 00000001800027ad f   node:node.exe
 0001:000017b9       __imp_load_?New@Object@v8@@SA?AV?$Local@VObject@v8@@@2@PEAVIsolate@2@@Z 00000001800027b9 f   node:node.exe
 0001:000017c5       __imp_load_?Set@Object@v8@@QEAA_NV?$Local@VValue@v8@@@2@0@Z 00000001800027c5 f   node:node.exe
 0001:000017d1       __imp_load_?Call@Function@v8@@QEAA?AV?$Local@VValue@v8@@@2@V32@HQEAV32@@Z 00000001800027d1 f   node:node.exe
 0001:000017dd       __imp_load_uv_close        00000001800027dd f   node:node.exe
 0001:000017e9       __imp_load_node_module_register 00000001800027e9 f   node:node.exe
 0001:000017f5       __imp_load_uv_async_send   00000001800027f5 f   node:node.exe
 0001:00001801       __imp_load_uv_async_init   0000000180002801 f   node:node.exe
 0001:0000180d       __imp_load_uv_default_loop 000000018000280d f   node:node.exe
 0001:0000181c       ??0bad_alloc@std@@QEAA@AEBV01@@Z 000000018000281c f i libcpmt:xthrow.obj
 0001:0000185c       ??0bad_alloc@std@@QEAA@XZ  000000018000285c f i libcpmt:xthrow.obj
 0001:0000187c       ??0exception@std@@QEAA@AEBV01@@Z 000000018000287c f i libcpmt:xthrow.obj
 0001:000018b4       ??0length_error@std@@QEAA@AEBV01@@Z 00000001800028b4 f i libcpmt:xthrow.obj
 0001:000018f4       ??0length_error@std@@QEAA@PEBD@Z 00000001800028f4 f i libcpmt:xthrow.obj
 0001:00001940       ??0logic_error@std@@QEAA@AEBV01@@Z 0000000180002940 f i libcpmt:xthrow.obj
 0001:00001980       ??0out_of_range@std@@QEAA@AEBV01@@Z 0000000180002980 f i libcpmt:xthrow.obj
 0001:000019c0       ??0out_of_range@std@@QEAA@PEBD@Z 00000001800029c0 f i libcpmt:xthrow.obj
 0001:00001a0c       ??1bad_array_new_length@std@@UEAA@XZ 0000000180002a0c f i LIBCMT:throw_bad_alloc.obj
 0001:00001a0c       ??1out_of_range@std@@UEAA@XZ 0000000180002a0c f i libcpmt:xthrow.obj
 0001:00001a0c       ??1length_error@std@@UEAA@XZ 0000000180002a0c f i libcpmt:xthrow.obj
 0001:00001a0c       ??1bad_alloc@std@@UEAA@XZ  0000000180002a0c f i libcpmt:xthrow.obj
 0001:00001a20       ??_Eexception@std@@UEAAPEAXI@Z 0000000180002a20 f i libcpmt:xthrow.obj
 0001:00001a20       ??_Gbad_alloc@std@@UEAAPEAXI@Z 0000000180002a20 f i libcpmt:xthrow.obj
 0001:00001a20       ??_Ebad_array_new_length@std@@UEAAPEAXI@Z 0000000180002a20 f i LIBCMT:throw_bad_alloc.obj
 0001:00001a20       ??_Eout_of_range@std@@UEAAPEAXI@Z 0000000180002a20 f i libcpmt:xthrow.obj
 0001:00001a20       ??_Gout_of_range@std@@UEAAPEAXI@Z 0000000180002a20 f i libcpmt:xthrow.obj
 0001:00001a20       ??_Elength_error@std@@UEAAPEAXI@Z 0000000180002a20 f i libcpmt:xthrow.obj
 0001:00001a20       ??_Ebad_alloc@std@@UEAAPEAXI@Z 0000000180002a20 f i libcpmt:xthrow.obj
 0001:00001a20       ??_Gexception@std@@UEAAPEAXI@Z 0000000180002a20 f i libcpmt:xthrow.obj
 0001:00001a20       ??_Glogic_error@std@@UEAAPEAXI@Z 0000000180002a20 f i libcpmt:xthrow.obj
 0001:00001a20       ??_Gbad_array_new_length@std@@UEAAPEAXI@Z 0000000180002a20 f i LIBCMT:throw_bad_alloc.obj
 0001:00001a20       ??_Elogic_error@std@@UEAAPEAXI@Z 0000000180002a20 f i libcpmt:xthrow.obj
 0001:00001a20       ??_Glength_error@std@@UEAAPEAXI@Z 0000000180002a20 f i libcpmt:xthrow.obj
 0001:00001a64       ?_Xlength_error@std@@YAXPEBD@Z 0000000180002a64 f   libcpmt:xthrow.obj
 0001:00001a88       ?_Xout_of_range@std@@YAXPEBD@Z 0000000180002a88 f   libcpmt:xthrow.obj
 0001:00001aac       ?what@exception@std@@UEBAPEBDXZ 0000000180002aac f i libcpmt:xthrow.obj
 0001:00001ad0       __security_check_cookie    0000000180002ad0 f   LIBCMT:_amdsecgs_.obj
 0001:00001af4       ??2@YAPEAX_K@Z             0000000180002af4 f   LIBCMT:new_scalar.obj
 0001:00001b30       ??3@YAXPEAX@Z              0000000180002b30 f   LIBCMT:delete_scalar.obj
 0001:00001b38       ??3@YAXPEAX_K@Z            0000000180002b38 f   LIBCMT:delete_scalar_size.obj
 0001:00001e8c       _DllMainCRTStartup         0000000180002e8c f   LIBCMT:dll_dllmain.obj
 0001:00001ecc       ??_Etype_info@@UEAAPEAXI@Z 0000000180002ecc f i LIBCMT:std_type_info_static.obj
 0001:00001ecc       ??_Gtype_info@@UEAAPEAXI@Z 0000000180002ecc f i LIBCMT:std_type_info_static.obj
 0001:00001ef8       __raise_securityfailure    0000000180002ef8 f   LIBCMT:gs_report.obj
 0001:00001f2c       __report_gsfailure         0000000180002f2c f   LIBCMT:gs_report.obj
 0001:00002000       __report_rangecheckfailure 0000000180003000 f   LIBCMT:gs_report.obj
 0001:00002014       __report_securityfailure   0000000180003014 f   LIBCMT:gs_report.obj
 0001:00002194       ??0bad_array_new_length@std@@QEAA@AEBV01@@Z 0000000180003194 f i LIBCMT:throw_bad_alloc.obj
 0001:000021d4       ??0bad_array_new_length@std@@QEAA@XZ 00000001800031d4 f i LIBCMT:throw_bad_alloc.obj
 0001:000021f4       ?_Xbad_alloc@std@@YAXXZ    00000001800031f4 f   libcpmt:xthrow.obj
 0001:000021f4       ?__scrt_throw_std_bad_alloc@@YAXXZ 00000001800031f4 f   LIBCMT:throw_bad_alloc.obj
 0001:00002214       ?__scrt_throw_std_bad_array_new_length@@YAXXZ 0000000180003214 f   LIBCMT:throw_bad_alloc.obj
 0001:00002234       __scrt_acquire_startup_lock 0000000180003234 f   LIBCMT:utility.obj
 0001:00002270       __scrt_dllmain_after_initialize_c 0000000180003270 f   LIBCMT:utility.obj
 0001:000022a4       __scrt_dllmain_before_initialize_c 00000001800032a4 f   LIBCMT:utility.obj
 0001:000022bc       __scrt_dllmain_crt_thread_attach 00000001800032bc f   LIBCMT:utility.obj
 0001:000022e4       __scrt_dllmain_crt_thread_detach 00000001800032e4 f   LIBCMT:utility.obj
 0001:000022fc       __scrt_dllmain_exception_filter 00000001800032fc f   LIBCMT:utility.obj
 0001:00002360       __scrt_dllmain_uninitialize_c 0000000180003360 f   LIBCMT:utility.obj
 0001:00002390       __scrt_dllmain_uninitialize_critical 0000000180003390 f   LIBCMT:utility.obj
 0001:000023a4       __scrt_initialize_crt      00000001800033a4 f   LIBCMT:utility.obj
 0001:000023f0       __scrt_initialize_onexit_tables 00000001800033f0 f   LIBCMT:utility.obj
 0001:000024bc       __scrt_is_nonwritable_in_current_image 00000001800034bc f   LIBCMT:utility.obj
 0001:00002558       __scrt_release_startup_lock 0000000180003558 f   LIBCMT:utility.obj
 0001:0000257c       __scrt_uninitialize_crt    000000018000357c f   LIBCMT:utility.obj
 0001:000025a8       _onexit                    00000001800035a8 f   LIBCMT:utility.obj
 0001:000025f8       atexit                     00000001800035f8 f   LIBCMT:utility.obj
 0001:00002610       __security_init_cookie     0000000180003610 f   LIBCMT:gs_support.obj
 0001:000026bc       DllMain                    00000001800036bc f   LIBCMT:dll_dllmain_stub.obj
 0001:000026bc       _get_startup_argv_mode     00000001800036bc f   LIBCMT:argv_mode.obj
 0001:000026c4       ?__scrt_initialize_type_info@@YAXXZ 00000001800036c4 f   LIBCMT:tncleanup.obj
 0001:000026d4       ?__scrt_uninitialize_type_info@@YAXXZ 00000001800036d4 f   LIBCMT:tncleanup.obj
 0001:000026e0       __local_stdio_scanf_options 00000001800036e0 f i LIBCMT:default_local_stdio_options.obj
 0001:000026e8       __scrt_initialize_default_local_stdio_options 00000001800036e8 f   LIBCMT:default_local_stdio_options.obj
 0001:00002704       __scrt_get_dyn_tls_init_callback 0000000180003704 f   LIBCMT:dyn_tls_init.obj
 0001:0000270c       __crt_debugger_hook        000000018000370c f   LIBCMT:utility_desktop.obj
 0001:00002714       __scrt_fastfail            0000000180003714 f   LIBCMT:utility_desktop.obj
 0001:0000285c       _RTC_Initialize            000000018000385c f   LIBCMT:_initsect_.obj
 0001:000028a8       _RTC_Terminate             00000001800038a8 f   LIBCMT:_initsect_.obj
 0001:000028f4       _guard_check_icall         00000001800038f4 f i LIBCMT:checkcfg.obj
 0001:000028fc       __isa_available_init       00000001800038fc f   LIBCMT:_cpu_disp_.obj
 0001:00002ac4       __scrt_is_ucrt_dll_in_use  0000000180003ac4 f   LIBCMT:ucrt_detection.obj
 0001:00002ad0       _guard_check_icall_nop     0000000180003ad0 f i LIBCMT:guard_support.obj
 0001:00002ad0       __except_validate_context_record 0000000180003ad0 f i libvcruntime:jbcxrval.obj
 0001:00002af0       memcpy                     0000000180003af0 f   libvcruntime:memcpy.obj
 0001:00002af0       memmove                    0000000180003af0 f   libvcruntime:memcpy.obj
 0001:00002f28       __std_exception_copy       0000000180003f28 f   libvcruntime:std_exception.obj
 0001:00002fb8       __std_exception_destroy    0000000180003fb8 f   libvcruntime:std_exception.obj
 0001:00002fe0       _CxxThrowException         0000000180003fe0 f   libvcruntime:throw.obj
 0001:000030b8       __C_specific_handler       00000001800040b8 f   libvcruntime:_chandler_.obj
 0001:000032b4       __vcrt_initialize          00000001800042b4 f   libvcruntime:initialization.obj
 0001:000032e8       __vcrt_thread_attach       00000001800042e8 f   libvcruntime:initialization.obj
 0001:000032fc       __vcrt_thread_detach       00000001800042fc f   libvcruntime:initialization.obj
 0001:00003310       __vcrt_uninitialize        0000000180004310 f   libvcruntime:initialization.obj
 0001:00003330       __vcrt_uninitialize_critical 0000000180004330 f   libvcruntime:initialization.obj
 0001:00003340       __std_type_info_destroy_list 0000000180004340 f   libvcruntime:std_type_info.obj
 0001:00003380       memset                     0000000180004380 f   libvcruntime:memset.obj
 0001:00003530       _local_unwind              0000000180004530 f   libvcruntime:_jmpuwind_.obj
 0001:00003560       _NLG_Notify                0000000180004560 f   libvcruntime:_jmpuwind_.obj
 0001:00003580       __NLG_Dispatch2            0000000180004580 f   libvcruntime:_jmpuwind_.obj
 0001:00003590       __NLG_Return2              0000000180004590 f   libvcruntime:_jmpuwind_.obj
 0001:00003594       __vcrt_freefls             0000000180004594 f   libvcruntime:per_thread_data.obj
 0001:000035b4       __vcrt_freeptd             00000001800045b4 f   libvcruntime:per_thread_data.obj
 0001:00003604       __vcrt_getptd_noexit       0000000180004604 f   libvcruntime:per_thread_data.obj
 0001:000036bc       __vcrt_initialize_ptd      00000001800046bc f   libvcruntime:per_thread_data.obj
 0001:000036fc       __vcrt_uninitialize_ptd    00000001800046fc f   libvcruntime:per_thread_data.obj
 0001:00003720       __vcrt_initialize_locks    0000000180004720 f   libvcruntime:locks.obj
 0001:00003768       __vcrt_uninitialize_locks  0000000180004768 f   libvcruntime:locks.obj
 0001:00003968       __vcrt_FlsAlloc            0000000180004968 f   libvcruntime:winapi_downlevel.obj
 0001:000039bc       __vcrt_FlsFree             00000001800049bc f   libvcruntime:winapi_downlevel.obj
 0001:00003a10       __vcrt_FlsGetValue         0000000180004a10 f   libvcruntime:winapi_downlevel.obj
 0001:00003a64       __vcrt_FlsSetValue         0000000180004a64 f   libvcruntime:winapi_downlevel.obj
 0001:00003acc       __vcrt_InitializeCriticalSectionEx 0000000180004acc f   libvcruntime:winapi_downlevel.obj
 0001:00003b44       __vcrt_initialize_winapi_thunks 0000000180004b44 f   libvcruntime:winapi_downlevel.obj
 0001:00003b90       __vcrt_uninitialize_winapi_thunks 0000000180004b90 f   libvcruntime:winapi_downlevel.obj
 0001:00003bd0       __vcrt_initialize_pure_virtual_call_handler 0000000180004bd0 f   libvcruntime:purevirt_data.obj
 0001:00003e24       __acrt_initialize_thread_local_exit_callback 0000000180004e24 f   libucrt:exit.obj
 0001:00003e2c       _cexit                     0000000180004e2c f   libucrt:exit.obj
 0001:00003e3c       _exit                      0000000180004e3c f   libucrt:exit.obj
 0001:00003e48       _is_c_termination_complete 0000000180004e48 f   libucrt:exit.obj
 0001:00003e50       exit                       0000000180004e50 f   libucrt:exit.obj
 0001:00003e5c       __acrt_initialize_stdio    0000000180004e5c f   libucrt:_file.obj
 0001:00003f7c       __acrt_iob_func            0000000180004f7c f   libucrt:_file.obj
 0001:00003f90       __acrt_uninitialize_stdio  0000000180004f90 f   libucrt:_file.obj
 0001:00003fec       _lock_file                 0000000180004fec f   libucrt:_file.obj
 0001:00003ff8       _unlock_file               0000000180004ff8 f   libucrt:_file.obj
 0001:00004004       ??$?RV<lambda_aa279a7bcb127014629d5b1d62c7325d>@@AEAV<lambda_0a64b6a4deda75c01876f29c44fc5eb3>@@V<lambda_3323e69fbefe9d1a11713e670d47cdfa>@@@?$__crt_seh_guarded_call@H@@QEAAH$$QEAV<lambda_aa279a7bcb127014629d5b1d62c7325d>@@AEAV<lambda_0a64b6a4deda75c01876f29c44fc5eb3>@@$$QEAV<lambda_3323e69fbefe9d1a11713e670d47cdfa>@@@Z 0000000180005004 f i libucrt:output.obj
 0001:00004044       ??$ensure_buffer_is_big_enough@D@formatting_buffer@__crt_stdio_output@@QEAA_N_K@Z 0000000180005044 f i libucrt:output.obj
 0001:000040f0       ??$is_wide_character_specifier@D@__crt_stdio_output@@YA_N_KDW4length_modifier@0@@Z 00000001800050f0 f i libucrt:output.obj
 0001:00004120       ??$type_case_integer_parse_into_buffer@I@?$output_processor@DV?$stream_output_adapter@D@__crt_stdio_output@@V?$standard_base@DV?$stream_output_adapter@D@__crt_stdio_output@@@2@@__crt_stdio_output@@AEAAXII_N@Z 0000000180005120 f i libucrt:output.obj
 0001:000041bc       ??$type_case_integer_parse_into_buffer@_K@?$output_processor@DV?$stream_output_adapter@D@__crt_stdio_output@@V?$standard_base@DV?$stream_output_adapter@D@__crt_stdio_output@@@2@@__crt_stdio_output@@AEAAX_KI_N@Z 00000001800051bc f i libucrt:output.obj
 0001:00004258       ??$write_multiple_characters@V?$stream_output_adapter@D@__crt_stdio_output@@D@__crt_stdio_output@@YAXAEBV?$stream_output_adapter@D@0@DHQEAH@Z 0000000180005258 f i libucrt:output.obj
 0001:000042dc       ??0?$output_processor@DV?$stream_output_adapter@D@__crt_stdio_output@@V?$standard_base@DV?$stream_output_adapter@D@__crt_stdio_output@@@2@@__crt_stdio_output@@QEAA@AEBV?$stream_output_adapter@D@1@_KQEBDQEAU__crt_locale_pointers@@QEAD@Z 00000001800052dc f i libucrt:output.obj
 0001:00004358       ??0_LocaleUpdate@@QEAA@QEAU__crt_locale_pointers@@@Z 0000000180005358 f i libucrt:output.obj
 0001:000044d8       ?force_decimal_point@__crt_stdio_output@@YAXPEADQEAU__crt_locale_pointers@@@Z 00000001800054d8 f i libucrt:output.obj
 0001:00004548       ?parse_int_from_format_string@?$output_processor@DV?$stream_output_adapter@D@__crt_stdio_output@@V?$standard_base@DV?$stream_output_adapter@D@__crt_stdio_output@@@2@@__crt_stdio_output@@AEAA_NQEAH@Z 0000000180005548 f i libucrt:output.obj
 0001:000045cc       ?process@?$output_processor@DV?$stream_output_adapter@D@__crt_stdio_output@@V?$standard_base@DV?$stream_output_adapter@D@__crt_stdio_output@@@2@@__crt_stdio_output@@QEAAHXZ 00000001800055cc f i libucrt:output.obj
 0001:000047dc       ?state_case_normal@?$output_processor@DV?$stream_output_adapter@D@__crt_stdio_output@@V?$standard_base@DV?$stream_output_adapter@D@__crt_stdio_output@@@2@@__crt_stdio_output@@AEAA_NXZ 00000001800057dc f i libucrt:output.obj
 0001:0000484c       ?state_case_normal_tchar@?$output_processor@DV?$stream_output_adapter@D@__crt_stdio_output@@V?$standard_base@DV?$stream_output_adapter@D@__crt_stdio_output@@@2@@__crt_stdio_output@@AEAA_ND@Z 000000018000584c f i libucrt:output.obj
 0001:000048e0       ?state_case_size@?$output_processor@DV?$stream_output_adapter@D@__crt_stdio_output@@V?$standard_base@DV?$stream_output_adapter@D@__crt_stdio_output@@@2@@__crt_stdio_output@@AEAA_NXZ 00000001800058e0 f i libucrt:output.obj
 0001:00004a5c       ?state_case_type@?$output_processor@DV?$stream_output_adapter@D@__crt_stdio_output@@V?$standard_base@DV?$stream_output_adapter@D@__crt_stdio_output@@@2@@__crt_stdio_output@@AEAA_NXZ 0000000180005a5c f i libucrt:output.obj
 0001:00004cd8       ?type_case_Z@?$output_processor@DV?$stream_output_adapter@D@__crt_stdio_output@@V?$standard_base@DV?$stream_output_adapter@D@__crt_stdio_output@@@2@@__crt_stdio_output@@AEAA_NXZ 0000000180005cd8 f i libucrt:output.obj
 0001:00004d58       ?type_case_a@?$output_processor@DV?$stream_output_adapter@D@__crt_stdio_output@@V?$standard_base@DV?$stream_output_adapter@D@__crt_stdio_output@@@2@@__crt_stdio_output@@AEAA_NXZ 0000000180005d58 f i libucrt:output.obj
 0001:00004f74       ?type_case_c_tchar@?$output_processor@DV?$stream_output_adapter@D@__crt_stdio_output@@V?$standard_base@DV?$stream_output_adapter@D@__crt_stdio_output@@@2@@__crt_stdio_output@@AEAA_ND@Z 0000000180005f74 f i libucrt:output.obj
 0001:00005028       ?type_case_integer@?$output_processor@DV?$stream_output_adapter@D@__crt_stdio_output@@V?$standard_base@DV?$stream_output_adapter@D@__crt_stdio_output@@@2@@__crt_stdio_output@@AEAA_NI_N@Z 0000000180006028 f i libucrt:output.obj
 0001:000051c8       ?type_case_n@?$output_processor@DV?$stream_output_adapter@D@__crt_stdio_output@@V?$standard_base@DV?$stream_output_adapter@D@__crt_stdio_output@@@2@@__crt_stdio_output@@AEAA_NXZ 00000001800061c8 f i libucrt:output.obj
 0001:000052a4       ?type_case_s@?$output_processor@DV?$stream_output_adapter@D@__crt_stdio_output@@V?$standard_base@DV?$stream_output_adapter@D@__crt_stdio_output@@@2@@__crt_stdio_output@@AEAA_NXZ 00000001800062a4 f i libucrt:output.obj
 0001:00005334       ?validate_stream_is_ansi_if_required@?$__acrt_stdio_char_traits@D@@SA_NQEAU_iobuf@@@Z 0000000180006334 f i libucrt:output.obj
 0001:000053c0       ?write_stored_string_tchar@?$output_processor@DV?$stream_output_adapter@D@__crt_stdio_output@@V?$standard_base@DV?$stream_output_adapter@D@__crt_stdio_output@@@2@@__crt_stdio_output@@AEAA_ND@Z 00000001800063c0 f i libucrt:output.obj
 0001:00005498       ?write_string@?$stream_output_adapter@D@__crt_stdio_output@@QEBAXQEBDHQEAH1@Z 0000000180006498 f i libucrt:output.obj
 0001:00005590       __stdio_common_vfprintf    0000000180006590 f   libucrt:output.obj
 0001:0000561c       free                       000000018000661c f   libucrt:free.obj
 0001:00005624       __acrt_call_reportfault    0000000180006624 f   libucrt:invalid_parameter.obj
 0001:00005780       __acrt_initialize_invalid_parameter_handler 0000000180006780 f   libucrt:invalid_parameter.obj
 0001:00005788       _invalid_parameter         0000000180006788 f   libucrt:invalid_parameter.obj
 0001:00005830       _invalid_parameter_noinfo  0000000180006830 f   libucrt:invalid_parameter.obj
 0001:00005850       _invalid_parameter_noinfo_noreturn 0000000180006850 f   libucrt:invalid_parameter.obj
 0001:00005880       _invoke_watson             0000000180006880 f   libucrt:invalid_parameter.obj
 0001:000058c8       malloc                     00000001800068c8 f   libucrt:malloc.obj
 0001:000058d0       __ascii_stricmp            00000001800068d0 f   libucrt:stricmp.obj
 0001:0000590c       _stricmp                   000000018000690c f   libucrt:stricmp.obj
 0001:00005954       _stricmp_l                 0000000180006954 f   libucrt:stricmp.obj
 0001:00005a08       __acrt_initialize_new_handler 0000000180006a08 f   libucrt:new_handler.obj
 0001:00005a10       _callnewh                  0000000180006a10 f   libucrt:new_handler.obj
 0001:00005a50       _query_new_handler         0000000180006a50 f   libucrt:new_handler.obj
 0001:00005a84       _initterm                  0000000180006a84 f   libucrt:initterm.obj
 0001:00005afc       _initterm_e                0000000180006afc f   libucrt:initterm.obj
 0001:00005b48       _seh_filter_dll            0000000180006b48 f   libucrt:exception_filter.obj
 0001:00005b5c       _seh_filter_exe            0000000180006b5c f   libucrt:exception_filter.obj
 0001:00005ea8       __acrt_allocate_buffer_for_argv 0000000180006ea8 f   libucrt:argv_parsing.obj
 0001:00005f0c       _configure_narrow_argv     0000000180006f0c f   libucrt:argv_parsing.obj
 0001:00006268       __dcrt_uninitialize_environments_nolock 0000000180007268 f   libucrt:environment_initialization.obj
 0001:000062a0       _initialize_narrow_environment 00000001800072a0 f   libucrt:environment_initialization.obj
 0001:000062a8       ??$?RV<lambda_b8c45f8f788dd370798f47cfe8ac3a86>@@AEAV<lambda_4e60a939b0d047cfe11ddc22648dfba9>@@V<lambda_332c3edc96d0294ec56c57d38c1cdfd5>@@@?$__crt_seh_guarded_call@H@@QEAAH$$QEAV<lambda_b8c45f8f788dd370798f47cfe8ac3a86>@@AEAV<lambda_4e60a939b0d047cfe11ddc22648dfba9>@@$$QEAV<lambda_332c3edc96d0294ec56c57d38c1cdfd5>@@@Z 00000001800072a8 f i libucrt:onexit.obj
 0001:000062e4       ??$?RV<lambda_e24bbb7b643b32fcea6fa61b31d4c984>@@AEAV<lambda_275893d493268fdec8709772e3fcec0e>@@V<lambda_9d71df4d7cf3f480f8d633942495c3b0>@@@?$__crt_seh_guarded_call@H@@QEAAH$$QEAV<lambda_e24bbb7b643b32fcea6fa61b31d4c984>@@AEAV<lambda_275893d493268fdec8709772e3fcec0e>@@$$QEAV<lambda_9d71df4d7cf3f480f8d633942495c3b0>@@@Z 00000001800072e4 f i libucrt:onexit.obj
 0001:00006660       _crt_atexit                0000000180007660 f   libucrt:onexit.obj
 0001:00006670       _execute_onexit_table      0000000180007670 f   libucrt:onexit.obj
 0001:000066ac       _initialize_onexit_table   00000001800076ac f   libucrt:onexit.obj
 0001:000066ec       _register_onexit_function  00000001800076ec f   libucrt:onexit.obj
 0001:0000677c       __acrt_uninitialize_command_line 000000018000777c f   libucrt:argv_data.obj
 0001:0000686c       __acrt_initialize          000000018000786c f   libucrt:initialization.obj
 0001:00006880       __acrt_thread_attach       0000000180007880 f   libucrt:initialization.obj
 0001:00006894       __acrt_thread_detach       0000000180007894 f   libucrt:initialization.obj
 0001:000068a4       __acrt_uninitialize        00000001800078a4 f   libucrt:initialization.obj
 0001:000068b8       __acrt_uninitialize_critical 00000001800078b8 f   libucrt:initialization.obj
 0001:000068c8       terminate                  00000001800078c8 f   libucrt:terminate.obj
 0001:000068f0       strcpy_s                   00000001800078f0 f   libucrt:strcpy_s.obj
 0001:00006950       _free_base                 0000000180007950 f   libucrt:free_base.obj
 0001:00006990       _malloc_base               0000000180007990 f   libucrt:malloc_base.obj
 0001:000069f0       abort                      00000001800079f0 f   libucrt:abort.obj
 0001:00006a48       _calloc_base               0000000180007a48 f   libucrt:calloc_base.obj
 0001:00006ac0       ??$is_overflow_condition@K@__crt_strtox@@YA_NIK@Z 0000000180007ac0 f i libucrt:atox.obj
 0001:00006aec       ??$parse_integer@KV?$c_string_character_source@D@__crt_strtox@@@__crt_strtox@@YAKQEAU__crt_locale_pointers@@V?$c_string_character_source@D@0@H_N@Z 0000000180007aec f i libucrt:atox.obj
 0001:00006e00       __acrt_initialize_locks    0000000180007e00 f   libucrt:locks.obj
 0001:00006e48       __acrt_lock                0000000180007e48 f   libucrt:locks.obj
 0001:00006e64       __acrt_uninitialize_locks  0000000180007e64 f   libucrt:locks.obj
 0001:00006e9c       __acrt_unlock              0000000180007e9c f   libucrt:locks.obj
 0001:00007058       __acrt_FlsAlloc            0000000180008058 f   libucrt:winapi_thunks.obj
 0001:000070b0       __acrt_FlsFree             00000001800080b0 f   libucrt:winapi_thunks.obj
 0001:00007108       __acrt_FlsGetValue         0000000180008108 f   libucrt:winapi_thunks.obj
 0001:00007160       __acrt_FlsSetValue         0000000180008160 f   libucrt:winapi_thunks.obj
 0001:000071c8       __acrt_InitializeCriticalSectionEx 00000001800081c8 f   libucrt:winapi_thunks.obj
 0001:00007240       __acrt_LCMapStringEx       0000000180008240 f   libucrt:winapi_thunks.obj
 0001:00007330       __acrt_LocaleNameToLCID    0000000180008330 f   libucrt:winapi_thunks.obj
 0001:00007398       __acrt_initialize_winapi_thunks 0000000180008398 f   libucrt:winapi_thunks.obj
 0001:000073d0       __acrt_is_packaged_app     00000001800083d0 f   libucrt:winapi_thunks.obj
 0001:00007458       __acrt_uninitialize_winapi_thunks 0000000180008458 f   libucrt:winapi_thunks.obj
 0001:0000749c       __acrt_errno_from_os_error 000000018000849c f   libucrt:errno.obj
 0001:000074e4       __acrt_errno_map_os_error  00000001800084e4 f   libucrt:errno.obj
 0001:00007534       __doserrno                 0000000180008534 f   libucrt:errno.obj
 0001:00007554       _errno                     0000000180008554 f   libucrt:errno.obj
 0001:00007574       _fcloseall                 0000000180008574 f   libucrt:closeall.obj
 0001:00007628       __acrt_stdio_flush_nolock  0000000180008628 f   libucrt:fflush.obj
 0001:000076a0       _fflush_nolock             00000001800086a0 f   libucrt:fflush.obj
 0001:000076ec       _flushall                  00000001800086ec f   libucrt:fflush.obj
 0001:000077dc       __acrt_stdio_free_buffer_nolock 00000001800087dc f   libucrt:_freebuf.obj
 0001:00007a04       __acrt_initialize_lowio    0000000180008a04 f   libucrt:ioinit.obj
 0001:00007a40       __acrt_uninitialize_lowio  0000000180008a40 f   libucrt:ioinit.obj
 0001:00007a80       isdigit                    0000000180008a80 f i libucrt:_ctype.obj
 0001:00007b44       _tolower_l                 0000000180008b44 f   libucrt:tolower_toupper.obj
 0001:00007c84       tolower                    0000000180008c84 f   libucrt:tolower_toupper.obj
 0001:00007cb0       ??$make_c_string_character_source@DPEAPEAD@__crt_strtox@@YA?AV?$c_string_character_source@D@0@QEBDQEAPEAD@Z 0000000180008cb0 f i libucrt:strtox.obj
 0001:00007cc4       strtol                     0000000180008cc4 f   libucrt:strtox.obj
 0001:00007cf4       _mbtowc_l                  0000000180008cf4 f   libucrt:mbtowc.obj
 0001:00007e3c       mbtowc                     0000000180008e3c f   libucrt:mbtowc.obj
 0001:00007e44       _wctomb_s_l                0000000180008e44 f   libucrt:wctomb.obj
 0001:00007fc8       wctomb_s                   0000000180008fc8 f   libucrt:wctomb.obj
 0001:00007fdc       strnlen                    0000000180008fdc f   libucrt:strnlen.obj
 0001:00008138       wcsnlen                    0000000180009138 f   libucrt:strnlen.obj
 0001:00008328       ??$?RV<lambda_46352004c1216016012b18bd6f87e700>@@AEAV<lambda_3bd07e1a1191394380780325891bf33f>@@V<lambda_334532d3f185bcaa59b5be82d7d22bff>@@@?$__crt_seh_guarded_call@X@@QEAAX$$QEAV<lambda_46352004c1216016012b18bd6f87e700>@@AEAV<lambda_3bd07e1a1191394380780325891bf33f>@@$$QEAV<lambda_334532d3f185bcaa59b5be82d7d22bff>@@@Z 0000000180009328 f i libucrt:per_thread_data.obj
 0001:00008388       ??$?RV<lambda_5e887d1dcbef67a5eb4283622ba103bf>@@AEAV<lambda_4466841279450cc726390878d4a41900>@@V<lambda_341c25c0346d94847f1f3c463c57e077>@@@?$__crt_seh_guarded_call@X@@QEAAX$$QEAV<lambda_5e887d1dcbef67a5eb4283622ba103bf>@@AEAV<lambda_4466841279450cc726390878d4a41900>@@$$QEAV<lambda_341c25c0346d94847f1f3c463c57e077>@@@Z 0000000180009388 f i libucrt:per_thread_data.obj
 0001:000083d0       ??$?RV<lambda_72d1df2b273a38828b1ce30cbf4cdab5>@@AEAV<lambda_876a65b173b8412d3a47c70a915b0cf4>@@V<lambda_41932305e351933ebe8f8be3ed8bb5dc>@@@?$__crt_seh_guarded_call@X@@QEAAX$$QEAV<lambda_72d1df2b273a38828b1ce30cbf4cdab5>@@AEAV<lambda_876a65b173b8412d3a47c70a915b0cf4>@@$$QEAV<lambda_41932305e351933ebe8f8be3ed8bb5dc>@@@Z 00000001800093d0 f i libucrt:per_thread_data.obj
 0001:00008410       ??$?RV<lambda_fb3a7dec4e47f37f22dae91bb15c9095>@@AEAV<lambda_698284760c8add0bfb0756c19673e34b>@@V<lambda_dfb8eca1e75fef3034a8fb18dd509707>@@@?$__crt_seh_guarded_call@X@@QEAAX$$QEAV<lambda_fb3a7dec4e47f37f22dae91bb15c9095>@@AEAV<lambda_698284760c8add0bfb0756c19673e34b>@@$$QEAV<lambda_dfb8eca1e75fef3034a8fb18dd509707>@@@Z 0000000180009410 f i libucrt:per_thread_data.obj
 0001:000086a0       __acrt_freeptd             00000001800096a0 f   libucrt:per_thread_data.obj
 0001:000086e4       __acrt_getptd              00000001800096e4 f   libucrt:per_thread_data.obj
 0001:00008778       __acrt_getptd_noexit       0000000180009778 f   libucrt:per_thread_data.obj
 0001:00008818       __acrt_initialize_ptd      0000000180009818 f   libucrt:per_thread_data.obj
 0001:00008854       __acrt_uninitialize_ptd    0000000180009854 f   libucrt:per_thread_data.obj
 0001:00008878       __acrt_update_locale_info  0000000180009878 f   libucrt:locale_update.obj
 0001:000088ac       __acrt_update_multibyte_info 00000001800098ac f   libucrt:locale_update.obj
 0001:000088e0       ?__acrt_fp_classify@@YA?AW4__acrt_fp_class@@AEBN@Z 00000001800098e0 f i libucrt:cvt.obj
 0001:00009318       __acrt_fp_format           000000018000a318 f   libucrt:cvt.obj
 0001:0000955c       _fileno                    000000018000a55c f   libucrt:fileno.obj
 0001:00009584       _fputc_nolock              000000018000a584 f   libucrt:fputc.obj
 0001:0000959c       _get_printf_count_output   000000018000a59c f   libucrt:printf_count_output.obj
 0001:000095b4       __acrt_stdio_begin_temporary_buffering_nolock 000000018000a5b4 f   libucrt:_sftbuf.obj
 0001:00009684       __acrt_stdio_end_temporary_buffering_nolock 000000018000a684 f   libucrt:_sftbuf.obj
 0001:000096c0       __acrt_set_locale_changed  000000018000a6c0 f   libucrt:wsetlocale.obj
 0001:000096cc       __acrt_uninitialize_locale 000000018000a6cc f   libucrt:wsetlocale.obj
 0001:00009bf0       ?expand_if_necessary@?$argument_list@D@?A0xca0879c4@@AEAAHXZ 000000018000abf0 f i libucrt:argv_wildcards.obj
 0001:00009cb8       __acrt_expand_narrow_argv_wildcards 000000018000acb8 f   libucrt:argv_wildcards.obj
 0001:00009cc0       ??$?RV<lambda_99476a1ad63dd22509b5d3e65b0ffc95>@@AEAV<lambda_ad1ced32f4ac17aa236e5ef05d6b3b7c>@@V<lambda_f7424dd8d45958661754dc4f2697e9c3>@@@?$__crt_seh_guarded_call@X@@QEAAX$$QEAV<lambda_99476a1ad63dd22509b5d3e65b0ffc95>@@AEAV<lambda_ad1ced32f4ac17aa236e5ef05d6b3b7c>@@$$QEAV<lambda_f7424dd8d45958661754dc4f2697e9c3>@@@Z 000000018000acc0 f i libucrt:mbctype.obj
 0001:0000a3bc       __acrt_initialize_multibyte 000000018000b3bc f   libucrt:mbctype.obj
 0001:0000a3e4       __acrt_update_thread_multibyte_data 000000018000b3e4 f   libucrt:mbctype.obj
 0001:0000a4a4       _setmbcp_nolock            000000018000b4a4 f   libucrt:mbctype.obj
 0001:0000a7c4       _ismbblead                 000000018000b7c4 f   libucrt:ismbbyte.obj
 0001:0000a7d8       __acrt_initialize_command_line 000000018000b7d8 f   libucrt:argv_data.obj
 0001:0000a800       __dcrt_get_narrow_environment_from_os 000000018000b800 f   libucrt:get_environment_from_os.obj
 0001:0000a904       _recalloc                  000000018000b904 f   libucrt:recalloc.obj
 0001:0000a90c       _recalloc_base             000000018000b90c f   libucrt:recalloc.obj
 0001:0000a9a4       __acrt_initialize_heap     000000018000b9a4 f   libucrt:heap_handle.obj
 0001:0000a9c0       __acrt_uninitialize_heap   000000018000b9c0 f   libucrt:heap_handle.obj
 0001:0000a9cc       __acrt_execute_initializers 000000018000b9cc f   libucrt:shared_initialization.obj
 0001:0000aa60       __acrt_execute_uninitializers 000000018000ba60 f   libucrt:shared_initialization.obj
 0001:0000aab0       ??$?RV<lambda_c36588078e9f5dfd39652860aa6b3aaf>@@AEAV<lambda_ec61778202f4f5fc7e7711acc23c3bca>@@V<lambda_dc9d2797ccde5d239b4a0efae8ebd7db>@@@?$__crt_seh_guarded_call@P6AXH@Z@@QEAAP6AXH@Z$$QEAV<lambda_c36588078e9f5dfd39652860aa6b3aaf>@@AEAV<lambda_ec61778202f4f5fc7e7711acc23c3bca>@@$$QEAV<lambda_dc9d2797ccde5d239b4a0efae8ebd7db>@@@Z 000000018000bab0 f i libucrt:signal.obj
 0001:0000aaf8       __acrt_get_sigabrt_handler 000000018000baf8 f   libucrt:signal.obj
 0001:0000ab28       __acrt_initialize_signal_handlers 000000018000bb28 f   libucrt:signal.obj
 0001:0000ab48       raise                      000000018000bb48 f   libucrt:signal.obj
 0001:0000ade4       __acrt_has_user_matherr    000000018000bde4 f   libucrt:matherr.obj
 0001:0000ae04       __acrt_initialize_user_matherr 000000018000be04 f   libucrt:matherr.obj
 0001:0000ae0c       __acrt_invoke_user_matherr 000000018000be0c f   libucrt:matherr.obj
 0001:0000ae54       _query_new_mode            000000018000be54 f   libucrt:new_mode.obj
 0001:0000ae5c       __pctype_func              000000018000be5c f   libucrt:ctype.obj
 0001:0000ae8c       _isctype_l                 000000018000be8c f   libucrt:isctype.obj
 0001:0000b064       __acrt_DownlevelLocaleNameToLCID 000000018000c064 f   libucrt:lcidtoname_downlevel.obj
 0001:0000b098       _fclose_nolock             000000018000c098 f   libucrt:fclose.obj
 0001:0000b11c       fclose                     000000018000c11c f   libucrt:fclose.obj
 0001:0000b188       ??$?RV<lambda_b521505b218e5242e90febf6bfebc422>@@AEAV<lambda_6978c1fb23f02e42e1d9e99668cc68aa>@@V<lambda_314360699dd331753a4119843814e9a7>@@@?$__crt_seh_guarded_call@H@@QEAAH$$QEAV<lambda_b521505b218e5242e90febf6bfebc422>@@AEAV<lambda_6978c1fb23f02e42e1d9e99668cc68aa>@@$$QEAV<lambda_314360699dd331753a4119843814e9a7>@@@Z 000000018000c188 f i libucrt:commit.obj
 0001:0000b214       _commit                    000000018000c214 f   libucrt:commit.obj
 0001:0000b848       _write                     000000018000c848 f   libucrt:write.obj
 0001:0000b934       _write_nolock              000000018000c934 f   libucrt:write.obj
 0001:0000bc18       __acrt_lowio_create_handle_array 000000018000cc18 f   libucrt:osfinfo.obj
 0001:0000bcb0       __acrt_lowio_destroy_handle_array 000000018000ccb0 f   libucrt:osfinfo.obj
 0001:0000bd00       __acrt_lowio_ensure_fh_exists 000000018000cd00 f   libucrt:osfinfo.obj
 0001:0000bdb8       __acrt_lowio_lock_fh       000000018000cdb8 f   libucrt:osfinfo.obj
 0001:0000bddc       __acrt_lowio_unlock_fh     000000018000cddc f   libucrt:osfinfo.obj
 0001:0000be00       _free_osfhnd               000000018000ce00 f   libucrt:osfinfo.obj
 0001:0000bebc       _get_osfhandle             000000018000cebc f   libucrt:osfinfo.obj
 0001:0000bf34       _isleadbyte_l              000000018000cf34 f i libucrt:_wctype.obj
 0001:0000c2d0       __acrt_LCMapStringA        000000018000d2d0 f   libucrt:lcmapstringa.obj
 0001:0000c368       __acrt_add_locale_ref      000000018000d368 f   libucrt:locale_refcounting.obj
 0001:0000c3f4       __acrt_free_locale         000000018000d3f4 f   libucrt:locale_refcounting.obj
 0001:0000c56c       __acrt_locale_add_lc_time_reference 000000018000d56c f   libucrt:locale_refcounting.obj
 0001:0000c594       __acrt_locale_free_lc_time_if_unreferenced 000000018000d594 f   libucrt:locale_refcounting.obj
 0001:0000c5cc       __acrt_locale_release_lc_time_reference 000000018000d5cc f   libucrt:locale_refcounting.obj
 0001:0000c5f4       __acrt_release_locale_ref  000000018000d5f4 f   libucrt:locale_refcounting.obj
 0001:0000c69c       __acrt_update_thread_locale_data 000000018000d69c f   libucrt:locale_refcounting.obj
 0001:0000c70c       _updatetlocinfoEx_nolock   000000018000d70c f   libucrt:locale_refcounting.obj
 0001:0000c774       __acrt_fp_strflt_to_string 000000018000d774 f   libucrt:_fptostr.obj
 0001:0000c840       ?divide@__crt_strtox@@YA_KAEAUbig_integer@1@AEBU21@@Z 000000018000d840 f i libucrt:cfout.obj
 0001:0000cd10       __acrt_fltout              000000018000dd10 f   libucrt:cfout.obj
 0001:0000e208       __acrt_stdio_flush_and_write_narrow_nolock 000000018000f208 f   libucrt:_flsbuf.obj
 0001:0000e2f0       _isatty                    000000018000f2f0 f   libucrt:isatty.obj
 0001:0000e350       __acrt_locale_free_monetary 000000018000f350 f   libucrt:initmon.obj
 0001:0000e45c       __acrt_locale_free_numeric 000000018000f45c f   libucrt:initnum.obj
 0001:0000e520       __acrt_locale_free_time    000000018000f520 f   libucrt:inittime.obj
 0001:0000e628       __acrt_GetStringTypeA      000000018000f628 f   libucrt:getstringtypea.obj
 0001:0000e8b0       qsort                      000000018000f8b0 f   libucrt:qsort.obj
 0001:0000ebe4       strncpy_s                  000000018000fbe4 f   libucrt:strncpy_s.obj
 0001:0000ecb8       strpbrk                    000000018000fcb8 f   libucrt:strpbrk.obj
 0001:0000ed58       _mbsdec                    000000018000fd58 f   libucrt:mbsdec.obj
 0001:0000ed60       _mbsdec_l                  000000018000fd60 f   libucrt:mbsdec.obj
 0001:0000ee10       _msize                     000000018000fe10 f   libucrt:msize.obj
 0001:0000ee4c       _realloc_base              000000018000fe4c f   libucrt:realloc_base.obj
 0001:0000eed0       ??$?RV<lambda_bfedae4ebbf01fab1bb6dcc6a9e276e0>@@AEAV<lambda_2fe9b910cf3cbf4a0ab98a02ba45b3ec>@@V<lambda_237c231691f317818eb88cc1d5d642d6>@@@?$__crt_seh_guarded_call@H@@QEAAH$$QEAV<lambda_bfedae4ebbf01fab1bb6dcc6a9e276e0>@@AEAV<lambda_2fe9b910cf3cbf4a0ab98a02ba45b3ec>@@$$QEAV<lambda_237c231691f317818eb88cc1d5d642d6>@@@Z 000000018000fed0 f i libucrt:close.obj
 0001:0000ef44       _close                     000000018000ff44 f   libucrt:close.obj
 0001:0000efe8       _close_nolock              000000018000ffe8 f   libucrt:close.obj
 0001:0000f0a4       ?__acrt_stdio_free_stream@@YAXV__crt_stdio_stream@@@Z 00000001800100a4 f   libucrt:stream.obj
 0001:0000f274       _lseeki64                  0000000180010274 f   libucrt:lseek.obj
 0001:0000f27c       _lseeki64_nolock           000000018001027c f   libucrt:lseek.obj
 0001:0000f284       _putwch_nolock             0000000180010284 f   libucrt:putwch.obj
 0001:0000f2e0       _query_app_type            00000001800102e0 f   libucrt:report_runtime_error.obj
 0001:0000f2e8       __strncnt                  00000001800102e8 f   libucrt:strncnt.obj
 0001:0000f300       fegetenv                   0000000180010300 f   libucrt:fegetenv.obj
 0001:0000f320       fesetenv                   0000000180010320 f   libucrt:fesetenv.obj
 0001:0000f36c       feholdexcept               000000018001036c f   libucrt:feholdexcept.obj
 0001:0000f3bc       ceil                       00000001800103bc f   libucrt:ceil.obj
 0001:0000f480       log10                      0000000180010480 f   libucrt:log10.obj
 0001:0000fa2c       __acrt_stdio_allocate_buffer_nolock 0000000180010a2c f   libucrt:_getbuf.obj
 0001:0000fa90       __dcrt_lowio_initialize_console_output 0000000180010a90 f   libucrt:initcon.obj
 0001:0000facc       __dcrt_terminate_console_output 0000000180010acc f   libucrt:initcon.obj
 0001:0000faec       _getfpcontrolword          0000000180010aec f   libucrt:_fenvutils.obj
 0001:0000fb04       _getfpstatusword           0000000180010b04 f   libucrt:_fenvutils.obj
 0001:0000fb18       _setfpcontrolword          0000000180010b18 f   libucrt:_fenvutils.obj
 0001:0000fb24       _setfpstatusword           0000000180010b24 f   libucrt:_fenvutils.obj
 0001:0000fb74       _clearfp                   0000000180010b74 f   libucrt:ieee.obj
 0001:0000fbc8       _controlfp                 0000000180010bc8 f   libucrt:ieee.obj
 0001:0000fbd4       _statusfp                  0000000180010bd4 f   libucrt:ieee.obj
 0001:0000ffd8       _handle_error              0000000180010fd8 f   libucrt:libm_error.obj
 0001:00010100       _handle_nan                0000000180011100 f   libucrt:libm_error.obj
 0001:00010120       __acrt_initialize_fma3     0000000180011120 f   libucrt:fma3_available.obj
 0001:00010190       _log10_special             0000000180011190 f   libucrt:log_special.obj
 0001:00010260       _get_fpsr                  0000000180011260 f   libucrt:fpsr.obj
 0001:00010270       _set_fpsr                  0000000180011270 f   libucrt:fpsr.obj
 0001:0001027a       _fclrf                     000000018001127a f   libucrt:fpsr.obj
 0001:0001028e       _frnd                      000000018001128e f   libucrt:fpsr.obj
 0001:000102b0       _raise_exc                 00000001800112b0 f   libucrt:fpexcept.obj
 0001:000102d8       _raise_exc_ex              00000001800112d8 f   libucrt:fpexcept.obj
 0001:000105e0       _set_errno_from_matherr    00000001800115e0 f   libucrt:fpexcept.obj
 0001:00010610       _clrfp                     0000000180011610 f   libucrt:fpctrl.obj
 0001:00010630       _ctrlfp                    0000000180011630 f   libucrt:fpctrl.obj
 0001:000106ac       _set_statfp                00000001800116ac f   libucrt:fpctrl.obj
 0001:000106cc       _statfp                    00000001800116cc f   libucrt:fpctrl.obj
 0001:000106de       IsProcessorFeaturePresent  00000001800116de f   kernel32:KERNEL32.dll
 0001:000106e4       RtlUnwindEx                00000001800116e4 f   kernel32:KERNEL32.dll
 0001:000106ec       ?DloadAcquireSectionWriteAccess@@YAXXZ 00000001800116ec f i DelayImp:delayhlp.obj
 0001:000107a8       ?DloadGetSRWLockFunctionPointers@@YAEXZ 00000001800117a8 f i DelayImp:delayhlp.obj
 0001:00010844       ?DloadMakePermanentImageCommit@@YAXPEAX_K@Z 0000000180011844 f i DelayImp:delayhlp.obj
 0001:000108dc       ?DloadObtainSection@@YAPEAXPEAK0@Z 00000001800118dc f i DelayImp:delayhlp.obj
 0001:00010974       ?DloadProtectSection@@YAXKPEAK@Z 0000000180011974 f i DelayImp:delayhlp.obj
 0001:00010a04       ?DloadReleaseSectionWriteAccess@@YAXXZ 0000000180011a04 f i DelayImp:delayhlp.obj
 0001:00010aa8       __delayLoadHelper2         0000000180011aa8 f   DelayImp:delayhlp.obj
 0001:00010db0       _FindPESection             0000000180011db0 f   LIBCMT:pesect.obj
 0001:00010e00       _IsNonwritableInCurrentImage 0000000180011e00 f   LIBCMT:pesect.obj
 0001:00010e50       _ValidateImageBase         0000000180011e50 f   LIBCMT:pesect.obj
 0001:00010e80       __GSHandlerCheck           0000000180011e80 f   LIBCMT:_gshandler_.obj
 0001:00010ea0       __GSHandlerCheckCommon     0000000180011ea0 f   LIBCMT:_gshandler_.obj
 0001:00010f10       _alloca_probe              0000000180011f10 f   LIBCMT:_chkstk_.obj
 0001:00010f10       __chkstk                   0000000180011f10 f   LIBCMT:_chkstk_.obj
 0001:00010f64       strrchr                    0000000180011f64 f   libvcruntime:strrchr.obj
 0001:000110c0       memcmp                     00000001800120c0 f   libvcruntime:memcmp.obj
 0001:000111a0       _guard_dispatch_icall_nop  00000001800121a0 f   LIBCMT:_guard_dispatch_.obj
 0002:00000000       __imp_Sleep                0000000180013000     kernel32:KERNEL32.dll
 0002:00000008       __imp_GetModuleHandleA     0000000180013008     kernel32:KERNEL32.dll
 0002:00000010       __imp_VirtualQuery         0000000180013010     kernel32:KERNEL32.dll
 0002:00000018       __imp_VirtualProtect       0000000180013018     kernel32:KERNEL32.dll
 0002:00000020       __imp_GetSystemInfo        0000000180013020     kernel32:KERNEL32.dll
 0002:00000028       __imp_CreateFileW          0000000180013028     kernel32:KERNEL32.dll
 0002:00000030       __imp_WriteConsoleW        0000000180013030     kernel32:KERNEL32.dll
 0002:00000038       __imp_SetFilePointerEx     0000000180013038     kernel32:KERNEL32.dll
 0002:00000040       __imp_CloseHandle          0000000180013040     kernel32:KERNEL32.dll
 0002:00000048       __imp_HeapReAlloc          0000000180013048     kernel32:KERNEL32.dll
 0002:00000050       __imp_HeapSize             0000000180013050     kernel32:KERNEL32.dll
 0002:00000058       __imp_SetStdHandle         0000000180013058     kernel32:KERNEL32.dll
 0002:00000060       __imp_GetConsoleMode       0000000180013060     kernel32:KERNEL32.dll
 0002:00000068       __imp_GetConsoleCP         0000000180013068     kernel32:KERNEL32.dll
 0002:00000070       __imp_RtlCaptureContext    0000000180013070     kernel32:KERNEL32.dll
 0002:00000078       __imp_RtlLookupFunctionEntry 0000000180013078     kernel32:KERNEL32.dll
 0002:00000080       __imp_RtlVirtualUnwind     0000000180013080     kernel32:KERNEL32.dll
 0002:00000088       __imp_UnhandledExceptionFilter 0000000180013088     kernel32:KERNEL32.dll
 0002:00000090       __imp_SetUnhandledExceptionFilter 0000000180013090     kernel32:KERNEL32.dll
 0002:00000098       __imp_GetCurrentProcess    0000000180013098     kernel32:KERNEL32.dll
 0002:000000a0       __imp_TerminateProcess     00000001800130a0     kernel32:KERNEL32.dll
 0002:000000a8       __imp_IsProcessorFeaturePresent 00000001800130a8     kernel32:KERNEL32.dll
 0002:000000b0       __imp_QueryPerformanceCounter 00000001800130b0     kernel32:KERNEL32.dll
 0002:000000b8       __imp_GetCurrentProcessId  00000001800130b8     kernel32:KERNEL32.dll
 0002:000000c0       __imp_GetCurrentThreadId   00000001800130c0     kernel32:KERNEL32.dll
 0002:000000c8       __imp_GetSystemTimeAsFileTime 00000001800130c8     kernel32:KERNEL32.dll
 0002:000000d0       __imp_InitializeSListHead  00000001800130d0     kernel32:KERNEL32.dll
 0002:000000d8       __imp_IsDebuggerPresent    00000001800130d8     kernel32:KERNEL32.dll
 0002:000000e0       __imp_GetStartupInfoW      00000001800130e0     kernel32:KERNEL32.dll
 0002:000000e8       __imp_GetModuleHandleW     00000001800130e8     kernel32:KERNEL32.dll
 0002:000000f0       __imp_RtlPcToFileHeader    00000001800130f0     kernel32:KERNEL32.dll
 0002:000000f8       __imp_RaiseException       00000001800130f8     kernel32:KERNEL32.dll
 0002:00000100       __imp_RtlUnwindEx          0000000180013100     kernel32:KERNEL32.dll
 0002:00000108       __imp_InterlockedFlushSList 0000000180013108     kernel32:KERNEL32.dll
 0002:00000110       __imp_GetLastError         0000000180013110     kernel32:KERNEL32.dll
 0002:00000118       __imp_SetLastError         0000000180013118     kernel32:KERNEL32.dll
 0002:00000120       __imp_EnterCriticalSection 0000000180013120     kernel32:KERNEL32.dll
 0002:00000128       __imp_LeaveCriticalSection 0000000180013128     kernel32:KERNEL32.dll
 0002:00000130       __imp_DeleteCriticalSection 0000000180013130     kernel32:KERNEL32.dll
 0002:00000138       __imp_InitializeCriticalSectionAndSpinCount 0000000180013138     kernel32:KERNEL32.dll
 0002:00000140       __imp_TlsAlloc             0000000180013140     kernel32:KERNEL32.dll
 0002:00000148       __imp_TlsGetValue          0000000180013148     kernel32:KERNEL32.dll
 0002:00000150       __imp_TlsSetValue          0000000180013150     kernel32:KERNEL32.dll
 0002:00000158       __imp_TlsFree              0000000180013158     kernel32:KERNEL32.dll
 0002:00000160       __imp_FreeLibrary          0000000180013160     kernel32:KERNEL32.dll
 0002:00000168       __imp_GetProcAddress       0000000180013168     kernel32:KERNEL32.dll
 0002:00000170       __imp_LoadLibraryExW       0000000180013170     kernel32:KERNEL32.dll
 0002:00000178       __imp_ExitProcess          0000000180013178     kernel32:KERNEL32.dll
 0002:00000180       __imp_GetModuleHandleExW   0000000180013180     kernel32:KERNEL32.dll
 0002:00000188       __imp_GetModuleFileNameA   0000000180013188     kernel32:KERNEL32.dll
 0002:00000190       __imp_MultiByteToWideChar  0000000180013190     kernel32:KERNEL32.dll
 0002:00000198       __imp_WideCharToMultiByte  0000000180013198     kernel32:KERNEL32.dll
 0002:000001a0       __imp_HeapFree             00000001800131a0     kernel32:KERNEL32.dll
 0002:000001a8       __imp_HeapAlloc            00000001800131a8     kernel32:KERNEL32.dll
 0002:000001b0       __imp_LCMapStringW         00000001800131b0     kernel32:KERNEL32.dll
 0002:000001b8       __imp_GetStdHandle         00000001800131b8     kernel32:KERNEL32.dll
 0002:000001c0       __imp_GetFileType          00000001800131c0     kernel32:KERNEL32.dll
 0002:000001c8       __imp_GetACP               00000001800131c8     kernel32:KERNEL32.dll
 0002:000001d0       __imp_FindClose            00000001800131d0     kernel32:KERNEL32.dll
 0002:000001d8       __imp_FindFirstFileExA     00000001800131d8     kernel32:KERNEL32.dll
 0002:000001e0       __imp_FindNextFileA        00000001800131e0     kernel32:KERNEL32.dll
 0002:000001e8       __imp_IsValidCodePage      00000001800131e8     kernel32:KERNEL32.dll
 0002:000001f0       __imp_GetOEMCP             00000001800131f0     kernel32:KERNEL32.dll
 0002:000001f8       __imp_GetCPInfo            00000001800131f8     kernel32:KERNEL32.dll
 0002:00000200       __imp_GetCommandLineA      0000000180013200     kernel32:KERNEL32.dll
 0002:00000208       __imp_GetCommandLineW      0000000180013208     kernel32:KERNEL32.dll
 0002:00000210       __imp_GetEnvironmentStringsW 0000000180013210     kernel32:KERNEL32.dll
 0002:00000218       __imp_FreeEnvironmentStringsW 0000000180013218     kernel32:KERNEL32.dll
 0002:00000220       __imp_GetProcessHeap       0000000180013220     kernel32:KERNEL32.dll
 0002:00000228       __imp_GetStringTypeW       0000000180013228     kernel32:KERNEL32.dll
 0002:00000230       __imp_FlushFileBuffers     0000000180013230     kernel32:KERNEL32.dll
 0002:00000238       __imp_WriteFile            0000000180013238     kernel32:KERNEL32.dll
 0002:00000240       __imp_LoadLibraryExA       0000000180013240     kernel32:KERNEL32.dll
 0002:00000248       \177KERNEL32_NULL_THUNK_DATA 0000000180013248     kernel32:KERNEL32.dll
 0002:00000250       __imp_?getPaused@Channel@FMOD@@QEAA?AW4FMOD_RESULT@@PEA_N@Z 0000000180013250     fmodex64_vc:fmodex64.dll
 0002:00000258       __imp_?getPosition@Channel@FMOD@@QEAA?AW4FMOD_RESULT@@PEAII@Z 0000000180013258     fmodex64_vc:fmodex64.dll
 0002:00000260       __imp_?isPlaying@Channel@FMOD@@QEAA?AW4FMOD_RESULT@@PEA_N@Z 0000000180013260     fmodex64_vc:fmodex64.dll
 0002:00000268       __imp_?getCurrentSound@Channel@FMOD@@QEAA?AW4FMOD_RESULT@@PEAPEAVSound@2@@Z 0000000180013268     fmodex64_vc:fmodex64.dll
 0002:00000270       __imp_?release@Sound@FMOD@@QEAA?AW4FMOD_RESULT@@XZ 0000000180013270     fmodex64_vc:fmodex64.dll
 0002:00000278       __imp_?getLength@Sound@FMOD@@QEAA?AW4FMOD_RESULT@@PEAII@Z 0000000180013278     fmodex64_vc:fmodex64.dll
 0002:00000280       __imp_?setMode@Sound@FMOD@@QEAA?AW4FMOD_RESULT@@I@Z 0000000180013280     fmodex64_vc:fmodex64.dll
 0002:00000288       __imp_?release@System@FMOD@@QEAA?AW4FMOD_RESULT@@XZ 0000000180013288     fmodex64_vc:fmodex64.dll
 0002:00000290       __imp_?init@System@FMOD@@QEAA?AW4FMOD_RESULT@@HIPEAX@Z 0000000180013290     fmodex64_vc:fmodex64.dll
 0002:00000298       __imp_?close@System@FMOD@@QEAA?AW4FMOD_RESULT@@XZ 0000000180013298     fmodex64_vc:fmodex64.dll
 0002:000002a0       __imp_?update@System@FMOD@@QEAA?AW4FMOD_RESULT@@XZ 00000001800132a0     fmodex64_vc:fmodex64.dll
 0002:000002a8       __imp_?getVersion@System@FMOD@@QEAA?AW4FMOD_RESULT@@PEAI@Z 00000001800132a8     fmodex64_vc:fmodex64.dll
 0002:000002b0       __imp_?createSound@System@FMOD@@QEAA?AW4FMOD_RESULT@@PEBDIPEAUFMOD_CREATESOUNDEXINFO@@PEAPEAVSound@2@@Z 00000001800132b0     fmodex64_vc:fmodex64.dll
 0002:000002b8       __imp_?playSound@System@FMOD@@QEAA?AW4FMOD_RESULT@@W4FMOD_CHANNELINDEX@@PEAVSound@2@_NPEAPEAVChannel@2@@Z 00000001800132b8     fmodex64_vc:fmodex64.dll
 0002:000002c0       __imp_FMOD_System_Create   00000001800132c0     fmodex64_vc:fmodex64.dll
 0002:000002c8       \177fmodex64_NULL_THUNK_DATA 00000001800132c8     fmodex64_vc:fmodex64.dll
 0002:000002d0       __guard_check_icall_fptr   00000001800132d0     LIBCMT:guard_support.obj
 0002:000002d8       __guard_dispatch_icall_fptr 00000001800132d8     LIBCMT:guard_support.obj
 0002:000002e0       __xc_a                     00000001800132e0     LIBCMT:initializers.obj
 0002:000002e8       _register_player_          00000001800132e8     addon.obj
 0002:000002f0       __xc_z                     00000001800132f0     LIBCMT:initializers.obj
 0002:000002f8       __xi_a                     00000001800132f8     LIBCMT:initializers.obj
 0002:00000300       __acrt_stdio_initializer   0000000180013300     libucrt:stdio_initializer.obj
 0002:00000308       __acrt_multibyte_initializer 0000000180013308     libucrt:multibyte_initializer.obj
 0002:00000310       __acrt_tran_fma3_initializer 0000000180013310     libucrt:fma3_initializer.obj
 0002:00000318       __xi_z                     0000000180013318     LIBCMT:initializers.obj
 0002:00000320       __xp_a                     0000000180013320     LIBCMT:initializers.obj
 0002:00000328       __acrt_locale_terminator   0000000180013328     libucrt:locale_initializer.obj
 0002:00000330       __dcrt_console_output_terminator 0000000180013330     libucrt:console_output_initializer.obj
 0002:00000338       __acrt_stdio_terminator    0000000180013338     libucrt:stdio_initializer.obj
 0002:00000340       __xp_z                     0000000180013340     LIBCMT:initializers.obj
 0002:00000348       __xt_a                     0000000180013348     LIBCMT:initializers.obj
 0002:00000350       __xt_z                     0000000180013350     LIBCMT:initializers.obj
 0002:00000360       __sz_node_exe              0000000180013360     node:node.exe
 0002:00000378       ??_7exception@std@@6B@     0000000180013378     libcpmt:xthrow.obj
 0002:00000388       ??_C@_0BC@EOODALEL@Unknown?5exception?$AA@ 0000000180013388     libcpmt:xthrow.obj
 0002:000003a8       ??_7bad_alloc@std@@6B@     00000001800133a8     libcpmt:xthrow.obj
 0002:000003b8       ??_C@_0P@GHFPNOJB@bad?5allocation?$AA@ 00000001800133b8     libcpmt:xthrow.obj
 0002:000003d0       ??_7logic_error@std@@6B@   00000001800133d0     libcpmt:xthrow.obj
 0002:000003e8       ??_7length_error@std@@6B@  00000001800133e8     libcpmt:xthrow.obj
 0002:00000400       ??_7out_of_range@std@@6B@  0000000180013400     libcpmt:xthrow.obj
 0002:00000410       _pDefaultRawDllMain        0000000180013410     LIBCMT:dll_dllmain.obj
 0002:00000410       _pRawDllMain               0000000180013410     LIBCMT:dll_dllmain.obj
 0002:00000420       ??_7type_info@@6B@         0000000180013420     LIBCMT:std_type_info_static.obj
 0002:00000440       ??_7bad_array_new_length@std@@6B@ 0000000180013440     LIBCMT:throw_bad_alloc.obj
 0002:00000450       ??_C@_0BF@KINCDENJ@bad?5array?5new?5length?$AA@ 0000000180013450     LIBCMT:throw_bad_alloc.obj
 0002:000004d0       ??_C@_1BC@DNHGCMLG@?$AAa?$AAd?$AAv?$AAa?$AAp?$AAi?$AA3?$AA2?$AA?$AA@ 00000001800134d0     libvcruntime:winapi_downlevel.obj
 0002:000004e8       ??_C@_1DM@KHCHBNEB@?$AAa?$AAp?$AAi?$AA?9?$AAm?$AAs?$AA?9?$AAw?$AAi?$AAn?$AA?9?$AAc?$AAo?$AAr?$AAe?$AA?9?$AAf?$AAi?$AAb?$AAe?$AAr?$AAs?$AA?9?$AAl?$AA1?$AA?9?$AA1?$AA?9?$AA1?$AA?$AA@ 00000001800134e8     libvcruntime:winapi_downlevel.obj
 0002:00000528       ??_C@_1DK@LPPGFMPP@?$AAa?$AAp?$AAi?$AA?9?$AAm?$AAs?$AA?9?$AAw?$AAi?$AAn?$AA?9?$AAc?$AAo?$AAr?$AAe?$AA?9?$AAs?$AAy?$AAn?$AAc?$AAh?$AA?9?$AAl?$AA1?$AA?9?$AA2?$AA?9?$AA0?$AA?$AA@ 0000000180013528     libvcruntime:winapi_downlevel.obj
 0002:00000568       ??_C@_1BC@GDMECMAK@?$AAk?$AAe?$AAr?$AAn?$AAe?$AAl?$AA3?$AA2?$AA?$AA@ 0000000180013568     libvcruntime:winapi_downlevel.obj
 0002:00000588       ??_C@_08KNHFBNJ@FlsAlloc?$AA@ 0000000180013588     libvcruntime:winapi_downlevel.obj
 0002:000005a0       ??_C@_07PEJMOBNF@FlsFree?$AA@ 00000001800135a0     libvcruntime:winapi_downlevel.obj
 0002:000005b0       ??_C@_0M@GDNOONDI@FlsGetValue?$AA@ 00000001800135b0     libvcruntime:winapi_downlevel.obj
 0002:000005c8       ??_C@_0M@JCPCPOEF@FlsSetValue?$AA@ 00000001800135c8     libvcruntime:winapi_downlevel.obj
 0002:000005e0       ??_C@_0BM@HCFOFFN@InitializeCriticalSectionEx?$AA@ 00000001800135e0     libvcruntime:winapi_downlevel.obj
 0002:00000920       ??_C@_08EHJDFFNH@__based?$CI?$AA@ 0000000180013920     libvcruntime:undname.obj
 0002:00000930       ??_C@_07KOLFKCDI@__cdecl?$AA@ 0000000180013930     libvcruntime:undname.obj
 0002:00000938       ??_C@_08GHMPAG@__pascal?$AA@ 0000000180013938     libvcruntime:undname.obj
 0002:00000948       ??_C@_09IFJBGAPI@__stdcall?$AA@ 0000000180013948     libvcruntime:undname.obj
 0002:00000958       ??_C@_0L@NPHFGOKO@__thiscall?$AA@ 0000000180013958     libvcruntime:undname.obj
 0002:00000968       ??_C@_0L@JMKHOMEK@__fastcall?$AA@ 0000000180013968     libvcruntime:undname.obj
 0002:00000978       ??_C@_0N@BCKKPABJ@__vectorcall?$AA@ 0000000180013978     libvcruntime:undname.obj
 0002:00000988       ??_C@_09HIJEGCPM@__clrcall?$AA@ 0000000180013988     libvcruntime:undname.obj
 0002:00000994       ??_C@_06GHPCKEAG@__eabi?$AA@ 0000000180013994     libvcruntime:undname.obj
 0002:000009a0       ??_C@_07JOMMBBKO@__ptr64?$AA@ 00000001800139a0     libvcruntime:undname.obj
 0002:000009a8       ??_C@_0L@PILCLIHE@__restrict?$AA@ 00000001800139a8     libvcruntime:undname.obj
 0002:000009b8       ??_C@_0M@GFIIJFMG@__unaligned?$AA@ 00000001800139b8     libvcruntime:undname.obj
 0002:000009c8       ??_C@_09DHDLOLLB@restrict?$CI?$AA@ 00000001800139c8     libvcruntime:undname.obj
 0002:000009d4       ??_C@_04NIHEBCM@?5new?$AA@ 00000001800139d4     libvcruntime:undname.obj
 0002:000009e0       ??_C@_07FPCDHGMM@?5delete?$AA@ 00000001800139e0     libvcruntime:undname.obj
 0002:000009e8       ??_C@_01NEMOKFLO@?$DN?$AA@ 00000001800139e8     libvcruntime:undname.obj
 0002:000009ec       ??_C@_02GPIOPFAK@?$DO?$DO?$AA@ 00000001800139ec     libvcruntime:undname.obj
 0002:000009f0       ??_C@_02FODMEDOG@?$DM?$DM?$AA@ 00000001800139f0     libvcruntime:undname.obj
 0002:000009f4       ??_C@_01DCLJPIOD@?$CB?$AA@ 00000001800139f4     libvcruntime:undname.obj
 0002:000009f8       ??_C@_02EGOFBIJA@?$DN?$DN?$AA@ 00000001800139f8     libvcruntime:undname.obj
 0002:000009fc       ??_C@_02FDNJECIE@?$CB?$DN?$AA@ 00000001800139fc     libvcruntime:undname.obj
 0002:00000a00       ??_C@_02GPECMEKF@?$FL?$FN?$AA@ 0000000180013a00     libvcruntime:undname.obj
 0002:00000a08       ??_C@_08LHJFAFGD@operator?$AA@ 0000000180013a08     libvcruntime:undname.obj
 0002:00000a14       ??_C@_02HBOOOICD@?9?$DO?$AA@ 0000000180013a14     libvcruntime:undname.obj
 0002:00000a18       ??_C@_01NBENCBCI@?$CK?$AA@ 0000000180013a18     libvcruntime:undname.obj
 0002:00000a1c       ??_C@_02ECNGHCIF@?$CL?$CL?$AA@ 0000000180013a1c     libvcruntime:undname.obj
 0002:00000a20       ??_C@_02BAABKJLB@?9?9?$AA@ 0000000180013a20     libvcruntime:undname.obj
 0002:00000a24       ??_C@_01JOAMLHOP@?9?$AA@   0000000180013a24     libvcruntime:undname.obj
 0002:00000a28       ??_C@_01MIFGBAGJ@?$CL?$AA@ 0000000180013a28     libvcruntime:undname.obj
 0002:00000a2c       ??_C@_01HNPIGOCE@?$CG?$AA@ 0000000180013a2c     libvcruntime:undname.obj
 0002:00000a30       ??_C@_03MNHNFDLC@?9?$DO?$CK?$AA@ 0000000180013a30     libvcruntime:undname.obj
 0002:00000a34       ??_C@_01KMDKNFGN@?1?$AA@   0000000180013a34     libvcruntime:undname.obj
 0002:00000a38       ??_C@_01FGNFDNOH@?$CF?$AA@ 0000000180013a38     libvcruntime:undname.obj
 0002:00000a3c       ??_C@_01MNNFJEPP@?$DM?$AA@ 0000000180013a3c     libvcruntime:undname.obj
 0002:00000a40       ??_C@_02EHCHHCKH@?$DM?$DN?$AA@ 0000000180013a40     libvcruntime:undname.obj
 0002:00000a44       ??_C@_01PPODPGHN@?$DO?$AA@ 0000000180013a44     libvcruntime:undname.obj
 0002:00000a48       ??_C@_02EEKDKGMJ@?$DO?$DN?$AA@ 0000000180013a48     libvcruntime:undname.obj
 0002:00000a4c       ??_C@_01IHBHIGKO@?0?$AA@   0000000180013a4c     libvcruntime:undname.obj
 0002:00000a50       ??_C@_02HCKGKOFO@?$CI?$CJ?$AA@ 0000000180013a50     libvcruntime:undname.obj
 0002:00000a54       ??_C@_01PJKLJHI@?$HO?$AA@  0000000180013a54     libvcruntime:undname.obj
 0002:00000a58       ??_C@_01JKBOJNNK@?$FO?$AA@ 0000000180013a58     libvcruntime:undname.obj
 0002:00000a5c       ??_C@_01DNKMNLPK@?$HM?$AA@ 0000000180013a5c     libvcruntime:undname.obj
 0002:00000a60       ??_C@_02PPKAJPJL@?$CG?$CG?$AA@ 0000000180013a60     libvcruntime:undname.obj
 0002:00000a64       ??_C@_02NONPIBCD@?$HM?$HM?$AA@ 0000000180013a64     libvcruntime:undname.obj
 0002:00000a68       ??_C@_02FPIMKNGF@?$CK?$DN?$AA@ 0000000180013a68     libvcruntime:undname.obj
 0002:00000a6c       ??_C@_02FOEOMHFC@?$CL?$DN?$AA@ 0000000180013a6c     libvcruntime:undname.obj
 0002:00000a70       ??_C@_02FKMDLLOA@?9?$DN?$AA@ 0000000180013a70     libvcruntime:undname.obj
 0002:00000a74       ??_C@_02FJEHGPIO@?1?$DN?$AA@ 0000000180013a74     libvcruntime:undname.obj
 0002:00000a78       ??_C@_02FENAOKFI@?$CF?$DN?$AA@ 0000000180013a78     libvcruntime:undname.obj
 0002:00000a7c       ??_C@_03IKFCCPFF@?$DO?$DO?$DN?$AA@ 0000000180013a7c     libvcruntime:undname.obj
 0002:00000a80       ??_C@_03CDNPDDLA@?$DM?$DM?$DN?$AA@ 0000000180013a80     libvcruntime:undname.obj
 0002:00000a84       ??_C@_02FGJGFEAB@?$CG?$DN?$AA@ 0000000180013a84     libvcruntime:undname.obj
 0002:00000a88       ??_C@_02DHLNPPGH@?$HM?$DN?$AA@ 0000000180013a88     libvcruntime:undname.obj
 0002:00000a8c       ??_C@_02MHEGNOJ@?$FO?$DN?$AA@ 0000000180013a8c     libvcruntime:undname.obj
 0002:00000a90       ??_C@_09IFPLHPGF@?$GAvftable?8?$AA@ 0000000180013a90     libvcruntime:undname.obj
 0002:00000aa0       ??_C@_09BLBHBJP@?$GAvbtable?8?$AA@ 0000000180013aa0     libvcruntime:undname.obj
 0002:00000ab0       ??_C@_07FEEIOKP@?$GAvcall?8?$AA@ 0000000180013ab0     libvcruntime:undname.obj
 0002:00000ab8       ??_C@_08LLFFHHDJ@?$GAtypeof?8?$AA@ 0000000180013ab8     libvcruntime:undname.obj
 0002:00000ac8       ??_C@_0BF@KDPPACIK@?$GAlocal?5static?5guard?8?$AA@ 0000000180013ac8     libvcruntime:undname.obj
 0002:00000ae0       ??_C@_08OBABFOLI@?$GAstring?8?$AA@ 0000000180013ae0     libvcruntime:undname.obj
 0002:00000af0       ??_C@_0BD@JDLKDPAB@?$GAvbase?5destructor?8?$AA@ 0000000180013af0     libvcruntime:undname.obj
 0002:00000b08       ??_C@_0BN@DEGPLNFK@?$GAvector?5deleting?5destructor?8?$AA@ 0000000180013b08     libvcruntime:undname.obj
 0002:00000b28       ??_C@_0BO@OBMKPJIG@?$GAdefault?5constructor?5closure?8?$AA@ 0000000180013b28     libvcruntime:undname.obj
 0002:00000b48       ??_C@_0BN@IMDCHIKM@?$GAscalar?5deleting?5destructor?8?$AA@ 0000000180013b48     libvcruntime:undname.obj
 0002:00000b68       ??_C@_0BO@PFGOCPJJ@?$GAvector?5constructor?5iterator?8?$AA@ 0000000180013b68     libvcruntime:undname.obj
 0002:00000b88       ??_C@_0BN@LFPFMEDL@?$GAvector?5destructor?5iterator?8?$AA@ 0000000180013b88     libvcruntime:undname.obj
 0002:00000ba8       ??_C@_0CE@IKBNEHA@?$GAvector?5vbase?5constructor?5iterat@ 0000000180013ba8     libvcruntime:undname.obj
 0002:00000bd0       ??_C@_0BL@NILFHHPC@?$GAvirtual?5displacement?5map?8?$AA@ 0000000180013bd0     libvcruntime:undname.obj
 0002:00000bf0       ??_C@_0CB@JONCMFFK@?$GAeh?5vector?5constructor?5iterator?8@ 0000000180013bf0     libvcruntime:undname.obj
 0002:00000c18       ??_C@_0CA@GCEOPDGL@?$GAeh?5vector?5destructor?5iterator?8?$AA@ 0000000180013c18     libvcruntime:undname.obj
 0002:00000c38       ??_C@_0CH@OOJPLCPH@?$GAeh?5vector?5vbase?5constructor?5ite@ 0000000180013c38     libvcruntime:undname.obj
 0002:00000c60       ??_C@_0BL@LLKPOHJI@?$GAcopy?5constructor?5closure?8?$AA@ 0000000180013c60     libvcruntime:undname.obj
 0002:00000c80       ??_C@_0BA@KBCDOMBN@?$GAudt?5returning?8?$AA@ 0000000180013c80     libvcruntime:undname.obj
 0002:00000c90       ??_C@_03KLGMFNMG@?$GAEH?$AA@ 0000000180013c90     libvcruntime:undname.obj
 0002:00000c94       ??_C@_05KHLCHHI@?$GARTTI?$AA@ 0000000180013c94     libvcruntime:undname.obj
 0002:00000ca0       ??_C@_0BA@KKLDJDLB@?$GAlocal?5vftable?8?$AA@ 0000000180013ca0     libvcruntime:undname.obj
 0002:00000cb0       ??_C@_0CE@IIHCMGGL@?$GAlocal?5vftable?5constructor?5closu@ 0000000180013cb0     libvcruntime:undname.obj
 0002:00000cd4       ??_C@_06FHBGPFGH@?5new?$FL?$FN?$AA@ 0000000180013cd4     libvcruntime:undname.obj
 0002:00000ce0       ??_C@_09LBNFPBCA@?5delete?$FL?$FN?$AA@ 0000000180013ce0     libvcruntime:undname.obj
 0002:00000cf0       ??_C@_0P@HJKNJFNN@?$GAomni?5callsig?8?$AA@ 0000000180013cf0     libvcruntime:undname.obj
 0002:00000d00       ??_C@_0BL@CNOONJFP@?$GAplacement?5delete?5closure?8?$AA@ 0000000180013d00     libvcruntime:undname.obj
 0002:00000d20       ??_C@_0BN@CKNJLHMB@?$GAplacement?5delete?$FL?$FN?5closure?8?$AA@ 0000000180013d20     libvcruntime:undname.obj
 0002:00000d40       ??_C@_0CG@CFDHKGGD@?$GAmanaged?5vector?5constructor?5iter@ 0000000180013d40     libvcruntime:undname.obj
 0002:00000d68       ??_C@_0CF@IMGKMJNO@?$GAmanaged?5vector?5destructor?5itera@ 0000000180013d68     libvcruntime:undname.obj
 0002:00000d90       ??_C@_0CG@HLDDJMAG@?$GAeh?5vector?5copy?5constructor?5iter@ 0000000180013d90     libvcruntime:undname.obj
 0002:00000db8       ??_C@_0CM@FCBBDIGB@?$GAeh?5vector?5vbase?5copy?5constructo@ 0000000180013db8     libvcruntime:undname.obj
 0002:00000de8       ??_C@_0BL@CLIPGLGB@?$GAdynamic?5initializer?5for?5?8?$AA@ 0000000180013de8     libvcruntime:undname.obj
 0002:00000e08       ??_C@_0CB@PDBIFEP@?$GAdynamic?5atexit?5destructor?5for?5?8@ 0000000180013e08     libvcruntime:undname.obj
 0002:00000e30       ??_C@_0CD@CGAJBKEJ@?$GAvector?5copy?5constructor?5iterato@ 0000000180013e30     libvcruntime:undname.obj
 0002:00000e58       ??_C@_0CJ@GJELGAMM@?$GAvector?5vbase?5copy?5constructor?5i@ 0000000180013e58     libvcruntime:undname.obj
 0002:00000e88       ??_C@_0CL@FGIJHLCE@?$GAmanaged?5vector?5copy?5constructor@ 0000000180013e88     libvcruntime:undname.obj
 0002:00000eb8       ??_C@_0BM@PMGGMLDN@?$GAlocal?5static?5thread?5guard?8?$AA@ 0000000180013eb8     libvcruntime:undname.obj
 0002:00000ed8       ??_C@_0N@BDNMDMOL@operator?5?$CC?$CC?5?$AA@ 0000000180013ed8     libvcruntime:undname.obj
 0002:00000ee8       ??_C@_0BC@DAFEJGAK@?5Type?5Descriptor?8?$AA@ 0000000180013ee8     libvcruntime:undname.obj
 0002:00000f00       ??_C@_0BM@LDKODKLH@?5Base?5Class?5Descriptor?5at?5?$CI?$AA@ 0000000180013f00     libvcruntime:undname.obj
 0002:00000f20       ??_C@_0BD@LGICGFMM@?5Base?5Class?5Array?8?$AA@ 0000000180013f20     libvcruntime:undname.obj
 0002:00000f38       ??_C@_0BN@MECKDCOJ@?5Class?5Hierarchy?5Descriptor?8?$AA@ 0000000180013f38     libvcruntime:undname.obj
 0002:00000f58       ??_C@_0BK@CFCOFLF@?5Complete?5Object?5Locator?8?$AA@ 0000000180013f58     libvcruntime:undname.obj
 0002:00000f78       ??_C@_1BI@BGOHAHKC@?$AAm?$AAs?$AAc?$AAo?$AAr?$AAe?$AAe?$AA?4?$AAd?$AAl?$AAl?$AA?$AA@ 0000000180013f78     libucrt:exit.obj
 0002:00000f90       ??_C@_0P@MIGLKIOC@CorExitProcess?$AA@ 0000000180013f90     libucrt:exit.obj
 0002:00000fa0       standard_lookup_table      0000000180013fa0     libucrt:output.obj
 0002:00000ffc       ??_C@_06OJHGLDPL@?$CInull?$CJ?$AA@ 0000000180013ffc     libucrt:output.obj
 0002:00001008       ??_C@_1O@CEDCILHN@?$AA?$CI?$AAn?$AAu?$AAl?$AAl?$AA?$CJ?$AA?$AA@ 0000000180014008     libucrt:output.obj
 0002:00001020       __acrt_exception_action_table 0000000180014020     libucrt:exception_filter.obj
 0002:000010e0       __acrt_signal_action_table_count 00000001800140e0     libucrt:exception_filter.obj
 0002:000010e8       __acrt_signal_action_first_fpe_index 00000001800140e8     libucrt:exception_filter.obj
 0002:000010f0       __acrt_signal_action_fpe_count 00000001800140f0     libucrt:exception_filter.obj
 0002:00001290       ??_C@_1EG@CNNIPFIM@?$AAa?$AAp?$AAi?$AA?9?$AAm?$AAs?$AA?9?$AAw?$AAi?$AAn?$AA?9?$AAa?$AAp?$AAp?$AAm?$AAo?$AAd?$AAe?$AAl?$AA?9?$AAr?$AAu?$AAn?$AAt?$AAi?$AAm?$AAe?$AA?9?$AAl?$AA1?$AA?9?$AA1@ 0000000180014290     libucrt:winapi_thunks.obj
 0002:000012e0       ??_C@_1EA@JGEFHKEI@?$AAa?$AAp?$AAi?$AA?9?$AAm?$AAs?$AA?9?$AAw?$AAi?$AAn?$AA?9?$AAc?$AAo?$AAr?$AAe?$AA?9?$AAd?$AAa?$AAt?$AAe?$AAt?$AAi?$AAm?$AAe?$AA?9?$AAl?$AA1?$AA?9?$AA1?$AA?9?$AA1?$AA?$AA@ 00000001800142e0     libucrt:winapi_thunks.obj
 0002:00001320       ??_C@_1DI@GCIAAENM@?$AAa?$AAp?$AAi?$AA?9?$AAm?$AAs?$AA?9?$AAw?$AAi?$AAn?$AA?9?$AAc?$AAo?$AAr?$AAe?$AA?9?$AAf?$AAi?$AAl?$AAe?$AA?9?$AAl?$AA2?$AA?9?$AA1?$AA?9?$AA1?$AA?$AA@ 0000000180014320     libucrt:winapi_thunks.obj
 0002:00001360       ??_C@_1EI@MPIAOHOC@?$AAa?$AAp?$AAi?$AA?9?$AAm?$AAs?$AA?9?$AAw?$AAi?$AAn?$AA?9?$AAc?$AAo?$AAr?$AAe?$AA?9?$AAl?$AAo?$AAc?$AAa?$AAl?$AAi?$AAz?$AAa?$AAt?$AAi?$AAo?$AAn?$AA?9?$AAl?$AA1?$AA?9@ 0000000180014360     libucrt:winapi_thunks.obj
 0002:000013b0       ??_C@_1FK@FPHCKFIE@?$AAa?$AAp?$AAi?$AA?9?$AAm?$AAs?$AA?9?$AAw?$AAi?$AAn?$AA?9?$AAc?$AAo?$AAr?$AAe?$AA?9?$AAl?$AAo?$AAc?$AAa?$AAl?$AAi?$AAz?$AAa?$AAt?$AAi?$AAo?$AAn?$AA?9?$AAo?$AAb?$AAs@ 00000001800143b0     libucrt:winapi_thunks.obj
 0002:00001410       ??_C@_1EM@DILCGIIO@?$AAa?$AAp?$AAi?$AA?9?$AAm?$AAs?$AA?9?$AAw?$AAi?$AAn?$AA?9?$AAc?$AAo?$AAr?$AAe?$AA?9?$AAp?$AAr?$AAo?$AAc?$AAe?$AAs?$AAs?$AAt?$AAh?$AAr?$AAe?$AAa?$AAd?$AAs?$AA?9?$AAl@ 0000000180014410     libucrt:winapi_thunks.obj
 0002:00001460       ??_C@_1DM@LNCGDDPN@?$AAa?$AAp?$AAi?$AA?9?$AAm?$AAs?$AA?9?$AAw?$AAi?$AAn?$AA?9?$AAc?$AAo?$AAr?$AAe?$AA?9?$AAs?$AAt?$AAr?$AAi?$AAn?$AAg?$AA?9?$AAl?$AA1?$AA?9?$AA1?$AA?9?$AA0?$AA?$AA@ 0000000180014460     libucrt:winapi_thunks.obj
 0002:000014a0       ??_C@_1DO@FPAPJEMD@?$AAa?$AAp?$AAi?$AA?9?$AAm?$AAs?$AA?9?$AAw?$AAi?$AAn?$AA?9?$AAc?$AAo?$AAr?$AAe?$AA?9?$AAs?$AAy?$AAs?$AAi?$AAn?$AAf?$AAo?$AA?9?$AAl?$AA1?$AA?9?$AA2?$AA?9?$AA1?$AA?$AA@ 00000001800144a0     libucrt:winapi_thunks.obj
 0002:000014e0       ??_C@_1DK@NDHNAHIO@?$AAa?$AAp?$AAi?$AA?9?$AAm?$AAs?$AA?9?$AAw?$AAi?$AAn?$AA?9?$AAc?$AAo?$AAr?$AAe?$AA?9?$AAw?$AAi?$AAn?$AAr?$AAt?$AA?9?$AAl?$AA1?$AA?9?$AA1?$AA?9?$AA0?$AA?$AA@ 00000001800144e0     libucrt:winapi_thunks.obj
 0002:00001520       ??_C@_1DM@KGHDGBCM@?$AAa?$AAp?$AAi?$AA?9?$AAm?$AAs?$AA?9?$AAw?$AAi?$AAn?$AA?9?$AAc?$AAo?$AAr?$AAe?$AA?9?$AAx?$AAs?$AAt?$AAa?$AAt?$AAe?$AA?9?$AAl?$AA2?$AA?9?$AA1?$AA?9?$AA0?$AA?$AA@ 0000000180014520     libucrt:winapi_thunks.obj
 0002:00001560       ??_C@_1EO@IJIOEFOH@?$AAa?$AAp?$AAi?$AA?9?$AAm?$AAs?$AA?9?$AAw?$AAi?$AAn?$AA?9?$AAr?$AAt?$AAc?$AAo?$AAr?$AAe?$AA?9?$AAn?$AAt?$AAu?$AAs?$AAe?$AAr?$AA?9?$AAw?$AAi?$AAn?$AAd?$AAo?$AAw?$AA?9@ 0000000180014560     libucrt:winapi_thunks.obj
 0002:000015b0       ??_C@_1FG@HHGEKANL@?$AAa?$AAp?$AAi?$AA?9?$AAm?$AAs?$AA?9?$AAw?$AAi?$AAn?$AA?9?$AAs?$AAe?$AAc?$AAu?$AAr?$AAi?$AAt?$AAy?$AA?9?$AAs?$AAy?$AAs?$AAt?$AAe?$AAm?$AAf?$AAu?$AAn?$AAc?$AAt?$AAi@ 00000001800145b0     libucrt:winapi_thunks.obj
 0002:00001610       ??_C@_1FG@NCKKOLKO@?$AAe?$AAx?$AAt?$AA?9?$AAm?$AAs?$AA?9?$AAw?$AAi?$AAn?$AA?9?$AAk?$AAe?$AAr?$AAn?$AAe?$AAl?$AA3?$AA2?$AA?9?$AAp?$AAa?$AAc?$AAk?$AAa?$AAg?$AAe?$AA?9?$AAc?$AAu?$AAr?$AAr@ 0000000180014610     libucrt:winapi_thunks.obj
 0002:00001670       ??_C@_1EG@DBIOJECG@?$AAe?$AAx?$AAt?$AA?9?$AAm?$AAs?$AA?9?$AAw?$AAi?$AAn?$AA?9?$AAn?$AAt?$AAu?$AAs?$AAe?$AAr?$AA?9?$AAd?$AAi?$AAa?$AAl?$AAo?$AAg?$AAb?$AAo?$AAx?$AA?9?$AAl?$AA1?$AA?9?$AA1@ 0000000180014670     libucrt:winapi_thunks.obj
 0002:000016c0       ??_C@_1EO@FIHMJCLF@?$AAe?$AAx?$AAt?$AA?9?$AAm?$AAs?$AA?9?$AAw?$AAi?$AAn?$AA?9?$AAn?$AAt?$AAu?$AAs?$AAe?$AAr?$AA?9?$AAw?$AAi?$AAn?$AAd?$AAo?$AAw?$AAs?$AAt?$AAa?$AAt?$AAi?$AAo?$AAn?$AA?9@ 00000001800146c0     libucrt:winapi_thunks.obj
 0002:00001710       ??_C@_1O@BCCLBEOE@?$AAu?$AAs?$AAe?$AAr?$AA3?$AA2?$AA?$AA@ 0000000180014710     libucrt:winapi_thunks.obj
 0002:00001748       ??_C@_0BE@JOGNEJCI@GetCurrentPackageId?$AA@ 0000000180014748     libucrt:winapi_thunks.obj
 0002:00001770       ??_C@_0O@KKBNKAPF@LCMapStringEx?$AA@ 0000000180014770     libucrt:winapi_thunks.obj
 0002:00001788       ??_C@_0BB@HBDEELFH@LocaleNameToLCID?$AA@ 0000000180014788     libucrt:winapi_thunks.obj
 0002:00001908       ??_C@_03OEIAHPBN@INF?$AA@  0000000180014908     libucrt:cvt.obj
 0002:0000190c       ??_C@_03OJHLLCGB@inf?$AA@  000000018001490c     libucrt:cvt.obj
 0002:00001910       ??_C@_03LKNCIKJB@NAN?$AA@  0000000180014910     libucrt:cvt.obj
 0002:00001914       ??_C@_03LHCJEHON@nan?$AA@  0000000180014914     libucrt:cvt.obj
 0002:00001918       ??_C@_09OFJJIMPC@NAN?$CISNAN?$CJ?$AA@ 0000000180014918     libucrt:cvt.obj
 0002:00001928       ??_C@_09IPFBKMDL@nan?$CIsnan?$CJ?$AA@ 0000000180014928     libucrt:cvt.obj
 0002:00001938       ??_C@_08IKHNHAJ@NAN?$CIIND?$CJ?$AA@ 0000000180014938     libucrt:cvt.obj
 0002:00001948       ??_C@_08OFCDMILK@nan?$CIind?$CJ?$AA@ 0000000180014948     libucrt:cvt.obj
 0002:00001954       ??_C@_05KLBDPFGC@e?$CL000?$AA@ 0000000180014954     libucrt:cvt.obj
 0002:00001960       __lc_time_c                0000000180014960     libucrt:nlsdata.obj
 0002:00001c20       ??_C@_03KOEHGMDN@Sun?$AA@  0000000180014c20     libucrt:nlsdata.obj
 0002:00001c24       ??_C@_03PDAGKDH@Mon?$AA@   0000000180014c24     libucrt:nlsdata.obj
 0002:00001c28       ??_C@_03NAGEINEP@Tue?$AA@  0000000180014c28     libucrt:nlsdata.obj
 0002:00001c2c       ??_C@_03MHOMLAJA@Wed?$AA@  0000000180014c2c     libucrt:nlsdata.obj
 0002:00001c30       ??_C@_03IOFIKPDN@Thu?$AA@  0000000180014c30     libucrt:nlsdata.obj
 0002:00001c34       ??_C@_03IDIOELNC@Fri?$AA@  0000000180014c34     libucrt:nlsdata.obj
 0002:00001c38       ??_C@_03FEFJNEK@Sat?$AA@   0000000180014c38     libucrt:nlsdata.obj
 0002:00001c3c       ??_C@_06OOPIFAJ@Sunday?$AA@ 0000000180014c3c     libucrt:nlsdata.obj
 0002:00001c44       ??_C@_06JLEDEDGH@Monday?$AA@ 0000000180014c44     libucrt:nlsdata.obj
 0002:00001c50       ??_C@_07BAAGCFCM@Tuesday?$AA@ 0000000180014c50     libucrt:nlsdata.obj
 0002:00001c58       ??_C@_09DLIGFAKA@Wednesday?$AA@ 0000000180014c58     libucrt:nlsdata.obj
 0002:00001c68       ??_C@_08HACCIKIA@Thursday?$AA@ 0000000180014c68     libucrt:nlsdata.obj
 0002:00001c74       ??_C@_06JECMNKMI@Friday?$AA@ 0000000180014c74     libucrt:nlsdata.obj
 0002:00001c80       ??_C@_08INBOOONO@Saturday?$AA@ 0000000180014c80     libucrt:nlsdata.obj
 0002:00001c8c       ??_C@_03JIHJHPIE@Jan?$AA@  0000000180014c8c     libucrt:nlsdata.obj
 0002:00001c90       ??_C@_03HJBDCHOM@Feb?$AA@  0000000180014c90     libucrt:nlsdata.obj
 0002:00001c94       ??_C@_03ODNJBKGA@Mar?$AA@  0000000180014c94     libucrt:nlsdata.obj
 0002:00001c98       ??_C@_03LEOLGMJP@Apr?$AA@  0000000180014c98     libucrt:nlsdata.obj
[...]
 0004:00000b88       $pdata$__acrt_execute_initializers 0000000180022b88     libucrt:shared_initialization.obj
 0004:00000b94       $pdata$__acrt_execute_uninitializers 0000000180022b94     libucrt:shared_initialization.obj
 0004:00000ba0       $pdata$??$?RV<lambda_c36588078e9f5dfd39652860aa6b3aaf>@@AEAV<lambda_ec61778202f4f5fc7e7711acc23c3bca>@@V<lambda_dc9d2797ccde5d239b4a0efae8ebd7db>@@@?$__crt_seh_guarded_call@P6AXH@Z@@QEAAP6AXH@Z$$QEAV<lambda_c36588078e9f5dfd39652860aa6b3aaf>@@AEAV<lambda_ec61778202f4f5fc7e7711acc23c3bca>@@$$QEAV<lambda_dc9d2797ccde5d239b4a0efae8ebd7db>@@@Z 0000000180022ba0     libucrt:signal.obj
 0004:00000bac       $pdata$__acrt_get_sigabrt_handler 0000000180022bac     libucrt:signal.obj
 0004:00000bb8       $pdata$raise               0000000180022bb8     libucrt:signal.obj
 0004:00000bc4       $pdata$__acrt_invoke_user_matherr 0000000180022bc4     libucrt:matherr.obj
 0004:00000bd0       $pdata$__pctype_func       0000000180022bd0     libucrt:ctype.obj
 0004:00000bdc       $pdata$_isctype_l          0000000180022bdc     libucrt:isctype.obj
 0004:00000be8       $pdata$?GetTableIndexFromLocaleName@@YAHPEB_W@Z 0000000180022be8     libucrt:lcidtoname_downlevel.obj
 0004:00000bf4       $pdata$__acrt_DownlevelLocaleNameToLCID 0000000180022bf4     libucrt:lcidtoname_downlevel.obj
 0004:00000c00       $pdata$_fclose_nolock      0000000180022c00     libucrt:fclose.obj
 0004:00000c0c       $pdata$fclose              0000000180022c0c     libucrt:fclose.obj
 0004:00000c18       $pdata$??$?RV<lambda_b521505b218e5242e90febf6bfebc422>@@AEAV<lambda_6978c1fb23f02e42e1d9e99668cc68aa>@@V<lambda_314360699dd331753a4119843814e9a7>@@@?$__crt_seh_guarded_call@H@@QEAAH$$QEAV<lambda_b521505b218e5242e90febf6bfebc422>@@AEAV<lambda_6978c1fb23f02e42e1d9e99668cc68aa>@@$$QEAV<lambda_314360699dd331753a4119843814e9a7>@@@Z 0000000180022c18     libucrt:commit.obj
 0004:00000c24       $pdata$_commit             0000000180022c24     libucrt:commit.obj
 0004:00000c30       $pdata$?write_double_translated_ansi_nolock@@YA?AUwrite_result@?A0x9c548279@@HQEBDI@Z 0000000180022c30     libucrt:write.obj
 0004:00000c3c       $pdata$?write_text_ansi_nolock@@YA?AUwrite_result@?A0x9c548279@@HQEBDI@Z 0000000180022c3c     libucrt:write.obj
 0004:00000c48       $pdata$?write_text_utf16le_nolock@@YA?AUwrite_result@?A0x9c548279@@HQEBDI@Z 0000000180022c48     libucrt:write.obj
 0004:00000c54       $pdata$?write_text_utf8_nolock@@YA?AUwrite_result@?A0x9c548279@@HQEBDI@Z 0000000180022c54     libucrt:write.obj
 0004:00000c60       $pdata$_write              0000000180022c60     libucrt:write.obj
 0004:00000c6c       $pdata$_write_nolock       0000000180022c6c     libucrt:write.obj
 0004:00000c78       $pdata$__acrt_lowio_create_handle_array 0000000180022c78     libucrt:osfinfo.obj
 0004:00000c84       $pdata$__acrt_lowio_destroy_handle_array 0000000180022c84     libucrt:osfinfo.obj
 0004:00000c90       $pdata$__acrt_lowio_ensure_fh_exists 0000000180022c90     libucrt:osfinfo.obj
 0004:00000c9c       $pdata$_free_osfhnd        0000000180022c9c     libucrt:osfinfo.obj
 0004:00000ca8       $pdata$_get_osfhandle      0000000180022ca8     libucrt:osfinfo.obj
 0004:00000cb4       $pdata$_isleadbyte_l       0000000180022cb4     libucrt:_wctype.obj
 0004:00000cc0       $pdata$?__acrt_LCMapStringA_stat@@YAHPEAU__crt_locale_pointers@@PEB_WKPEBDHPEADHHH@Z 0000000180022cc0     libucrt:lcmapstringa.obj
 0004:00000ccc       $pdata$__acrt_LCMapStringA 0000000180022ccc     libucrt:lcmapstringa.obj
 0004:00000cd8       $pdata$__acrt_free_locale  0000000180022cd8     libucrt:locale_refcounting.obj
 0004:00000ce4       $pdata$__acrt_locale_free_lc_time_if_unreferenced 0000000180022ce4     libucrt:locale_refcounting.obj
 0004:00000cf0       $pdata$__acrt_release_locale_ref 0000000180022cf0     libucrt:locale_refcounting.obj
 0004:00000cfc       $pdata$__acrt_update_thread_locale_data 0000000180022cfc     libucrt:locale_refcounting.obj
 0004:00000d08       $pdata$_updatetlocinfoEx_nolock 0000000180022d08     libucrt:locale_refcounting.obj
 0004:00000d14       $pdata$__acrt_fp_strflt_to_string 0000000180022d14     libucrt:_fptostr.obj
 0004:00000d20       $pdata$?divide@__crt_strtox@@YA_KAEAUbig_integer@1@AEBU21@@Z 0000000180022d20     libucrt:cfout.obj
 0004:00000d2c       $pdata$5$?divide@__crt_strtox@@YA_KAEAUbig_integer@1@AEBU21@@Z 0000000180022d2c     libucrt:cfout.obj
 0004:00000d38       $pdata$6$?divide@__crt_strtox@@YA_KAEAUbig_integer@1@AEBU21@@Z 0000000180022d38     libucrt:cfout.obj
 0004:00000d44       $pdata$__acrt_fltout       0000000180022d44     libucrt:cfout.obj
 0004:00000d50       $pdata$memcpy_s            0000000180022d50     libucrt:cfout.obj
 0004:00000d5c       $pdata$??$write_buffer_nolock@D@@YA_NDV__crt_stdio_stream@@@Z 0000000180022d5c     libucrt:_flsbuf.obj
 0004:00000d68       $pdata$__acrt_stdio_flush_and_write_narrow_nolock 0000000180022d68     libucrt:_flsbuf.obj
 0004:00000d74       $pdata$_isatty             0000000180022d74     libucrt:isatty.obj
 0004:00000d80       $pdata$__acrt_locale_free_monetary 0000000180022d80     libucrt:initmon.obj
 0004:00000d8c       $pdata$__acrt_locale_free_numeric 0000000180022d8c     libucrt:initnum.obj
 0004:00000d98       $pdata$?free_crt_array_internal@@YAXQEAPEBX_K@Z 0000000180022d98     libucrt:inittime.obj
 0004:00000da4       $pdata$__acrt_locale_free_time 0000000180022da4     libucrt:inittime.obj
 0004:00000db0       $pdata$__acrt_GetStringTypeA 0000000180022db0     libucrt:getstringtypea.obj
 0004:00000dbc       $pdata$?shortsort@@YAXPEAD0_KP6AHPEBX2@Z@Z 0000000180022dbc     libucrt:qsort.obj
 0004:00000dc8       $pdata$2$?shortsort@@YAXPEAD0_KP6AHPEBX2@Z@Z 0000000180022dc8     libucrt:qsort.obj
 0004:00000dd4       $pdata$3$?shortsort@@YAXPEAD0_KP6AHPEBX2@Z@Z 0000000180022dd4     libucrt:qsort.obj
 0004:00000de0       $pdata$qsort               0000000180022de0     libucrt:qsort.obj
 0004:00000dec       $pdata$4$qsort             0000000180022dec     libucrt:qsort.obj
 0004:00000df8       $pdata$5$qsort             0000000180022df8     libucrt:qsort.obj
 0004:00000e04       $pdata$strncpy_s           0000000180022e04     libucrt:strncpy_s.obj
 0004:00000e10       $pdata$strpbrk             0000000180022e10     libucrt:strpbrk.obj
 0004:00000e1c       $pdata$_mbsdec_l           0000000180022e1c     libucrt:mbsdec.obj
 0004:00000e28       $pdata$?initialize_multibyte@@YAHXZ 0000000180022e28     libucrt:multibyte_initializer.obj
 0004:00000e34       $pdata$_msize              0000000180022e34     libucrt:msize.obj
 0004:00000e40       $pdata$_realloc_base       0000000180022e40     libucrt:realloc_base.obj
 0004:00000e4c       $pdata$??$?RV<lambda_bfedae4ebbf01fab1bb6dcc6a9e276e0>@@AEAV<lambda_2fe9b910cf3cbf4a0ab98a02ba45b3ec>@@V<lambda_237c231691f317818eb88cc1d5d642d6>@@@?$__crt_seh_guarded_call@H@@QEAAH$$QEAV<lambda_bfedae4ebbf01fab1bb6dcc6a9e276e0>@@AEAV<lambda_2fe9b910cf3cbf4a0ab98a02ba45b3ec>@@$$QEAV<lambda_237c231691f317818eb88cc1d5d642d6>@@@Z 0000000180022e4c     libucrt:close.obj
 0004:00000e58       $pdata$_close              0000000180022e58     libucrt:close.obj
 0004:00000e64       $pdata$_close_nolock       0000000180022e64     libucrt:close.obj
 0004:00000e70       $pdata$??$common_lseek@_J@@YA_JH_JH@Z 0000000180022e70     libucrt:lseek.obj
 0004:00000e7c       $pdata$??$common_lseek_nolock@_J@@YA_JH_JH@Z 0000000180022e7c     libucrt:lseek.obj
 0004:00000e88       $pdata$_putwch_nolock      0000000180022e88     libucrt:putwch.obj
 0004:00000e94       $pdata$fegetenv            0000000180022e94     libucrt:fegetenv.obj
 0004:00000ea0       $pdata$fesetenv            0000000180022ea0     libucrt:fesetenv.obj
 0004:00000eac       $pdata$feholdexcept        0000000180022eac     libucrt:feholdexcept.obj
 0004:00000ec4       $pdata$__acrt_stdio_allocate_buffer_nolock 0000000180022ec4     libucrt:_getbuf.obj
 0004:00000ed0       $pdata$__dcrt_lowio_initialize_console_output 0000000180022ed0     libucrt:initcon.obj
 0004:00000edc       $pdata$__dcrt_terminate_console_output 0000000180022edc     libucrt:initcon.obj
 0004:00000ee8       $pdata$_getfpcontrolword   0000000180022ee8     libucrt:_fenvutils.obj
 0004:00000ef4       $pdata$_getfpstatusword    0000000180022ef4     libucrt:_fenvutils.obj
 0004:00000f00       $pdata$_setfpstatusword    0000000180022f00     libucrt:_fenvutils.obj
 0004:00000f0c       $pdata$_clearfp            0000000180022f0c     libucrt:ieee.obj
 0004:00000f18       $pdata$common_control87    0000000180022f18     libucrt:ieee.obj
 0004:00000f24       $pdata$_call_matherr       0000000180022f24     libucrt:libm_error.obj
 0004:00000f30       $pdata$_exception_enabled  0000000180022f30     libucrt:libm_error.obj
 0004:00000f3c       $pdata$_handle_error       0000000180022f3c     libucrt:libm_error.obj
 0004:00000f48       $pdata$__acrt_initialize_fma3 0000000180022f48     libucrt:fma3_available.obj
 0004:00000f54       $pdata$_log10_special      0000000180022f54     libucrt:log_special.obj
 0004:00000f60       $pdata$_log_special_common 0000000180022f60     libucrt:log_special.obj
 0004:00000f78       $pdata$_raise_exc          0000000180022f78     libucrt:fpexcept.obj
 0004:00000f84       $pdata$_raise_exc_ex       0000000180022f84     libucrt:fpexcept.obj
 0004:00000f90       $pdata$_set_errno_from_matherr 0000000180022f90     libucrt:fpexcept.obj
 0004:00000f9c       $pdata$_clrfp              0000000180022f9c     libucrt:fpctrl.obj
 0004:00000fa8       $pdata$_ctrlfp             0000000180022fa8     libucrt:fpctrl.obj
 0004:00000fb4       $pdata$_set_statfp         0000000180022fb4     libucrt:fpctrl.obj
 0004:00000fc0       $pdata$_statfp             0000000180022fc0     libucrt:fpctrl.obj
 0004:00000fcc       $pdata$?DloadAcquireSectionWriteAccess@@YAXXZ 0000000180022fcc     DelayImp:delayhlp.obj
 0004:00000fd8       $pdata$?DloadGetSRWLockFunctionPointers@@YAEXZ 0000000180022fd8     DelayImp:delayhlp.obj
 0004:00000fe4       $pdata$?DloadMakePermanentImageCommit@@YAXPEAX_K@Z 0000000180022fe4     DelayImp:delayhlp.obj
 0004:00000ff0       $pdata$?DloadObtainSection@@YAPEAXPEAK0@Z 0000000180022ff0     DelayImp:delayhlp.obj
 0004:00000ffc       $pdata$?DloadProtectSection@@YAXKPEAK@Z 0000000180022ffc     DelayImp:delayhlp.obj
 0004:00001008       $pdata$?DloadReleaseSectionWriteAccess@@YAXXZ 0000000180023008     DelayImp:delayhlp.obj
 0004:00001014       $pdata$__delayLoadHelper2  0000000180023014     DelayImp:delayhlp.obj
 0004:00001020       $pdata$_IsNonwritableInCurrentImage 0000000180023020     LIBCMT:pesect.obj
 0004:0000102c       $pdata$__GSHandlerCheck    000000018002302c     LIBCMT:_gshandler_.obj
 0004:00001038       $pdata$__GSHandlerCheckCommon 0000000180023038     LIBCMT:_gshandler_.obj
 0004:00001050       $pdata$strrchr             0000000180023050     libvcruntime:strrchr.obj
 0004:00001074       $pdata$?fin$0@?0??dllmain_crt_process_attach@@YAHQEAUHINSTANCE__@@QEAX@Z@4HA 0000000180023074     LIBCMT:dll_dllmain.obj
 0004:00001080       $pdata$?fin$0@?0??dllmain_crt_process_detach@@YAH_N@Z@4HA 0000000180023080     LIBCMT:dll_dllmain.obj
 0004:0000108c       $pdata$?filt$0@?0??dllmain_dispatch@@YAHQEAUHINSTANCE__@@KQEAX@Z@4HA 000000018002308c     LIBCMT:dll_dllmain.obj
 0004:00001098       $pdata$__scrt_is_nonwritable_in_current_image$filt$0 0000000180023098     LIBCMT:utility.obj
 0004:000010a4       $pdata$?filt$0@?0??common_exit@@YAXHW4_crt_exit_cleanup_mode@@W4_crt_exit_return_mode@@@Z@4HA 00000001800230a4     libucrt:exit.obj
 0004:000010b0       $pdata$?fin$1@?0??common_exit@@YAXHW4_crt_exit_cleanup_mode@@W4_crt_exit_return_mode@@@Z@4HA 00000001800230b0     libucrt:exit.obj
 0004:000010bc       $pdata$?fin$0@?0???$?RV<lambda_aa279a7bcb127014629d5b1d62c7325d>@@AEAV<lambda_0a64b6a4deda75c01876f29c44fc5eb3>@@V<lambda_3323e69fbefe9d1a11713e670d47cdfa>@@@?$__crt_seh_guarded_call@H@@QEAAH$$QEAV<lambda_aa279a7bcb127014629d5b1d62c7325d>@@AEAV<lambda_0a64b6a4deda75c01876f29c44fc5eb3>@@$$QEAV<lambda_3323e69fbefe9d1a11713e670d47cdfa>@@@Z@4HA 00000001800230bc     libucrt:output.obj
 0004:000010c8       $pdata$_query_new_handler$fin$0 00000001800230c8     libucrt:new_handler.obj
 0004:000010d4       $pdata$?fin$0@?0???$?RV<lambda_e24bbb7b643b32fcea6fa61b31d4c984>@@AEAV<lambda_275893d493268fdec8709772e3fcec0e>@@V<lambda_9d71df4d7cf3f480f8d633942495c3b0>@@@?$__crt_seh_guarded_call@H@@QEAAH$$QEAV<lambda_e24bbb7b643b32fcea6fa61b31d4c984>@@AEAV<lambda_275893d493268fdec8709772e3fcec0e>@@$$QEAV<lambda_9d71df4d7cf3f480f8d633942495c3b0>@@@Z@4HA 00000001800230d4     libucrt:onexit.obj
 0004:000010e0       $pdata$_fcloseall$fin$0    00000001800230e0     libucrt:closeall.obj
 0004:000010ec       $pdata$common_flush_all$fin$0 00000001800230ec     libucrt:fflush.obj
 0004:000010f8       $pdata$common_flush_all$fin$1 00000001800230f8     libucrt:fflush.obj
 0004:00001104       $pdata$__acrt_lowio_ensure_fh_exists$fin$0 0000000180023104     libucrt:osfinfo.obj
 0004:00001104       $pdata$__acrt_initialize_lowio$fin$0 0000000180023104     libucrt:ioinit.obj
 0004:00001110       $pdata$?fin$0@?0???$?RV<lambda_fb3a7dec4e47f37f22dae91bb15c9095>@@AEAV<lambda_698284760c8add0bfb0756c19673e34b>@@V<lambda_dfb8eca1e75fef3034a8fb18dd509707>@@@?$__crt_seh_guarded_call@X@@QEAAX$$QEAV<lambda_fb3a7dec4e47f37f22dae91bb15c9095>@@AEAV<lambda_698284760c8add0bfb0756c19673e34b>@@$$QEAV<lambda_dfb8eca1e75fef3034a8fb18dd509707>@@@Z@4HA 0000000180023110     libucrt:per_thread_data.obj
 0004:00001110       $pdata$?fin$0@?0???$?RV<lambda_5e887d1dcbef67a5eb4283622ba103bf>@@AEAV<lambda_4466841279450cc726390878d4a41900>@@V<lambda_341c25c0346d94847f1f3c463c57e077>@@@?$__crt_seh_guarded_call@X@@QEAAX$$QEAV<lambda_5e887d1dcbef67a5eb4283622ba103bf>@@AEAV<lambda_4466841279450cc726390878d4a41900>@@$$QEAV<lambda_341c25c0346d94847f1f3c463c57e077>@@@Z@4HA 0000000180023110     libucrt:per_thread_data.obj
 0004:00001110       $pdata$?fin$0@?0???$?RV<lambda_b8c45f8f788dd370798f47cfe8ac3a86>@@AEAV<lambda_4e60a939b0d047cfe11ddc22648dfba9>@@V<lambda_332c3edc96d0294ec56c57d38c1cdfd5>@@@?$__crt_seh_guarded_call@H@@QEAAH$$QEAV<lambda_b8c45f8f788dd370798f47cfe8ac3a86>@@AEAV<lambda_4e60a939b0d047cfe11ddc22648dfba9>@@$$QEAV<lambda_332c3edc96d0294ec56c57d38c1cdfd5>@@@Z@4HA 0000000180023110     libucrt:onexit.obj
 0004:00001110       $pdata$?fin$0@?0???$?RV<lambda_99476a1ad63dd22509b5d3e65b0ffc95>@@AEAV<lambda_ad1ced32f4ac17aa236e5ef05d6b3b7c>@@V<lambda_f7424dd8d45958661754dc4f2697e9c3>@@@?$__crt_seh_guarded_call@X@@QEAAX$$QEAV<lambda_99476a1ad63dd22509b5d3e65b0ffc95>@@AEAV<lambda_ad1ced32f4ac17aa236e5ef05d6b3b7c>@@$$QEAV<lambda_f7424dd8d45958661754dc4f2697e9c3>@@@Z@4HA 0000000180023110     libucrt:mbctype.obj
 0004:00001110       $pdata$?fin$0@?0???$?RV<lambda_72d1df2b273a38828b1ce30cbf4cdab5>@@AEAV<lambda_876a65b173b8412d3a47c70a915b0cf4>@@V<lambda_41932305e351933ebe8f8be3ed8bb5dc>@@@?$__crt_seh_guarded_call@X@@QEAAX$$QEAV<lambda_72d1df2b273a38828b1ce30cbf4cdab5>@@AEAV<lambda_876a65b173b8412d3a47c70a915b0cf4>@@$$QEAV<lambda_41932305e351933ebe8f8be3ed8bb5dc>@@@Z@4HA 0000000180023110     libucrt:per_thread_data.obj
 0004:00001110       $pdata$?fin$0@?0???$?RV<lambda_46352004c1216016012b18bd6f87e700>@@AEAV<lambda_3bd07e1a1191394380780325891bf33f>@@V<lambda_334532d3f185bcaa59b5be82d7d22bff>@@@?$__crt_seh_guarded_call@X@@QEAAX$$QEAV<lambda_46352004c1216016012b18bd6f87e700>@@AEAV<lambda_3bd07e1a1191394380780325891bf33f>@@$$QEAV<lambda_334532d3f185bcaa59b5be82d7d22bff>@@@Z@4HA 0000000180023110     libucrt:per_thread_data.obj
 0004:00001110       $pdata$?fin$0@?0???$?RV<lambda_c36588078e9f5dfd39652860aa6b3aaf>@@AEAV<lambda_ec61778202f4f5fc7e7711acc23c3bca>@@V<lambda_dc9d2797ccde5d239b4a0efae8ebd7db>@@@?$__crt_seh_guarded_call@P6AXH@Z@@QEAAP6AXH@Z$$QEAV<lambda_c36588078e9f5dfd39652860aa6b3aaf>@@AEAV<lambda_ec61778202f4f5fc7e7711acc23c3bca>@@$$QEAV<lambda_dc9d2797ccde5d239b4a0efae8ebd7db>@@@Z@4HA 0000000180023110     libucrt:signal.obj
 0004:0000111c       $pdata$__acrt_update_thread_multibyte_data$fin$0 000000018002311c     libucrt:mbctype.obj
 0004:00001128       $pdata$raise$fin$0         0000000180023128     libucrt:signal.obj
 0004:00001134       $pdata$fclose$fin$0        0000000180023134     libucrt:fclose.obj
 0004:00001140       $pdata$?fin$0@?0???$?RV<lambda_bfedae4ebbf01fab1bb6dcc6a9e276e0>@@AEAV<lambda_2fe9b910cf3cbf4a0ab98a02ba45b3ec>@@V<lambda_237c231691f317818eb88cc1d5d642d6>@@@?$__crt_seh_guarded_call@H@@QEAAH$$QEAV<lambda_bfedae4ebbf01fab1bb6dcc6a9e276e0>@@AEAV<lambda_2fe9b910cf3cbf4a0ab98a02ba45b3ec>@@$$QEAV<lambda_237c231691f317818eb88cc1d5d642d6>@@@Z@4HA 0000000180023140     libucrt:close.obj
 0004:00001140       $pdata$?fin$0@?0???$?RV<lambda_b521505b218e5242e90febf6bfebc422>@@AEAV<lambda_6978c1fb23f02e42e1d9e99668cc68aa>@@V<lambda_314360699dd331753a4119843814e9a7>@@@?$__crt_seh_guarded_call@H@@QEAAH$$QEAV<lambda_b521505b218e5242e90febf6bfebc422>@@AEAV<lambda_6978c1fb23f02e42e1d9e99668cc68aa>@@$$QEAV<lambda_314360699dd331753a4119843814e9a7>@@@Z@4HA 0000000180023140     libucrt:commit.obj
 0004:0000114c       $pdata$__acrt_update_thread_locale_data$fin$0 000000018002314c     libucrt:locale_refcounting.obj
 0004:0000114c       $pdata$__acrt_uninitialize_locale$fin$0 000000018002314c     libucrt:wsetlocale.obj
 0004:00001158       $pdata$?fin$0@?0???$common_lseek@_J@@YA_JH_JH@Z@4HA 0000000180023158     libucrt:lseek.obj
 0004:00001158       $pdata$_write$fin$0        0000000180023158     libucrt:write.obj
 0004:00001164       $pdata$_ctrlfp$filt$0      0000000180023164     libucrt:fpctrl.obj
 0004:00001164       $pdata$common_control87$filt$0 0000000180023164     libucrt:ieee.obj
 0004:00001170       $pdata$_IsNonwritableInCurrentImage$filt$0 0000000180023170     LIBCMT:pesect.obj
 0005:00000000       __guard_fids__             0000000180024000     libucrt:initialization.obj
 0005:00000060       __guard_fids__             0000000180024060     libucrt:stdio_initializer.obj
 0005:00000064       __guard_fids__             0000000180024064     libucrt:stdio_initializer.obj
 0005:00000068       __guard_fids___acrt_initialize_ptd 0000000180024068     libucrt:per_thread_data.obj
 0005:0000006c       __guard_fids_??$expand_argument_wildcards@D@@YAHQEAD0AEAV?$argument_list@D@?A0xca0879c4@@@Z 000000018002406c     libucrt:argv_wildcards.obj
 0005:00000070       __guard_fids__             0000000180024070     libucrt:locale_initializer.obj
 0005:00000074       __guard_fids__             0000000180024074     libucrt:multibyte_initializer.obj
 0005:00000078       __guard_fids__             0000000180024078     libucrt:console_output_initializer.obj
 0005:0000007c       __guard_fids__             000000018002407c     libucrt:fma3_initializer.obj
 0005:00000080       __guard_fids__             0000000180024080     libcpmt:xthrow.obj
 0005:00000088       __guard_fids__             0000000180024088     libcpmt:xthrow.obj
 0005:00000090       __guard_fids__             0000000180024090     libcpmt:xthrow.obj
 0005:00000098       __guard_fids__             0000000180024098     libcpmt:xthrow.obj
 0005:000000a0       __guard_fids__             00000001800240a0     libcpmt:xthrow.obj
 0005:000000a8       __guard_fids_?dllmain_crt_process_attach@@YAHQEAUHINSTANCE__@@QEAX@Z 00000001800240a8     LIBCMT:dll_dllmain.obj
 0005:000000b0       __guard_fids_?dllmain_dispatch@@YAHQEAUHINSTANCE__@@KQEAX@Z 00000001800240b0     LIBCMT:dll_dllmain.obj
 0005:000000b4       __guard_fids__             00000001800240b4     LIBCMT:std_type_info_static.obj
 0005:000000b8       __guard_fids__             00000001800240b8     LIBCMT:throw_bad_alloc.obj
 0005:000000c0       __guard_fids__             00000001800240c0     LIBCMT:guard_support.obj
 0005:000000c4       __guard_fids___vcrt_initialize_ptd 00000001800240c4     libvcruntime:per_thread_data.obj
 0006:00000060       $R000000                   0000000180025060     * linker generated manifest res *

 Exports

  ordinal    name

        1    _register_player_
