 player

 Timestamp is 582e77fe (Fri Nov 18 11:39:42 2016)

 Preferred load address is 0000000180000000

 Start         Length     Name                   Class
 0001:00000000 000110e0H .text$mn                CODE
 0001:000110e0 00000020H .text$mn$00             CODE
 0001:00011100 00000270H .text$x                 CODE
 0002:00000000 000002d0H .idata$5                DATA
 0002:000002d0 00000010H .00cfg                  DATA
 0002:000002e0 00000008H .CRT$XCA                DATA
 0002:000002e8 00000008H .CRT$XCU                DATA
 0002:000002f0 00000008H .CRT$XCZ                DATA
 0002:000002f8 00000008H .CRT$XIA                DATA
 0002:00000300 00000018H .CRT$XIC                DATA
 0002:00000318 00000008H .CRT$XIZ                DATA
 0002:00000320 00000008H .CRT$XPA                DATA
 0002:00000328 00000010H .CRT$XPX                DATA
 0002:00000338 00000008H .CRT$XPXA               DATA
 0002:00000340 00000008H .CRT$XPZ                DATA
 0002:00000348 00000008H .CRT$XTA                DATA
 0002:00000350 00000010H .CRT$XTZ                DATA
 0002:00000360 00009d08H .rdata                  DATA
 0002:0000a068 00000384H .rdata$r                DATA
 0002:0000a3ec 000003dcH .rdata$zzzdbg           DATA
 0002:0000a7c8 00000008H .rtc$IAA                DATA
 0002:0000a7d0 00000008H .rtc$IZZ                DATA
 0002:0000a7d8 00000008H .rtc$TAA                DATA
 0002:0000a7e0 00000008H .rtc$TZZ                DATA
 0002:0000a7e8 00000dd0H .xdata                  DATA
 0002:0000b5b8 000001e4H .xdata$x                DATA
 0002:0000b79c 00000020H .didat$2                DATA
 0002:0000b7bc 00000024H .didat$3                DATA
 0002:0000b7e0 000000d8H .didat$4                DATA
 0002:0000b8b8 00000588H .didat$6                DATA
 0002:0000be40 000000e0H .didat$7                DATA
 0002:0000bf20 00000050H .edata                  DATA
 0002:0000bf70 00000028H .idata$2                DATA
 0002:0000bf98 00000018H .idata$3                DATA
 0002:0000bfb0 000002d0H .idata$4                DATA
 0002:0000c280 000008c6H .idata$6                DATA
 0003:00000000 00000980H .data                   DATA
 0003:00000980 00000118H .data$r                 DATA
 0003:00000a98 000000d8H .didat$5                DATA
 0003:00000b70 000012f8H .bss                    DATA
 0004:00000000 0000117cH .pdata                  DATA
 0005:00000000 00000080H .gfids$x                DATA
 0005:00000080 00000048H .gfids$y                DATA
 0006:00000000 00000060H .rsrc$01                DATA
 0006:00000060 00000180H .rsrc$02                DATA

  Address         Publics by Value              Rva+Base               Lib:Object

 0000:00000000       __guard_iat_table          0000000000000000     <absolute>
 0000:00000000       __dynamic_value_reloc_table 0000000000000000     <absolute>
 0000:00000000       __guard_iat_count          0000000000000000     <absolute>
 0000:00000000       __guard_longjmp_table      0000000000000000     <absolute>
 0000:00000000       __guard_longjmp_count      0000000000000000     <absolute>
 0000:00000000       __guard_fids_count         0000000000000000     <absolute>
 0000:00000000       ___safe_se_handler_table   0000000000000000     <absolute>
 0000:00000000       ___safe_se_handler_count   0000000000000000     <absolute>
 0000:00000000       __guard_fids_table         0000000000000000     <absolute>
 0000:00000100       __guard_flags              0000000000000100     <absolute>
 0000:00000000       __ImageBase                0000000180000000     <linker-defined>
 0001:00000000       __local_stdio_printf_options 0000000180001000 f i addon.obj
 0001:00000010       printf                     0000000180001010 f i addon.obj
 0001:00000520       ?updateAsync@@YAXPEAUuv_async_s@@H@Z 0000000180001520 f   addon.obj
 0001:000005f0       ?AudioOpen@@YAXPEAUuv_work_s@@@Z 00000001800015f0 f   addon.obj
 0001:00000820       ?AudioClose@@YAXPEAUuv_work_s@@H@Z 0000000180001820 f   addon.obj
 0001:00000860       ?Open@@YAXAEBV?$FunctionCallbackInfo@VValue@v8@@@v8@@@Z 0000000180001860 f   addon.obj
 0001:00000ec0       ?Close@@YAXAEBV?$FunctionCallbackInfo@VValue@v8@@@v8@@@Z 0000000180001ec0 f   addon.obj
 0001:00000fa0       ?Init@@YAXV?$Local@VObject@v8@@@v8@@@Z 0000000180001fa0 f   addon.obj
 0001:000010e0       ?assign@?$basic_string@DU?$char_traits@D@std@@V?$allocator@D@2@@std@@QEAAAEAV12@AEBV12@_K1@Z 00000001800020e0 f i addon.obj
 0001:00001210       ?erase@?$basic_string@DU?$char_traits@D@std@@V?$allocator@D@2@@std@@QEAAAEAV12@_K0@Z 0000000180002210 f i addon.obj
 0001:000012b0       ?assign@?$basic_string@DU?$char_traits@D@std@@V?$allocator@D@2@@std@@QEAAAEAV12@PEBD_K@Z 00000001800022b0 f i addon.obj
 0001:000013e0       ?_Copy@?$basic_string@DU?$char_traits@D@std@@V?$allocator@D@2@@std@@QEAAX_K0@Z 00000001800023e0 f i addon.obj
 0001:000015ac       __imp_load_uv_loop_close   00000001800025ac f   node:node.exe
 0001:000015b8       __tailMerge_node_exe       00000001800025b8 f i node:node.exe
 0001:00001631       __imp_load_uv_queue_work   0000000180002631 f   node:node.exe
 0001:0000163d       __imp_load_?Global@Context@v8@@QEAA?AV?$Local@VObject@v8@@@2@XZ 000000018000263d f   node:node.exe
 0001:00001649       __imp_load_?ThrowException@Isolate@v8@@QEAA?AV?$Local@VValue@v8@@@2@V32@@Z 0000000180002649 f   node:node.exe
 0001:00001655       __imp_load_?GetCurrentContext@Isolate@v8@@QEAA?AV?$Local@VContext@v8@@@2@XZ 0000000180002655 f   node:node.exe
 0001:00001661       __imp_load_?GetCurrent@Isolate@v8@@SAPEAV12@XZ 0000000180002661 f   node:node.exe
 0001:0000166d       __imp_load_?CreateHandle@HandleScope@v8@@KAPEAPEAVObject@internal@2@PEAVIsolate@42@PEAV342@@Z 000000018000266d f   node:node.exe
 0001:00001679       __imp_load_??1HandleScope@v8@@QEAA@XZ 0000000180002679 f   node:node.exe
 0001:00001685       __imp_load_??0HandleScope@v8@@QEAA@PEAVIsolate@1@@Z 0000000180002685 f   node:node.exe
 0001:00001691       __imp_load_?TypeError@Exception@v8@@SA?AV?$Local@VValue@v8@@@2@V?$Local@VString@v8@@@2@@Z 0000000180002691 f   node:node.exe
 0001:0000169d       __imp_load_?GetFunction@FunctionTemplate@v8@@QEAA?AV?$Local@VFunction@v8@@@2@XZ 000000018000269d f   node:node.exe
 0001:000016a9       __imp_load_?New@FunctionTemplate@v8@@SA?AV?$Local@VFunctionTemplate@v8@@@2@PEAVIsolate@2@P6AXAEBV?$FunctionCallbackInfo@VValue@v8@@@2@@ZV?$Local@VValue@v8@@@2@V?$Local@VSignature@v8@@@2@HW4ConstructorBehavior@2@@Z 00000001800026a9 f   node:node.exe
 0001:000016b5       __imp_load_?DisposeGlobal@V8@v8@@CAXPEAPEAVObject@internal@2@@Z 00000001800026b5 f   node:node.exe
 0001:000016c1       __imp_load_?GlobalizeReference@V8@v8@@CAPEAPEAVObject@internal@2@PEAVIsolate@42@PEAPEAV342@@Z 00000001800026c1 f   node:node.exe
 0001:000016cd       __imp_load_?IsFunction@Value@v8@@QEBA_NXZ 00000001800026cd f   node:node.exe
 0001:000016d9       __imp_load_??1Utf8Value@String@v8@@QEAA@XZ 00000001800026d9 f   node:node.exe
 0001:000016e5       __imp_load_??0Utf8Value@String@v8@@QEAA@V?$Local@VValue@v8@@@2@@Z 00000001800026e5 f   node:node.exe
 0001:000016f1       __imp_load_?NewFromUtf8@String@v8@@SA?AV?$Local@VString@v8@@@2@PEAVIsolate@2@PEBDW4NewStringType@12@H@Z 00000001800026f1 f   node:node.exe
 0001:000016fd       __imp_load_?New@Number@v8@@SA?AV?$Local@VNumber@v8@@@2@PEAVIsolate@2@N@Z 00000001800026fd f   node:node.exe
 0001:00001709       __imp_load_?Set@Object@v8@@QEAA_NV?$Local@VValue@v8@@@2@0@Z 0000000180002709 f   node:node.exe
 0001:00001715       __imp_load_?Call@Function@v8@@QEAA?AV?$Local@VValue@v8@@@2@V32@HQEAV32@@Z 0000000180002715 f   node:node.exe
 0001:00001721       __imp_load_uv_close        0000000180002721 f   node:node.exe
 0001:0000172d       __imp_load_node_module_register 000000018000272d f   node:node.exe
 0001:00001739       __imp_load_uv_async_send   0000000180002739 f   node:node.exe
 0001:00001745       __imp_load_uv_async_init   0000000180002745 f   node:node.exe
 0001:00001751       __imp_load_uv_default_loop 0000000180002751 f   node:node.exe
 0001:00001760       ??0bad_alloc@std@@QEAA@AEBV01@@Z 0000000180002760 f i libcpmt:xthrow.obj
 0001:000017a0       ??0bad_alloc@std@@QEAA@XZ  00000001800027a0 f i libcpmt:xthrow.obj
 0001:000017c0       ??0exception@std@@QEAA@AEBV01@@Z 00000001800027c0 f i libcpmt:xthrow.obj
 0001:000017f8       ??0length_error@std@@QEAA@AEBV01@@Z 00000001800027f8 f i libcpmt:xthrow.obj
 0001:00001838       ??0length_error@std@@QEAA@PEBD@Z 0000000180002838 f i libcpmt:xthrow.obj
 0001:00001884       ??0logic_error@std@@QEAA@AEBV01@@Z 0000000180002884 f i libcpmt:xthrow.obj
 0001:000018c4       ??0out_of_range@std@@QEAA@AEBV01@@Z 00000001800028c4 f i libcpmt:xthrow.obj
 0001:00001904       ??0out_of_range@std@@QEAA@PEBD@Z 0000000180002904 f i libcpmt:xthrow.obj
 0001:00001950       ??1length_error@std@@UEAA@XZ 0000000180002950 f i libcpmt:xthrow.obj
 0001:00001950       ??1out_of_range@std@@UEAA@XZ 0000000180002950 f i libcpmt:xthrow.obj
 0001:00001950       ??1bad_array_new_length@std@@UEAA@XZ 0000000180002950 f i LIBCMT:throw_bad_alloc.obj
 0001:00001950       ??1bad_alloc@std@@UEAA@XZ  0000000180002950 f i libcpmt:xthrow.obj
 0001:00001964       ??_Glength_error@std@@UEAAPEAXI@Z 0000000180002964 f i libcpmt:xthrow.obj
 0001:00001964       ??_Ebad_alloc@std@@UEAAPEAXI@Z 0000000180002964 f i libcpmt:xthrow.obj
 0001:00001964       ??_Eout_of_range@std@@UEAAPEAXI@Z 0000000180002964 f i libcpmt:xthrow.obj
 0001:00001964       ??_Gbad_array_new_length@std@@UEAAPEAXI@Z 0000000180002964 f i LIBCMT:throw_bad_alloc.obj
 0001:00001964       ??_Ebad_array_new_length@std@@UEAAPEAXI@Z 0000000180002964 f i LIBCMT:throw_bad_alloc.obj
 0001:00001964       ??_Eexception@std@@UEAAPEAXI@Z 0000000180002964 f i libcpmt:xthrow.obj
 0001:00001964       ??_Elogic_error@std@@UEAAPEAXI@Z 0000000180002964 f i libcpmt:xthrow.obj
 0001:00001964       ??_Elength_error@std@@UEAAPEAXI@Z 0000000180002964 f i libcpmt:xthrow.obj
 0001:00001964       ??_Gout_of_range@std@@UEAAPEAXI@Z 0000000180002964 f i libcpmt:xthrow.obj
 0001:00001964       ??_Gexception@std@@UEAAPEAXI@Z 0000000180002964 f i libcpmt:xthrow.obj
 0001:00001964       ??_Glogic_error@std@@UEAAPEAXI@Z 0000000180002964 f i libcpmt:xthrow.obj
 0001:00001964       ??_Gbad_alloc@std@@UEAAPEAXI@Z 0000000180002964 f i libcpmt:xthrow.obj
 0001:000019a8       ?_Xlength_error@std@@YAXPEBD@Z 00000001800029a8 f   libcpmt:xthrow.obj
 0001:000019cc       ?_Xout_of_range@std@@YAXPEBD@Z 00000001800029cc f   libcpmt:xthrow.obj
 0001:000019f0       ?what@exception@std@@UEBAPEBDXZ 00000001800029f0 f i libcpmt:xthrow.obj
 0001:00001a20       __security_check_cookie    0000000180002a20 f   LIBCMT:_amdsecgs_.obj
 0001:00001a44       ??2@YAPEAX_K@Z             0000000180002a44 f   LIBCMT:new_scalar.obj
 0001:00001a80       ??3@YAXPEAX@Z              0000000180002a80 f   LIBCMT:delete_scalar.obj
 0001:00001a88       ??3@YAXPEAX_K@Z            0000000180002a88 f   LIBCMT:delete_scalar_size.obj
 0001:00001ddc       _DllMainCRTStartup         0000000180002ddc f   LIBCMT:dll_dllmain.obj
 0001:00001e1c       ??_Etype_info@@UEAAPEAXI@Z 0000000180002e1c f i LIBCMT:std_type_info_static.obj
 0001:00001e1c       ??_Gtype_info@@UEAAPEAXI@Z 0000000180002e1c f i LIBCMT:std_type_info_static.obj
 0001:00001e48       __raise_securityfailure    0000000180002e48 f   LIBCMT:gs_report.obj
 0001:00001e7c       __report_gsfailure         0000000180002e7c f   LIBCMT:gs_report.obj
 0001:00001f50       __report_rangecheckfailure 0000000180002f50 f   LIBCMT:gs_report.obj
 0001:00001f64       __report_securityfailure   0000000180002f64 f   LIBCMT:gs_report.obj
 0001:000020e4       ??0bad_array_new_length@std@@QEAA@AEBV01@@Z 00000001800030e4 f i LIBCMT:throw_bad_alloc.obj
 0001:00002124       ??0bad_array_new_length@std@@QEAA@XZ 0000000180003124 f i LIBCMT:throw_bad_alloc.obj
 0001:00002144       ?__scrt_throw_std_bad_alloc@@YAXXZ 0000000180003144 f   LIBCMT:throw_bad_alloc.obj
 0001:00002144       ?_Xbad_alloc@std@@YAXXZ    0000000180003144 f   libcpmt:xthrow.obj
 0001:00002164       ?__scrt_throw_std_bad_array_new_length@@YAXXZ 0000000180003164 f   LIBCMT:throw_bad_alloc.obj
 0001:00002184       __scrt_acquire_startup_lock 0000000180003184 f   LIBCMT:utility.obj
 0001:000021c0       __scrt_dllmain_after_initialize_c 00000001800031c0 f   LIBCMT:utility.obj
 0001:000021f4       __scrt_dllmain_before_initialize_c 00000001800031f4 f   LIBCMT:utility.obj
 0001:0000220c       __scrt_dllmain_crt_thread_attach 000000018000320c f   LIBCMT:utility.obj
 0001:00002234       __scrt_dllmain_crt_thread_detach 0000000180003234 f   LIBCMT:utility.obj
 0001:0000224c       __scrt_dllmain_exception_filter 000000018000324c f   LIBCMT:utility.obj
 0001:000022b0       __scrt_dllmain_uninitialize_c 00000001800032b0 f   LIBCMT:utility.obj
 0001:000022e0       __scrt_dllmain_uninitialize_critical 00000001800032e0 f   LIBCMT:utility.obj
 0001:000022f4       __scrt_initialize_crt      00000001800032f4 f   LIBCMT:utility.obj
 0001:00002340       __scrt_initialize_onexit_tables 0000000180003340 f   LIBCMT:utility.obj
 0001:0000240c       __scrt_is_nonwritable_in_current_image 000000018000340c f   LIBCMT:utility.obj
 0001:000024a8       __scrt_release_startup_lock 00000001800034a8 f   LIBCMT:utility.obj
 0001:000024cc       __scrt_uninitialize_crt    00000001800034cc f   LIBCMT:utility.obj
 0001:000024f8       _onexit                    00000001800034f8 f   LIBCMT:utility.obj
 0001:00002548       atexit                     0000000180003548 f   LIBCMT:utility.obj
 0001:00002560       __security_init_cookie     0000000180003560 f   LIBCMT:gs_support.obj
 0001:0000260c       _get_startup_argv_mode     000000018000360c f   LIBCMT:argv_mode.obj
 0001:0000260c       DllMain                    000000018000360c f   LIBCMT:dll_dllmain_stub.obj
 0001:00002614       ?__scrt_initialize_type_info@@YAXXZ 0000000180003614 f   LIBCMT:tncleanup.obj
 0001:00002624       ?__scrt_uninitialize_type_info@@YAXXZ 0000000180003624 f   LIBCMT:tncleanup.obj
 0001:00002630       __local_stdio_scanf_options 0000000180003630 f i LIBCMT:default_local_stdio_options.obj
 0001:00002638       __scrt_initialize_default_local_stdio_options 0000000180003638 f   LIBCMT:default_local_stdio_options.obj
 0001:00002654       __scrt_get_dyn_tls_init_callback 0000000180003654 f   LIBCMT:dyn_tls_init.obj
 0001:0000265c       __crt_debugger_hook        000000018000365c f   LIBCMT:utility_desktop.obj
 0001:00002664       __scrt_fastfail            0000000180003664 f   LIBCMT:utility_desktop.obj
 0001:000027ac       _RTC_Initialize            00000001800037ac f   LIBCMT:_initsect_.obj
 0001:000027f8       _RTC_Terminate             00000001800037f8 f   LIBCMT:_initsect_.obj
 0001:00002844       _guard_check_icall         0000000180003844 f i LIBCMT:checkcfg.obj
 0001:0000284c       __isa_available_init       000000018000384c f   LIBCMT:_cpu_disp_.obj
 0001:00002a14       __scrt_is_ucrt_dll_in_use  0000000180003a14 f   LIBCMT:ucrt_detection.obj
 0001:00002a20       _guard_check_icall_nop     0000000180003a20 f i LIBCMT:guard_support.obj
 0001:00002a20       __except_validate_context_record 0000000180003a20 f i libvcruntime:jbcxrval.obj
 0001:00002a40       memmove                    0000000180003a40 f   libvcruntime:memcpy.obj
 0001:00002a40       memcpy                     0000000180003a40 f   libvcruntime:memcpy.obj
 0001:00002e78       __std_exception_copy       0000000180003e78 f   libvcruntime:std_exception.obj
 0001:00002f08       __std_exception_destroy    0000000180003f08 f   libvcruntime:std_exception.obj
 0001:00002f30       _CxxThrowException         0000000180003f30 f   libvcruntime:throw.obj
 0001:00003008       __C_specific_handler       0000000180004008 f   libvcruntime:_chandler_.obj
 0001:00003204       __vcrt_initialize          0000000180004204 f   libvcruntime:initialization.obj
 0001:00003238       __vcrt_thread_attach       0000000180004238 f   libvcruntime:initialization.obj
 0001:0000324c       __vcrt_thread_detach       000000018000424c f   libvcruntime:initialization.obj
 0001:00003260       __vcrt_uninitialize        0000000180004260 f   libvcruntime:initialization.obj
 0001:00003280       __vcrt_uninitialize_critical 0000000180004280 f   libvcruntime:initialization.obj
 0001:00003290       __std_type_info_destroy_list 0000000180004290 f   libvcruntime:std_type_info.obj
 0001:000032d0       memset                     00000001800042d0 f   libvcruntime:memset.obj
 0001:00003480       _local_unwind              0000000180004480 f   libvcruntime:_jmpuwind_.obj
 0001:000034b0       _NLG_Notify                00000001800044b0 f   libvcruntime:_jmpuwind_.obj
 0001:000034d0       __NLG_Dispatch2            00000001800044d0 f   libvcruntime:_jmpuwind_.obj
 0001:000034e0       __NLG_Return2              00000001800044e0 f   libvcruntime:_jmpuwind_.obj
 0001:000034e4       __vcrt_freefls             00000001800044e4 f   libvcruntime:per_thread_data.obj
 0001:00003504       __vcrt_freeptd             0000000180004504 f   libvcruntime:per_thread_data.obj
 0001:00003554       __vcrt_getptd_noexit       0000000180004554 f   libvcruntime:per_thread_data.obj
 0001:0000360c       __vcrt_initialize_ptd      000000018000460c f   libvcruntime:per_thread_data.obj
 0001:0000364c       __vcrt_uninitialize_ptd    000000018000464c f   libvcruntime:per_thread_data.obj
 0001:00003670       __vcrt_initialize_locks    0000000180004670 f   libvcruntime:locks.obj
 0001:000036b8       __vcrt_uninitialize_locks  00000001800046b8 f   libvcruntime:locks.obj
 0001:000038b8       __vcrt_FlsAlloc            00000001800048b8 f   libvcruntime:winapi_downlevel.obj
 0001:0000390c       __vcrt_FlsFree             000000018000490c f   libvcruntime:winapi_downlevel.obj
 0001:00003960       __vcrt_FlsGetValue         0000000180004960 f   libvcruntime:winapi_downlevel.obj
 0001:000039b4       __vcrt_FlsSetValue         00000001800049b4 f   libvcruntime:winapi_downlevel.obj
 0001:00003a1c       __vcrt_InitializeCriticalSectionEx 0000000180004a1c f   libvcruntime:winapi_downlevel.obj
 0001:00003a94       __vcrt_initialize_winapi_thunks 0000000180004a94 f   libvcruntime:winapi_downlevel.obj
 0001:00003ae0       __vcrt_uninitialize_winapi_thunks 0000000180004ae0 f   libvcruntime:winapi_downlevel.obj
 0001:00003b20       __vcrt_initialize_pure_virtual_call_handler 0000000180004b20 f   libvcruntime:purevirt_data.obj
 0001:00003d74       __acrt_initialize_thread_local_exit_callback 0000000180004d74 f   libucrt:exit.obj
 0001:00003d7c       _cexit                     0000000180004d7c f   libucrt:exit.obj
 0001:00003d8c       _exit                      0000000180004d8c f   libucrt:exit.obj
 0001:00003d98       _is_c_termination_complete 0000000180004d98 f   libucrt:exit.obj
 0001:00003da0       exit                       0000000180004da0 f   libucrt:exit.obj
 0001:00003dac       __acrt_initialize_stdio    0000000180004dac f   libucrt:_file.obj
 0001:00003ecc       __acrt_iob_func            0000000180004ecc f   libucrt:_file.obj
 0001:00003ee0       __acrt_uninitialize_stdio  0000000180004ee0 f   libucrt:_file.obj
 0001:00003f3c       _lock_file                 0000000180004f3c f   libucrt:_file.obj
 0001:00003f48       _unlock_file               0000000180004f48 f   libucrt:_file.obj
 0001:00003f54       ??$?RV<lambda_aa279a7bcb127014629d5b1d62c7325d>@@AEAV<lambda_0a64b6a4deda75c01876f29c44fc5eb3>@@V<lambda_3323e69fbefe9d1a11713e670d47cdfa>@@@?$__crt_seh_guarded_call@H@@QEAAH$$QEAV<lambda_aa279a7bcb127014629d5b1d62c7325d>@@AEAV<lambda_0a64b6a4deda75c01876f29c44fc5eb3>@@$$QEAV<lambda_3323e69fbefe9d1a11713e670d47cdfa>@@@Z 0000000180004f54 f i libucrt:output.obj
 0001:00003f94       ??$ensure_buffer_is_big_enough@D@formatting_buffer@__crt_stdio_output@@QEAA_N_K@Z 0000000180004f94 f i libucrt:output.obj
 0001:00004040       ??$is_wide_character_specifier@D@__crt_stdio_output@@YA_N_KDW4length_modifier@0@@Z 0000000180005040 f i libucrt:output.obj
 0001:00004070       ??$type_case_integer_parse_into_buffer@I@?$output_processor@DV?$stream_output_adapter@D@__crt_stdio_output@@V?$standard_base@DV?$stream_output_adapter@D@__crt_stdio_output@@@2@@__crt_stdio_output@@AEAAXII_N@Z 0000000180005070 f i libucrt:output.obj
 0001:0000410c       ??$type_case_integer_parse_into_buffer@_K@?$output_processor@DV?$stream_output_adapter@D@__crt_stdio_output@@V?$standard_base@DV?$stream_output_adapter@D@__crt_stdio_output@@@2@@__crt_stdio_output@@AEAAX_KI_N@Z 000000018000510c f i libucrt:output.obj
 0001:000041a8       ??$write_multiple_characters@V?$stream_output_adapter@D@__crt_stdio_output@@D@__crt_stdio_output@@YAXAEBV?$stream_output_adapter@D@0@DHQEAH@Z 00000001800051a8 f i libucrt:output.obj
 0001:0000422c       ??0?$output_processor@DV?$stream_output_adapter@D@__crt_stdio_output@@V?$standard_base@DV?$stream_output_adapter@D@__crt_stdio_output@@@2@@__crt_stdio_output@@QEAA@AEBV?$stream_output_adapter@D@1@_KQEBDQEAU__crt_locale_pointers@@QEAD@Z 000000018000522c f i libucrt:output.obj
 0001:000042a8       ??0_LocaleUpdate@@QEAA@QEAU__crt_locale_pointers@@@Z 00000001800052a8 f i libucrt:output.obj
 0001:00004428       ?force_decimal_point@__crt_stdio_output@@YAXPEADQEAU__crt_locale_pointers@@@Z 0000000180005428 f i libucrt:output.obj
 0001:00004498       ?parse_int_from_format_string@?$output_processor@DV?$stream_output_adapter@D@__crt_stdio_output@@V?$standard_base@DV?$stream_output_adapter@D@__crt_stdio_output@@@2@@__crt_stdio_output@@AEAA_NQEAH@Z 0000000180005498 f i libucrt:output.obj
 0001:0000451c       ?process@?$output_processor@DV?$stream_output_adapter@D@__crt_stdio_output@@V?$standard_base@DV?$stream_output_adapter@D@__crt_stdio_output@@@2@@__crt_stdio_output@@QEAAHXZ 000000018000551c f i libucrt:output.obj
 0001:0000472c       ?state_case_normal@?$output_processor@DV?$stream_output_adapter@D@__crt_stdio_output@@V?$standard_base@DV?$stream_output_adapter@D@__crt_stdio_output@@@2@@__crt_stdio_output@@AEAA_NXZ 000000018000572c f i libucrt:output.obj
 0001:0000479c       ?state_case_normal_tchar@?$output_processor@DV?$stream_output_adapter@D@__crt_stdio_output@@V?$standard_base@DV?$stream_output_adapter@D@__crt_stdio_output@@@2@@__crt_stdio_output@@AEAA_ND@Z 000000018000579c f i libucrt:output.obj
 0001:00004830       ?state_case_size@?$output_processor@DV?$stream_output_adapter@D@__crt_stdio_output@@V?$standard_base@DV?$stream_output_adapter@D@__crt_stdio_output@@@2@@__crt_stdio_output@@AEAA_NXZ 0000000180005830 f i libucrt:output.obj
 0001:000049ac       ?state_case_type@?$output_processor@DV?$stream_output_adapter@D@__crt_stdio_output@@V?$standard_base@DV?$stream_output_adapter@D@__crt_stdio_output@@@2@@__crt_stdio_output@@AEAA_NXZ 00000001800059ac f i libucrt:output.obj
 0001:00004c28       ?type_case_Z@?$output_processor@DV?$stream_output_adapter@D@__crt_stdio_output@@V?$standard_base@DV?$stream_output_adapter@D@__crt_stdio_output@@@2@@__crt_stdio_output@@AEAA_NXZ 0000000180005c28 f i libucrt:output.obj
 0001:00004ca8       ?type_case_a@?$output_processor@DV?$stream_output_adapter@D@__crt_stdio_output@@V?$standard_base@DV?$stream_output_adapter@D@__crt_stdio_output@@@2@@__crt_stdio_output@@AEAA_NXZ 0000000180005ca8 f i libucrt:output.obj
 0001:00004ec4       ?type_case_c_tchar@?$output_processor@DV?$stream_output_adapter@D@__crt_stdio_output@@V?$standard_base@DV?$stream_output_adapter@D@__crt_stdio_output@@@2@@__crt_stdio_output@@AEAA_ND@Z 0000000180005ec4 f i libucrt:output.obj
 0001:00004f78       ?type_case_integer@?$output_processor@DV?$stream_output_adapter@D@__crt_stdio_output@@V?$standard_base@DV?$stream_output_adapter@D@__crt_stdio_output@@@2@@__crt_stdio_output@@AEAA_NI_N@Z 0000000180005f78 f i libucrt:output.obj
 0001:00005118       ?type_case_n@?$output_processor@DV?$stream_output_adapter@D@__crt_stdio_output@@V?$standard_base@DV?$stream_output_adapter@D@__crt_stdio_output@@@2@@__crt_stdio_output@@AEAA_NXZ 0000000180006118 f i libucrt:output.obj
 0001:000051f4       ?type_case_s@?$output_processor@DV?$stream_output_adapter@D@__crt_stdio_output@@V?$standard_base@DV?$stream_output_adapter@D@__crt_stdio_output@@@2@@__crt_stdio_output@@AEAA_NXZ 00000001800061f4 f i libucrt:output.obj
 0001:00005284       ?validate_stream_is_ansi_if_required@?$__acrt_stdio_char_traits@D@@SA_NQEAU_iobuf@@@Z 0000000180006284 f i libucrt:output.obj
 0001:00005310       ?write_stored_string_tchar@?$output_processor@DV?$stream_output_adapter@D@__crt_stdio_output@@V?$standard_base@DV?$stream_output_adapter@D@__crt_stdio_output@@@2@@__crt_stdio_output@@AEAA_ND@Z 0000000180006310 f i libucrt:output.obj
 0001:000053e8       ?write_string@?$stream_output_adapter@D@__crt_stdio_output@@QEBAXQEBDHQEAH1@Z 00000001800063e8 f i libucrt:output.obj
 0001:000054e0       __stdio_common_vfprintf    00000001800064e0 f   libucrt:output.obj
 0001:0000556c       free                       000000018000656c f   libucrt:free.obj
 0001:00005574       __acrt_call_reportfault    0000000180006574 f   libucrt:invalid_parameter.obj
 0001:000056d0       __acrt_initialize_invalid_parameter_handler 00000001800066d0 f   libucrt:invalid_parameter.obj
 0001:000056d8       _invalid_parameter         00000001800066d8 f   libucrt:invalid_parameter.obj
 0001:00005780       _invalid_parameter_noinfo  0000000180006780 f   libucrt:invalid_parameter.obj
 0001:000057a0       _invalid_parameter_noinfo_noreturn 00000001800067a0 f   libucrt:invalid_parameter.obj
 0001:000057d0       _invoke_watson             00000001800067d0 f   libucrt:invalid_parameter.obj
 0001:00005818       malloc                     0000000180006818 f   libucrt:malloc.obj
 0001:00005820       __ascii_stricmp            0000000180006820 f   libucrt:stricmp.obj
 0001:0000585c       _stricmp                   000000018000685c f   libucrt:stricmp.obj
 0001:000058a4       _stricmp_l                 00000001800068a4 f   libucrt:stricmp.obj
 0001:00005958       __acrt_initialize_new_handler 0000000180006958 f   libucrt:new_handler.obj
 0001:00005960       _callnewh                  0000000180006960 f   libucrt:new_handler.obj
 0001:000059a0       _query_new_handler         00000001800069a0 f   libucrt:new_handler.obj
 0001:000059d4       _initterm                  00000001800069d4 f   libucrt:initterm.obj
 0001:00005a4c       _initterm_e                0000000180006a4c f   libucrt:initterm.obj
 0001:00005a98       _seh_filter_dll            0000000180006a98 f   libucrt:exception_filter.obj
 0001:00005aac       _seh_filter_exe            0000000180006aac f   libucrt:exception_filter.obj
 0001:00005df8       __acrt_allocate_buffer_for_argv 0000000180006df8 f   libucrt:argv_parsing.obj
 0001:00005e5c       _configure_narrow_argv     0000000180006e5c f   libucrt:argv_parsing.obj
 0001:000061b8       __dcrt_uninitialize_environments_nolock 00000001800071b8 f   libucrt:environment_initialization.obj
 0001:000061f0       _initialize_narrow_environment 00000001800071f0 f   libucrt:environment_initialization.obj
 0001:000061f8       ??$?RV<lambda_b8c45f8f788dd370798f47cfe8ac3a86>@@AEAV<lambda_4e60a939b0d047cfe11ddc22648dfba9>@@V<lambda_332c3edc96d0294ec56c57d38c1cdfd5>@@@?$__crt_seh_guarded_call@H@@QEAAH$$QEAV<lambda_b8c45f8f788dd370798f47cfe8ac3a86>@@AEAV<lambda_4e60a939b0d047cfe11ddc22648dfba9>@@$$QEAV<lambda_332c3edc96d0294ec56c57d38c1cdfd5>@@@Z 00000001800071f8 f i libucrt:onexit.obj
 0001:00006234       ??$?RV<lambda_e24bbb7b643b32fcea6fa61b31d4c984>@@AEAV<lambda_275893d493268fdec8709772e3fcec0e>@@V<lambda_9d71df4d7cf3f480f8d633942495c3b0>@@@?$__crt_seh_guarded_call@H@@QEAAH$$QEAV<lambda_e24bbb7b643b32fcea6fa61b31d4c984>@@AEAV<lambda_275893d493268fdec8709772e3fcec0e>@@$$QEAV<lambda_9d71df4d7cf3f480f8d633942495c3b0>@@@Z 0000000180007234 f i libucrt:onexit.obj
 0001:000065b0       _crt_atexit                00000001800075b0 f   libucrt:onexit.obj
 0001:000065c0       _execute_onexit_table      00000001800075c0 f   libucrt:onexit.obj
 0001:000065fc       _initialize_onexit_table   00000001800075fc f   libucrt:onexit.obj
 0001:0000663c       _register_onexit_function  000000018000763c f   libucrt:onexit.obj
 0001:000066cc       __acrt_uninitialize_command_line 00000001800076cc f   libucrt:argv_data.obj
 0001:000067bc       __acrt_initialize          00000001800077bc f   libucrt:initialization.obj
 0001:000067d0       __acrt_thread_attach       00000001800077d0 f   libucrt:initialization.obj
 0001:000067e4       __acrt_thread_detach       00000001800077e4 f   libucrt:initialization.obj
 0001:000067f4       __acrt_uninitialize        00000001800077f4 f   libucrt:initialization.obj
 0001:00006808       __acrt_uninitialize_critical 0000000180007808 f   libucrt:initialization.obj
 0001:00006818       terminate                  0000000180007818 f   libucrt:terminate.obj
 0001:00006840       strcpy_s                   0000000180007840 f   libucrt:strcpy_s.obj
 0001:000068a0       _free_base                 00000001800078a0 f   libucrt:free_base.obj
 0001:000068e0       _malloc_base               00000001800078e0 f   libucrt:malloc_base.obj
 0001:00006940       abort                      0000000180007940 f   libucrt:abort.obj
 0001:00006998       _calloc_base               0000000180007998 f   libucrt:calloc_base.obj
 0001:00006a10       ??$is_overflow_condition@K@__crt_strtox@@YA_NIK@Z 0000000180007a10 f i libucrt:atox.obj
 0001:00006a3c       ??$parse_integer@KV?$c_string_character_source@D@__crt_strtox@@@__crt_strtox@@YAKQEAU__crt_locale_pointers@@V?$c_string_character_source@D@0@H_N@Z 0000000180007a3c f i libucrt:atox.obj
 0001:00006d50       __acrt_initialize_locks    0000000180007d50 f   libucrt:locks.obj
 0001:00006d98       __acrt_lock                0000000180007d98 f   libucrt:locks.obj
 0001:00006db4       __acrt_uninitialize_locks  0000000180007db4 f   libucrt:locks.obj
 0001:00006dec       __acrt_unlock              0000000180007dec f   libucrt:locks.obj
 0001:00006fa8       __acrt_FlsAlloc            0000000180007fa8 f   libucrt:winapi_thunks.obj
 0001:00007000       __acrt_FlsFree             0000000180008000 f   libucrt:winapi_thunks.obj
 0001:00007058       __acrt_FlsGetValue         0000000180008058 f   libucrt:winapi_thunks.obj
 0001:000070b0       __acrt_FlsSetValue         00000001800080b0 f   libucrt:winapi_thunks.obj
 0001:00007118       __acrt_InitializeCriticalSectionEx 0000000180008118 f   libucrt:winapi_thunks.obj
 0001:00007190       __acrt_LCMapStringEx       0000000180008190 f   libucrt:winapi_thunks.obj
 0001:00007280       __acrt_LocaleNameToLCID    0000000180008280 f   libucrt:winapi_thunks.obj
 0001:000072e8       __acrt_initialize_winapi_thunks 00000001800082e8 f   libucrt:winapi_thunks.obj
 0001:00007320       __acrt_is_packaged_app     0000000180008320 f   libucrt:winapi_thunks.obj
 0001:000073a8       __acrt_uninitialize_winapi_thunks 00000001800083a8 f   libucrt:winapi_thunks.obj
 0001:000073ec       __acrt_errno_from_os_error 00000001800083ec f   libucrt:errno.obj
 0001:00007434       __acrt_errno_map_os_error  0000000180008434 f   libucrt:errno.obj
 0001:00007484       __doserrno                 0000000180008484 f   libucrt:errno.obj
 0001:000074a4       _errno                     00000001800084a4 f   libucrt:errno.obj
 0001:000074c4       _fcloseall                 00000001800084c4 f   libucrt:closeall.obj
 0001:00007578       __acrt_stdio_flush_nolock  0000000180008578 f   libucrt:fflush.obj
 0001:000075f0       _fflush_nolock             00000001800085f0 f   libucrt:fflush.obj
 0001:0000763c       _flushall                  000000018000863c f   libucrt:fflush.obj
 0001:0000772c       __acrt_stdio_free_buffer_nolock 000000018000872c f   libucrt:_freebuf.obj
 0001:00007954       __acrt_initialize_lowio    0000000180008954 f   libucrt:ioinit.obj
 0001:00007990       __acrt_uninitialize_lowio  0000000180008990 f   libucrt:ioinit.obj
 0001:000079d0       isdigit                    00000001800089d0 f i libucrt:_ctype.obj
 0001:00007a94       _tolower_l                 0000000180008a94 f   libucrt:tolower_toupper.obj
 0001:00007bd4       tolower                    0000000180008bd4 f   libucrt:tolower_toupper.obj
 0001:00007c00       ??$make_c_string_character_source@DPEAPEAD@__crt_strtox@@YA?AV?$c_string_character_source@D@0@QEBDQEAPEAD@Z 0000000180008c00 f i libucrt:strtox.obj
 0001:00007c14       strtol                     0000000180008c14 f   libucrt:strtox.obj
 0001:00007c44       _mbtowc_l                  0000000180008c44 f   libucrt:mbtowc.obj
 0001:00007d8c       mbtowc                     0000000180008d8c f   libucrt:mbtowc.obj
 0001:00007d94       _wctomb_s_l                0000000180008d94 f   libucrt:wctomb.obj
 0001:00007f18       wctomb_s                   0000000180008f18 f   libucrt:wctomb.obj
 0001:00007f2c       strnlen                    0000000180008f2c f   libucrt:strnlen.obj
 0001:00008088       wcsnlen                    0000000180009088 f   libucrt:strnlen.obj
 0001:00008278       ??$?RV<lambda_46352004c1216016012b18bd6f87e700>@@AEAV<lambda_3bd07e1a1191394380780325891bf33f>@@V<lambda_334532d3f185bcaa59b5be82d7d22bff>@@@?$__crt_seh_guarded_call@X@@QEAAX$$QEAV<lambda_46352004c1216016012b18bd6f87e700>@@AEAV<lambda_3bd07e1a1191394380780325891bf33f>@@$$QEAV<lambda_334532d3f185bcaa59b5be82d7d22bff>@@@Z 0000000180009278 f i libucrt:per_thread_data.obj
 0001:000082d8       ??$?RV<lambda_5e887d1dcbef67a5eb4283622ba103bf>@@AEAV<lambda_4466841279450cc726390878d4a41900>@@V<lambda_341c25c0346d94847f1f3c463c57e077>@@@?$__crt_seh_guarded_call@X@@QEAAX$$QEAV<lambda_5e887d1dcbef67a5eb4283622ba103bf>@@AEAV<lambda_4466841279450cc726390878d4a41900>@@$$QEAV<lambda_341c25c0346d94847f1f3c463c57e077>@@@Z 00000001800092d8 f i libucrt:per_thread_data.obj
 0001:00008320       ??$?RV<lambda_72d1df2b273a38828b1ce30cbf4cdab5>@@AEAV<lambda_876a65b173b8412d3a47c70a915b0cf4>@@V<lambda_41932305e351933ebe8f8be3ed8bb5dc>@@@?$__crt_seh_guarded_call@X@@QEAAX$$QEAV<lambda_72d1df2b273a38828b1ce30cbf4cdab5>@@AEAV<lambda_876a65b173b8412d3a47c70a915b0cf4>@@$$QEAV<lambda_41932305e351933ebe8f8be3ed8bb5dc>@@@Z 0000000180009320 f i libucrt:per_thread_data.obj
 0001:00008360       ??$?RV<lambda_fb3a7dec4e47f37f22dae91bb15c9095>@@AEAV<lambda_698284760c8add0bfb0756c19673e34b>@@V<lambda_dfb8eca1e75fef3034a8fb18dd509707>@@@?$__crt_seh_guarded_call@X@@QEAAX$$QEAV<lambda_fb3a7dec4e47f37f22dae91bb15c9095>@@AEAV<lambda_698284760c8add0bfb0756c19673e34b>@@$$QEAV<lambda_dfb8eca1e75fef3034a8fb18dd509707>@@@Z 0000000180009360 f i libucrt:per_thread_data.obj
 0001:000085f0       __acrt_freeptd             00000001800095f0 f   libucrt:per_thread_data.obj
 0001:00008634       __acrt_getptd              0000000180009634 f   libucrt:per_thread_data.obj
 0001:000086c8       __acrt_getptd_noexit       00000001800096c8 f   libucrt:per_thread_data.obj
 0001:00008768       __acrt_initialize_ptd      0000000180009768 f   libucrt:per_thread_data.obj
 0001:000087a4       __acrt_uninitialize_ptd    00000001800097a4 f   libucrt:per_thread_data.obj
 0001:000087c8       __acrt_update_locale_info  00000001800097c8 f   libucrt:locale_update.obj
 0001:000087fc       __acrt_update_multibyte_info 00000001800097fc f   libucrt:locale_update.obj
 0001:00008830       ?__acrt_fp_classify@@YA?AW4__acrt_fp_class@@AEBN@Z 0000000180009830 f i libucrt:cvt.obj
 0001:00009268       __acrt_fp_format           000000018000a268 f   libucrt:cvt.obj
 0001:000094ac       _fileno                    000000018000a4ac f   libucrt:fileno.obj
 0001:000094d4       _fputc_nolock              000000018000a4d4 f   libucrt:fputc.obj
 0001:000094ec       _get_printf_count_output   000000018000a4ec f   libucrt:printf_count_output.obj
 0001:00009504       __acrt_stdio_begin_temporary_buffering_nolock 000000018000a504 f   libucrt:_sftbuf.obj
 0001:000095d4       __acrt_stdio_end_temporary_buffering_nolock 000000018000a5d4 f   libucrt:_sftbuf.obj
 0001:00009610       __acrt_set_locale_changed  000000018000a610 f   libucrt:wsetlocale.obj
 0001:0000961c       __acrt_uninitialize_locale 000000018000a61c f   libucrt:wsetlocale.obj
 0001:00009b40       ?expand_if_necessary@?$argument_list@D@?A0xca0879c4@@AEAAHXZ 000000018000ab40 f i libucrt:argv_wildcards.obj
 0001:00009c08       __acrt_expand_narrow_argv_wildcards 000000018000ac08 f   libucrt:argv_wildcards.obj
 0001:00009c10       ??$?RV<lambda_99476a1ad63dd22509b5d3e65b0ffc95>@@AEAV<lambda_ad1ced32f4ac17aa236e5ef05d6b3b7c>@@V<lambda_f7424dd8d45958661754dc4f2697e9c3>@@@?$__crt_seh_guarded_call@X@@QEAAX$$QEAV<lambda_99476a1ad63dd22509b5d3e65b0ffc95>@@AEAV<lambda_ad1ced32f4ac17aa236e5ef05d6b3b7c>@@$$QEAV<lambda_f7424dd8d45958661754dc4f2697e9c3>@@@Z 000000018000ac10 f i libucrt:mbctype.obj
 0001:0000a30c       __acrt_initialize_multibyte 000000018000b30c f   libucrt:mbctype.obj
 0001:0000a334       __acrt_update_thread_multibyte_data 000000018000b334 f   libucrt:mbctype.obj
 0001:0000a3f4       _setmbcp_nolock            000000018000b3f4 f   libucrt:mbctype.obj
 0001:0000a714       _ismbblead                 000000018000b714 f   libucrt:ismbbyte.obj
 0001:0000a728       __acrt_initialize_command_line 000000018000b728 f   libucrt:argv_data.obj
 0001:0000a750       __dcrt_get_narrow_environment_from_os 000000018000b750 f   libucrt:get_environment_from_os.obj
 0001:0000a854       _recalloc                  000000018000b854 f   libucrt:recalloc.obj
 0001:0000a85c       _recalloc_base             000000018000b85c f   libucrt:recalloc.obj
 0001:0000a8f4       __acrt_initialize_heap     000000018000b8f4 f   libucrt:heap_handle.obj
 0001:0000a910       __acrt_uninitialize_heap   000000018000b910 f   libucrt:heap_handle.obj
 0001:0000a91c       __acrt_execute_initializers 000000018000b91c f   libucrt:shared_initialization.obj
 0001:0000a9b0       __acrt_execute_uninitializers 000000018000b9b0 f   libucrt:shared_initialization.obj
 0001:0000aa00       ??$?RV<lambda_c36588078e9f5dfd39652860aa6b3aaf>@@AEAV<lambda_ec61778202f4f5fc7e7711acc23c3bca>@@V<lambda_dc9d2797ccde5d239b4a0efae8ebd7db>@@@?$__crt_seh_guarded_call@P6AXH@Z@@QEAAP6AXH@Z$$QEAV<lambda_c36588078e9f5dfd39652860aa6b3aaf>@@AEAV<lambda_ec61778202f4f5fc7e7711acc23c3bca>@@$$QEAV<lambda_dc9d2797ccde5d239b4a0efae8ebd7db>@@@Z 000000018000ba00 f i libucrt:signal.obj
 0001:0000aa48       __acrt_get_sigabrt_handler 000000018000ba48 f   libucrt:signal.obj
 0001:0000aa78       __acrt_initialize_signal_handlers 000000018000ba78 f   libucrt:signal.obj
 0001:0000aa98       raise                      000000018000ba98 f   libucrt:signal.obj
 0001:0000ad34       __acrt_has_user_matherr    000000018000bd34 f   libucrt:matherr.obj
 0001:0000ad54       __acrt_initialize_user_matherr 000000018000bd54 f   libucrt:matherr.obj
 0001:0000ad5c       __acrt_invoke_user_matherr 000000018000bd5c f   libucrt:matherr.obj
 0001:0000ada4       _query_new_mode            000000018000bda4 f   libucrt:new_mode.obj
 0001:0000adac       __pctype_func              000000018000bdac f   libucrt:ctype.obj
 0001:0000addc       _isctype_l                 000000018000bddc f   libucrt:isctype.obj
 0001:0000afb4       __acrt_DownlevelLocaleNameToLCID 000000018000bfb4 f   libucrt:lcidtoname_downlevel.obj
 0001:0000afe8       _fclose_nolock             000000018000bfe8 f   libucrt:fclose.obj
 0001:0000b06c       fclose                     000000018000c06c f   libucrt:fclose.obj
 0001:0000b0d8       ??$?RV<lambda_b521505b218e5242e90febf6bfebc422>@@AEAV<lambda_6978c1fb23f02e42e1d9e99668cc68aa>@@V<lambda_314360699dd331753a4119843814e9a7>@@@?$__crt_seh_guarded_call@H@@QEAAH$$QEAV<lambda_b521505b218e5242e90febf6bfebc422>@@AEAV<lambda_6978c1fb23f02e42e1d9e99668cc68aa>@@$$QEAV<lambda_314360699dd331753a4119843814e9a7>@@@Z 000000018000c0d8 f i libucrt:commit.obj
 0001:0000b164       _commit                    000000018000c164 f   libucrt:commit.obj
 0001:0000b798       _write                     000000018000c798 f   libucrt:write.obj
 0001:0000b884       _write_nolock              000000018000c884 f   libucrt:write.obj
 0001:0000bb68       __acrt_lowio_create_handle_array 000000018000cb68 f   libucrt:osfinfo.obj
 0001:0000bc00       __acrt_lowio_destroy_handle_array 000000018000cc00 f   libucrt:osfinfo.obj
 0001:0000bc50       __acrt_lowio_ensure_fh_exists 000000018000cc50 f   libucrt:osfinfo.obj
 0001:0000bd08       __acrt_lowio_lock_fh       000000018000cd08 f   libucrt:osfinfo.obj
 0001:0000bd2c       __acrt_lowio_unlock_fh     000000018000cd2c f   libucrt:osfinfo.obj
 0001:0000bd50       _free_osfhnd               000000018000cd50 f   libucrt:osfinfo.obj
 0001:0000be0c       _get_osfhandle             000000018000ce0c f   libucrt:osfinfo.obj
 0001:0000be84       _isleadbyte_l              000000018000ce84 f i libucrt:_wctype.obj
 0001:0000c220       __acrt_LCMapStringA        000000018000d220 f   libucrt:lcmapstringa.obj
 0001:0000c2b8       __acrt_add_locale_ref      000000018000d2b8 f   libucrt:locale_refcounting.obj
 0001:0000c344       __acrt_free_locale         000000018000d344 f   libucrt:locale_refcounting.obj
 0001:0000c4bc       __acrt_locale_add_lc_time_reference 000000018000d4bc f   libucrt:locale_refcounting.obj
 0001:0000c4e4       __acrt_locale_free_lc_time_if_unreferenced 000000018000d4e4 f   libucrt:locale_refcounting.obj
 0001:0000c51c       __acrt_locale_release_lc_time_reference 000000018000d51c f   libucrt:locale_refcounting.obj
 0001:0000c544       __acrt_release_locale_ref  000000018000d544 f   libucrt:locale_refcounting.obj
 0001:0000c5ec       __acrt_update_thread_locale_data 000000018000d5ec f   libucrt:locale_refcounting.obj
 0001:0000c65c       _updatetlocinfoEx_nolock   000000018000d65c f   libucrt:locale_refcounting.obj
 0001:0000c6c4       __acrt_fp_strflt_to_string 000000018000d6c4 f   libucrt:_fptostr.obj
 0001:0000c790       ?divide@__crt_strtox@@YA_KAEAUbig_integer@1@AEBU21@@Z 000000018000d790 f i libucrt:cfout.obj
 0001:0000cc60       __acrt_fltout              000000018000dc60 f   libucrt:cfout.obj
 0001:0000e158       __acrt_stdio_flush_and_write_narrow_nolock 000000018000f158 f   libucrt:_flsbuf.obj
 0001:0000e240       _isatty                    000000018000f240 f   libucrt:isatty.obj
 0001:0000e2a0       __acrt_locale_free_monetary 000000018000f2a0 f   libucrt:initmon.obj
 0001:0000e3ac       __acrt_locale_free_numeric 000000018000f3ac f   libucrt:initnum.obj
 0001:0000e470       __acrt_locale_free_time    000000018000f470 f   libucrt:inittime.obj
 0001:0000e578       __acrt_GetStringTypeA      000000018000f578 f   libucrt:getstringtypea.obj
 0001:0000e800       qsort                      000000018000f800 f   libucrt:qsort.obj
 0001:0000eb34       strncpy_s                  000000018000fb34 f   libucrt:strncpy_s.obj
 0001:0000ec08       strpbrk                    000000018000fc08 f   libucrt:strpbrk.obj
 0001:0000eca8       _mbsdec                    000000018000fca8 f   libucrt:mbsdec.obj
 0001:0000ecb0       _mbsdec_l                  000000018000fcb0 f   libucrt:mbsdec.obj
 0001:0000ed60       _msize                     000000018000fd60 f   libucrt:msize.obj
 0001:0000ed9c       _realloc_base              000000018000fd9c f   libucrt:realloc_base.obj
 0001:0000ee20       ??$?RV<lambda_bfedae4ebbf01fab1bb6dcc6a9e276e0>@@AEAV<lambda_2fe9b910cf3cbf4a0ab98a02ba45b3ec>@@V<lambda_237c231691f317818eb88cc1d5d642d6>@@@?$__crt_seh_guarded_call@H@@QEAAH$$QEAV<lambda_bfedae4ebbf01fab1bb6dcc6a9e276e0>@@AEAV<lambda_2fe9b910cf3cbf4a0ab98a02ba45b3ec>@@$$QEAV<lambda_237c231691f317818eb88cc1d5d642d6>@@@Z 000000018000fe20 f i libucrt:close.obj
 0001:0000ee94       _close                     000000018000fe94 f   libucrt:close.obj
 0001:0000ef38       _close_nolock              000000018000ff38 f   libucrt:close.obj
 0001:0000eff4       ?__acrt_stdio_free_stream@@YAXV__crt_stdio_stream@@@Z 000000018000fff4 f   libucrt:stream.obj
 0001:0000f1c4       _lseeki64                  00000001800101c4 f   libucrt:lseek.obj
 0001:0000f1cc       _lseeki64_nolock           00000001800101cc f   libucrt:lseek.obj
 0001:0000f1d4       _putwch_nolock             00000001800101d4 f   libucrt:putwch.obj
 0001:0000f230       _query_app_type            0000000180010230 f   libucrt:report_runtime_error.obj
 0001:0000f238       __strncnt                  0000000180010238 f   libucrt:strncnt.obj
 0001:0000f250       fegetenv                   0000000180010250 f   libucrt:fegetenv.obj
 0001:0000f270       fesetenv                   0000000180010270 f   libucrt:fesetenv.obj
 0001:0000f2bc       feholdexcept               00000001800102bc f   libucrt:feholdexcept.obj
 0001:0000f30c       ceil                       000000018001030c f   libucrt:ceil.obj
 0001:0000f3d0       log10                      00000001800103d0 f   libucrt:log10.obj
 0001:0000f97c       __acrt_stdio_allocate_buffer_nolock 000000018001097c f   libucrt:_getbuf.obj
 0001:0000f9e0       __dcrt_lowio_initialize_console_output 00000001800109e0 f   libucrt:initcon.obj
 0001:0000fa1c       __dcrt_terminate_console_output 0000000180010a1c f   libucrt:initcon.obj
 0001:0000fa3c       _getfpcontrolword          0000000180010a3c f   libucrt:_fenvutils.obj
 0001:0000fa54       _getfpstatusword           0000000180010a54 f   libucrt:_fenvutils.obj
 0001:0000fa68       _setfpcontrolword          0000000180010a68 f   libucrt:_fenvutils.obj
 0001:0000fa74       _setfpstatusword           0000000180010a74 f   libucrt:_fenvutils.obj
 0001:0000fac4       _clearfp                   0000000180010ac4 f   libucrt:ieee.obj
 0001:0000fb18       _controlfp                 0000000180010b18 f   libucrt:ieee.obj
 0001:0000fb24       _statusfp                  0000000180010b24 f   libucrt:ieee.obj
 0001:0000ff28       _handle_error              0000000180010f28 f   libucrt:libm_error.obj
 0001:00010050       _handle_nan                0000000180011050 f   libucrt:libm_error.obj
 0001:00010070       __acrt_initialize_fma3     0000000180011070 f   libucrt:fma3_available.obj
 0001:000100e0       _log10_special             00000001800110e0 f   libucrt:log_special.obj
 0001:000101b0       _get_fpsr                  00000001800111b0 f   libucrt:fpsr.obj
 0001:000101c0       _set_fpsr                  00000001800111c0 f   libucrt:fpsr.obj
 0001:000101ca       _fclrf                     00000001800111ca f   libucrt:fpsr.obj
 0001:000101de       _frnd                      00000001800111de f   libucrt:fpsr.obj
 0001:00010200       _raise_exc                 0000000180011200 f   libucrt:fpexcept.obj
 0001:00010228       _raise_exc_ex              0000000180011228 f   libucrt:fpexcept.obj
 0001:00010530       _set_errno_from_matherr    0000000180011530 f   libucrt:fpexcept.obj
 0001:00010560       _clrfp                     0000000180011560 f   libucrt:fpctrl.obj
 0001:00010580       _ctrlfp                    0000000180011580 f   libucrt:fpctrl.obj
 0001:000105fc       _set_statfp                00000001800115fc f   libucrt:fpctrl.obj
 0001:0001061c       _statfp                    000000018001161c f   libucrt:fpctrl.obj
 0001:0001062e       IsProcessorFeaturePresent  000000018001162e f   kernel32:KERNEL32.dll
 0001:00010634       RtlUnwindEx                0000000180011634 f   kernel32:KERNEL32.dll
 0001:0001063c       ?DloadAcquireSectionWriteAccess@@YAXXZ 000000018001163c f i DelayImp:delayhlp.obj
 0001:000106f8       ?DloadGetSRWLockFunctionPointers@@YAEXZ 00000001800116f8 f i DelayImp:delayhlp.obj
 0001:00010794       ?DloadMakePermanentImageCommit@@YAXPEAX_K@Z 0000000180011794 f i DelayImp:delayhlp.obj
 0001:0001082c       ?DloadObtainSection@@YAPEAXPEAK0@Z 000000018001182c f i DelayImp:delayhlp.obj
 0001:000108c4       ?DloadProtectSection@@YAXKPEAK@Z 00000001800118c4 f i DelayImp:delayhlp.obj
 0001:00010954       ?DloadReleaseSectionWriteAccess@@YAXXZ 0000000180011954 f i DelayImp:delayhlp.obj
 0001:000109f8       __delayLoadHelper2         00000001800119f8 f   DelayImp:delayhlp.obj
 0001:00010d00       _FindPESection             0000000180011d00 f   LIBCMT:pesect.obj
 0001:00010d50       _IsNonwritableInCurrentImage 0000000180011d50 f   LIBCMT:pesect.obj
 0001:00010da0       _ValidateImageBase         0000000180011da0 f   LIBCMT:pesect.obj
 0001:00010dd0       __GSHandlerCheck           0000000180011dd0 f   LIBCMT:_gshandler_.obj
 0001:00010df0       __GSHandlerCheckCommon     0000000180011df0 f   LIBCMT:_gshandler_.obj
 0001:00010e60       __chkstk                   0000000180011e60 f   LIBCMT:_chkstk_.obj
 0001:00010e60       _alloca_probe              0000000180011e60 f   LIBCMT:_chkstk_.obj
 0001:00010eb4       strrchr                    0000000180011eb4 f   libvcruntime:strrchr.obj
 0001:00011010       memcmp                     0000000180012010 f   libvcruntime:memcmp.obj
 0001:000110f0       _guard_dispatch_icall_nop  00000001800120f0 f   LIBCMT:_guard_dispatch_.obj
 0002:00000000       __imp_Sleep                0000000180013000     kernel32:KERNEL32.dll
 0002:00000008       __imp_GetModuleHandleA     0000000180013008     kernel32:KERNEL32.dll
 0002:00000010       __imp_VirtualQuery         0000000180013010     kernel32:KERNEL32.dll
 0002:00000018       __imp_VirtualProtect       0000000180013018     kernel32:KERNEL32.dll
 0002:00000020       __imp_GetSystemInfo        0000000180013020     kernel32:KERNEL32.dll
 0002:00000028       __imp_CreateFileW          0000000180013028     kernel32:KERNEL32.dll
 0002:00000030       __imp_WriteConsoleW        0000000180013030     kernel32:KERNEL32.dll
 0002:00000038       __imp_SetFilePointerEx     0000000180013038     kernel32:KERNEL32.dll
 0002:00000040       __imp_CloseHandle          0000000180013040     kernel32:KERNEL32.dll
 0002:00000048       __imp_HeapReAlloc          0000000180013048     kernel32:KERNEL32.dll
 0002:00000050       __imp_HeapSize             0000000180013050     kernel32:KERNEL32.dll
 0002:00000058       __imp_SetStdHandle         0000000180013058     kernel32:KERNEL32.dll
 0002:00000060       __imp_GetConsoleMode       0000000180013060     kernel32:KERNEL32.dll
 0002:00000068       __imp_GetConsoleCP         0000000180013068     kernel32:KERNEL32.dll
 0002:00000070       __imp_RtlCaptureContext    0000000180013070     kernel32:KERNEL32.dll
 0002:00000078       __imp_RtlLookupFunctionEntry 0000000180013078     kernel32:KERNEL32.dll
 0002:00000080       __imp_RtlVirtualUnwind     0000000180013080     kernel32:KERNEL32.dll
 0002:00000088       __imp_UnhandledExceptionFilter 0000000180013088     kernel32:KERNEL32.dll
 0002:00000090       __imp_SetUnhandledExceptionFilter 0000000180013090     kernel32:KERNEL32.dll
 0002:00000098       __imp_GetCurrentProcess    0000000180013098     kernel32:KERNEL32.dll
 0002:000000a0       __imp_TerminateProcess     00000001800130a0     kernel32:KERNEL32.dll
 0002:000000a8       __imp_IsProcessorFeaturePresent 00000001800130a8     kernel32:KERNEL32.dll
 0002:000000b0       __imp_QueryPerformanceCounter 00000001800130b0     kernel32:KERNEL32.dll
 0002:000000b8       __imp_GetCurrentProcessId  00000001800130b8     kernel32:KERNEL32.dll
 0002:000000c0       __imp_GetCurrentThreadId   00000001800130c0     kernel32:KERNEL32.dll
 0002:000000c8       __imp_GetSystemTimeAsFileTime 00000001800130c8     kernel32:KERNEL32.dll
 0002:000000d0       __imp_InitializeSListHead  00000001800130d0     kernel32:KERNEL32.dll
 0002:000000d8       __imp_IsDebuggerPresent    00000001800130d8     kernel32:KERNEL32.dll
 0002:000000e0       __imp_GetStartupInfoW      00000001800130e0     kernel32:KERNEL32.dll
 0002:000000e8       __imp_GetModuleHandleW     00000001800130e8     kernel32:KERNEL32.dll
 0002:000000f0       __imp_RtlPcToFileHeader    00000001800130f0     kernel32:KERNEL32.dll
 0002:000000f8       __imp_RaiseException       00000001800130f8     kernel32:KERNEL32.dll
 0002:00000100       __imp_RtlUnwindEx          0000000180013100     kernel32:KERNEL32.dll
 0002:00000108       __imp_InterlockedFlushSList 0000000180013108     kernel32:KERNEL32.dll
 0002:00000110       __imp_GetLastError         0000000180013110     kernel32:KERNEL32.dll
 0002:00000118       __imp_SetLastError         0000000180013118     kernel32:KERNEL32.dll
 0002:00000120       __imp_EnterCriticalSection 0000000180013120     kernel32:KERNEL32.dll
 0002:00000128       __imp_LeaveCriticalSection 0000000180013128     kernel32:KERNEL32.dll
 0002:00000130       __imp_DeleteCriticalSection 0000000180013130     kernel32:KERNEL32.dll
 0002:00000138       __imp_InitializeCriticalSectionAndSpinCount 0000000180013138     kernel32:KERNEL32.dll
 0002:00000140       __imp_TlsAlloc             0000000180013140     kernel32:KERNEL32.dll
 0002:00000148       __imp_TlsGetValue          0000000180013148     kernel32:KERNEL32.dll
 0002:00000150       __imp_TlsSetValue          0000000180013150     kernel32:KERNEL32.dll
 0002:00000158       __imp_TlsFree              0000000180013158     kernel32:KERNEL32.dll
 0002:00000160       __imp_FreeLibrary          0000000180013160     kernel32:KERNEL32.dll
 0002:00000168       __imp_GetProcAddress       0000000180013168     kernel32:KERNEL32.dll
 0002:00000170       __imp_LoadLibraryExW       0000000180013170     kernel32:KERNEL32.dll
 0002:00000178       __imp_ExitProcess          0000000180013178     kernel32:KERNEL32.dll
 0002:00000180       __imp_GetModuleHandleExW   0000000180013180     kernel32:KERNEL32.dll
 0002:00000188       __imp_GetModuleFileNameA   0000000180013188     kernel32:KERNEL32.dll
 0002:00000190       __imp_MultiByteToWideChar  0000000180013190     kernel32:KERNEL32.dll
 0002:00000198       __imp_WideCharToMultiByte  0000000180013198     kernel32:KERNEL32.dll
 0002:000001a0       __imp_HeapFree             00000001800131a0     kernel32:KERNEL32.dll
 0002:000001a8       __imp_HeapAlloc            00000001800131a8     kernel32:KERNEL32.dll
 0002:000001b0       __imp_LCMapStringW         00000001800131b0     kernel32:KERNEL32.dll
 0002:000001b8       __imp_GetStdHandle         00000001800131b8     kernel32:KERNEL32.dll
 0002:000001c0       __imp_GetFileType          00000001800131c0     kernel32:KERNEL32.dll
 0002:000001c8       __imp_GetACP               00000001800131c8     kernel32:KERNEL32.dll
 0002:000001d0       __imp_FindClose            00000001800131d0     kernel32:KERNEL32.dll
 0002:000001d8       __imp_FindFirstFileExA     00000001800131d8     kernel32:KERNEL32.dll
 0002:000001e0       __imp_FindNextFileA        00000001800131e0     kernel32:KERNEL32.dll
 0002:000001e8       __imp_IsValidCodePage      00000001800131e8     kernel32:KERNEL32.dll
 0002:000001f0       __imp_GetOEMCP             00000001800131f0     kernel32:KERNEL32.dll
 0002:000001f8       __imp_GetCPInfo            00000001800131f8     kernel32:KERNEL32.dll
 0002:00000200       __imp_GetCommandLineA      0000000180013200     kernel32:KERNEL32.dll
 0002:00000208       __imp_GetCommandLineW      0000000180013208     kernel32:KERNEL32.dll
 0002:00000210       __imp_GetEnvironmentStringsW 0000000180013210     kernel32:KERNEL32.dll
 0002:00000218       __imp_FreeEnvironmentStringsW 0000000180013218     kernel32:KERNEL32.dll
 0002:00000220       __imp_GetProcessHeap       0000000180013220     kernel32:KERNEL32.dll
 0002:00000228       __imp_GetStringTypeW       0000000180013228     kernel32:KERNEL32.dll
 0002:00000230       __imp_FlushFileBuffers     0000000180013230     kernel32:KERNEL32.dll
 0002:00000238       __imp_WriteFile            0000000180013238     kernel32:KERNEL32.dll
 0002:00000240       __imp_LoadLibraryExA       0000000180013240     kernel32:KERNEL32.dll
 0002:00000248       \177KERNEL32_NULL_THUNK_DATA 0000000180013248     kernel32:KERNEL32.dll
 0002:00000250       __imp_?getPaused@Channel@FMOD@@QEAA?AW4FMOD_RESULT@@PEA_N@Z 0000000180013250     fmodex64_vc:fmodex64.dll
 0002:00000258       __imp_?getPosition@Channel@FMOD@@QEAA?AW4FMOD_RESULT@@PEAII@Z 0000000180013258     fmodex64_vc:fmodex64.dll
 0002:00000260       __imp_?isPlaying@Channel@FMOD@@QEAA?AW4FMOD_RESULT@@PEA_N@Z 0000000180013260     fmodex64_vc:fmodex64.dll
 0002:00000268       __imp_?getCurrentSound@Channel@FMOD@@QEAA?AW4FMOD_RESULT@@PEAPEAVSound@2@@Z 0000000180013268     fmodex64_vc:fmodex64.dll
 0002:00000270       __imp_?release@Sound@FMOD@@QEAA?AW4FMOD_RESULT@@XZ 0000000180013270     fmodex64_vc:fmodex64.dll
 0002:00000278       __imp_?getLength@Sound@FMOD@@QEAA?AW4FMOD_RESULT@@PEAII@Z 0000000180013278     fmodex64_vc:fmodex64.dll
 0002:00000280       __imp_?setMode@Sound@FMOD@@QEAA?AW4FMOD_RESULT@@I@Z 0000000180013280     fmodex64_vc:fmodex64.dll
 0002:00000288       __imp_?release@System@FMOD@@QEAA?AW4FMOD_RESULT@@XZ 0000000180013288     fmodex64_vc:fmodex64.dll
 0002:00000290       __imp_?init@System@FMOD@@QEAA?AW4FMOD_RESULT@@HIPEAX@Z 0000000180013290     fmodex64_vc:fmodex64.dll
 0002:00000298       __imp_?close@System@FMOD@@QEAA?AW4FMOD_RESULT@@XZ 0000000180013298     fmodex64_vc:fmodex64.dll
 0002:000002a0       __imp_?update@System@FMOD@@QEAA?AW4FMOD_RESULT@@XZ 00000001800132a0     fmodex64_vc:fmodex64.dll
 0002:000002a8       __imp_?getVersion@System@FMOD@@QEAA?AW4FMOD_RESULT@@PEAI@Z 00000001800132a8     fmodex64_vc:fmodex64.dll
 0002:000002b0       __imp_?createSound@System@FMOD@@QEAA?AW4FMOD_RESULT@@PEBDIPEAUFMOD_CREATESOUNDEXINFO@@PEAPEAVSound@2@@Z 00000001800132b0     fmodex64_vc:fmodex64.dll
 0002:000002b8       __imp_?playSound@System@FMOD@@QEAA?AW4FMOD_RESULT@@W4FMOD_CHANNELINDEX@@PEAVSound@2@_NPEAPEAVChannel@2@@Z 00000001800132b8     fmodex64_vc:fmodex64.dll
 0002:000002c0       __imp_FMOD_System_Create   00000001800132c0     fmodex64_vc:fmodex64.dll
 0002:000002c8       \177fmodex64_NULL_THUNK_DATA 00000001800132c8     fmodex64_vc:fmodex64.dll
 0002:000002d0       __guard_check_icall_fptr   00000001800132d0     LIBCMT:guard_support.obj
 0002:000002d8       __guard_dispatch_icall_fptr 00000001800132d8     LIBCMT:guard_support.obj
 0002:000002e0       __xc_a                     00000001800132e0     LIBCMT:initializers.obj
 0002:000002e8       _register_player_          00000001800132e8     addon.obj
 0002:000002f0       __xc_z                     00000001800132f0     LIBCMT:initializers.obj
 0002:000002f8       __xi_a                     00000001800132f8     LIBCMT:initializers.obj
 0002:00000300       __acrt_stdio_initializer   0000000180013300     libucrt:stdio_initializer.obj
 0002:00000308       __acrt_multibyte_initializer 0000000180013308     libucrt:multibyte_initializer.obj
 0002:00000310       __acrt_tran_fma3_initializer 0000000180013310     libucrt:fma3_initializer.obj
 0002:00000318       __xi_z                     0000000180013318     LIBCMT:initializers.obj
 0002:00000320       __xp_a                     0000000180013320     LIBCMT:initializers.obj
 0002:00000328       __acrt_locale_terminator   0000000180013328     libucrt:locale_initializer.obj
 0002:00000330       __dcrt_console_output_terminator 0000000180013330     libucrt:console_output_initializer.obj
 0002:00000338       __acrt_stdio_terminator    0000000180013338     libucrt:stdio_initializer.obj
 0002:00000340       __xp_z                     0000000180013340     LIBCMT:initializers.obj
 0002:00000348       __xt_a                     0000000180013348     LIBCMT:initializers.obj
 0002:00000350       __xt_z                     0000000180013350     LIBCMT:initializers.obj
 0002:00000360       __sz_node_exe              0000000180013360     node:node.exe
 0002:00000378       ??_7exception@std@@6B@     0000000180013378     libcpmt:xthrow.obj
 0002:00000388       ??_C@_0BC@EOODALEL@Unknown?5exception?$AA@ 0000000180013388     libcpmt:xthrow.obj
 0002:000003a8       ??_7bad_alloc@std@@6B@     00000001800133a8     libcpmt:xthrow.obj
 0002:000003b8       ??_C@_0P@GHFPNOJB@bad?5allocation?$AA@ 00000001800133b8     libcpmt:xthrow.obj
 0002:000003d0       ??_7logic_error@std@@6B@   00000001800133d0     libcpmt:xthrow.obj
 0002:000003e8       ??_7length_error@std@@6B@  00000001800133e8     libcpmt:xthrow.obj
 0002:00000400       ??_7out_of_range@std@@6B@  0000000180013400     libcpmt:xthrow.obj
 0002:00000410       _pDefaultRawDllMain        0000000180013410     LIBCMT:dll_dllmain.obj
 0002:00000410       _pRawDllMain               0000000180013410     LIBCMT:dll_dllmain.obj
 0002:00000420       ??_7type_info@@6B@         0000000180013420     LIBCMT:std_type_info_static.obj
 0002:00000440       ??_7bad_array_new_length@std@@6B@ 0000000180013440     LIBCMT:throw_bad_alloc.obj
 0002:00000450       ??_C@_0BF@KINCDENJ@bad?5array?5new?5length?$AA@ 0000000180013450     LIBCMT:throw_bad_alloc.obj
 0002:000004d0       ??_C@_1BC@DNHGCMLG@?$AAa?$AAd?$AAv?$AAa?$AAp?$AAi?$AA3?$AA2?$AA?$AA@ 00000001800134d0     libvcruntime:winapi_downlevel.obj
 0002:000004e8       ??_C@_1DM@KHCHBNEB@?$AAa?$AAp?$AAi?$AA?9?$AAm?$AAs?$AA?9?$AAw?$AAi?$AAn?$AA?9?$AAc?$AAo?$AAr?$AAe?$AA?9?$AAf?$AAi?$AAb?$AAe?$AAr?$AAs?$AA?9?$AAl?$AA1?$AA?9?$AA1?$AA?9?$AA1?$AA?$AA@ 00000001800134e8     libvcruntime:winapi_downlevel.obj
 0002:00000528       ??_C@_1DK@LPPGFMPP@?$AAa?$AAp?$AAi?$AA?9?$AAm?$AAs?$AA?9?$AAw?$AAi?$AAn?$AA?9?$AAc?$AAo?$AAr?$AAe?$AA?9?$AAs?$AAy?$AAn?$AAc?$AAh?$AA?9?$AAl?$AA1?$AA?9?$AA2?$AA?9?$AA0?$AA?$AA@ 0000000180013528     libvcruntime:winapi_downlevel.obj
 0002:00000568       ??_C@_1BC@GDMECMAK@?$AAk?$AAe?$AAr?$AAn?$AAe?$AAl?$AA3?$AA2?$AA?$AA@ 0000000180013568     libvcruntime:winapi_downlevel.obj
 0002:00000588       ??_C@_08KNHFBNJ@FlsAlloc?$AA@ 0000000180013588     libvcruntime:winapi_downlevel.obj
 0002:000005a0       ??_C@_07PEJMOBNF@FlsFree?$AA@ 00000001800135a0     libvcruntime:winapi_downlevel.obj
 0002:000005b0       ??_C@_0M@GDNOONDI@FlsGetValue?$AA@ 00000001800135b0     libvcruntime:winapi_downlevel.obj
 0002:000005c8       ??_C@_0M@JCPCPOEF@FlsSetValue?$AA@ 00000001800135c8     libvcruntime:winapi_downlevel.obj
 0002:000005e0       ??_C@_0BM@HCFOFFN@InitializeCriticalSectionEx?$AA@ 00000001800135e0     libvcruntime:winapi_downlevel.obj
 0002:00000920       ??_C@_08EHJDFFNH@__based?$CI?$AA@ 0000000180013920     libvcruntime:undname.obj
 0002:00000930       ??_C@_07KOLFKCDI@__cdecl?$AA@ 0000000180013930     libvcruntime:undname.obj
 0002:00000938       ??_C@_08GHMPAG@__pascal?$AA@ 0000000180013938     libvcruntime:undname.obj
 0002:00000948       ??_C@_09IFJBGAPI@__stdcall?$AA@ 0000000180013948     libvcruntime:undname.obj
 0002:00000958       ??_C@_0L@NPHFGOKO@__thiscall?$AA@ 0000000180013958     libvcruntime:undname.obj
 0002:00000968       ??_C@_0L@JMKHOMEK@__fastcall?$AA@ 0000000180013968     libvcruntime:undname.obj
 0002:00000978       ??_C@_0N@BCKKPABJ@__vectorcall?$AA@ 0000000180013978     libvcruntime:undname.obj
 0002:00000988       ??_C@_09HIJEGCPM@__clrcall?$AA@ 0000000180013988     libvcruntime:undname.obj
 0002:00000994       ??_C@_06GHPCKEAG@__eabi?$AA@ 0000000180013994     libvcruntime:undname.obj
 0002:000009a0       ??_C@_07JOMMBBKO@__ptr64?$AA@ 00000001800139a0     libvcruntime:undname.obj
 0002:000009a8       ??_C@_0L@PILCLIHE@__restrict?$AA@ 00000001800139a8     libvcruntime:undname.obj
 0002:000009b8       ??_C@_0M@GFIIJFMG@__unaligned?$AA@ 00000001800139b8     libvcruntime:undname.obj
 0002:000009c8       ??_C@_09DHDLOLLB@restrict?$CI?$AA@ 00000001800139c8     libvcruntime:undname.obj
 0002:000009d4       ??_C@_04NIHEBCM@?5new?$AA@ 00000001800139d4     libvcruntime:undname.obj
 0002:000009e0       ??_C@_07FPCDHGMM@?5delete?$AA@ 00000001800139e0     libvcruntime:undname.obj
 0002:000009e8       ??_C@_01NEMOKFLO@?$DN?$AA@ 00000001800139e8     libvcruntime:undname.obj
 0002:000009ec       ??_C@_02GPIOPFAK@?$DO?$DO?$AA@ 00000001800139ec     libvcruntime:undname.obj
 0002:000009f0       ??_C@_02FODMEDOG@?$DM?$DM?$AA@ 00000001800139f0     libvcruntime:undname.obj
 0002:000009f4       ??_C@_01DCLJPIOD@?$CB?$AA@ 00000001800139f4     libvcruntime:undname.obj
 0002:000009f8       ??_C@_02EGOFBIJA@?$DN?$DN?$AA@ 00000001800139f8     libvcruntime:undname.obj
 0002:000009fc       ??_C@_02FDNJECIE@?$CB?$DN?$AA@ 00000001800139fc     libvcruntime:undname.obj
 0002:00000a00       ??_C@_02GPECMEKF@?$FL?$FN?$AA@ 0000000180013a00     libvcruntime:undname.obj
 0002:00000a08       ??_C@_08LHJFAFGD@operator?$AA@ 0000000180013a08     libvcruntime:undname.obj
 0002:00000a14       ??_C@_02HBOOOICD@?9?$DO?$AA@ 0000000180013a14     libvcruntime:undname.obj
 0002:00000a18       ??_C@_01NBENCBCI@?$CK?$AA@ 0000000180013a18     libvcruntime:undname.obj
 0002:00000a1c       ??_C@_02ECNGHCIF@?$CL?$CL?$AA@ 0000000180013a1c     libvcruntime:undname.obj
 0002:00000a20       ??_C@_02BAABKJLB@?9?9?$AA@ 0000000180013a20     libvcruntime:undname.obj
 0002:00000a24       ??_C@_01JOAMLHOP@?9?$AA@   0000000180013a24     libvcruntime:undname.obj
 0002:00000a28       ??_C@_01MIFGBAGJ@?$CL?$AA@ 0000000180013a28     libvcruntime:undname.obj
 0002:00000a2c       ??_C@_01HNPIGOCE@?$CG?$AA@ 0000000180013a2c     libvcruntime:undname.obj
 0002:00000a30       ??_C@_03MNHNFDLC@?9?$DO?$CK?$AA@ 0000000180013a30     libvcruntime:undname.obj
 0002:00000a34       ??_C@_01KMDKNFGN@?1?$AA@   0000000180013a34     libvcruntime:undname.obj
 0002:00000a38       ??_C@_01FGNFDNOH@?$CF?$AA@ 0000000180013a38     libvcruntime:undname.obj
 0002:00000a3c       ??_C@_01MNNFJEPP@?$DM?$AA@ 0000000180013a3c     libvcruntime:undname.obj
 0002:00000a40       ??_C@_02EHCHHCKH@?$DM?$DN?$AA@ 0000000180013a40     libvcruntime:undname.obj
 0002:00000a44       ??_C@_01PPODPGHN@?$DO?$AA@ 0000000180013a44     libvcruntime:undname.obj
 0002:00000a48       ??_C@_02EEKDKGMJ@?$DO?$DN?$AA@ 0000000180013a48     libvcruntime:undname.obj
 0002:00000a4c       ??_C@_01IHBHIGKO@?0?$AA@   0000000180013a4c     libvcruntime:undname.obj
 0002:00000a50       ??_C@_02HCKGKOFO@?$CI?$CJ?$AA@ 0000000180013a50     libvcruntime:undname.obj
 0002:00000a54       ??_C@_01PJKLJHI@?$HO?$AA@  0000000180013a54     libvcruntime:undname.obj
 0002:00000a58       ??_C@_01JKBOJNNK@?$FO?$AA@ 0000000180013a58     libvcruntime:undname.obj
 0002:00000a5c       ??_C@_01DNKMNLPK@?$HM?$AA@ 0000000180013a5c     libvcruntime:undname.obj
 0002:00000a60       ??_C@_02PPKAJPJL@?$CG?$CG?$AA@ 0000000180013a60     libvcruntime:undname.obj
 0002:00000a64       ??_C@_02NONPIBCD@?$HM?$HM?$AA@ 0000000180013a64     libvcruntime:undname.obj
 0002:00000a68       ??_C@_02FPIMKNGF@?$CK?$DN?$AA@ 0000000180013a68     libvcruntime:undname.obj
 0002:00000a6c       ??_C@_02FOEOMHFC@?$CL?$DN?$AA@ 0000000180013a6c     libvcruntime:undname.obj
 0002:00000a70       ??_C@_02FKMDLLOA@?9?$DN?$AA@ 0000000180013a70     libvcruntime:undname.obj
 0002:00000a74       ??_C@_02FJEHGPIO@?1?$DN?$AA@ 0000000180013a74     libvcruntime:undname.obj
 0002:00000a78       ??_C@_02FENAOKFI@?$CF?$DN?$AA@ 0000000180013a78     libvcruntime:undname.obj
 0002:00000a7c       ??_C@_03IKFCCPFF@?$DO?$DO?$DN?$AA@ 0000000180013a7c     libvcruntime:undname.obj
 0002:00000a80       ??_C@_03CDNPDDLA@?$DM?$DM?$DN?$AA@ 0000000180013a80     libvcruntime:undname.obj
 0002:00000a84       ??_C@_02FGJGFEAB@?$CG?$DN?$AA@ 0000000180013a84     libvcruntime:undname.obj
 0002:00000a88       ??_C@_02DHLNPPGH@?$HM?$DN?$AA@ 0000000180013a88     libvcruntime:undname.obj
 0002:00000a8c       ??_C@_02MHEGNOJ@?$FO?$DN?$AA@ 0000000180013a8c     libvcruntime:undname.obj
 0002:00000a90       ??_C@_09IFPLHPGF@?$GAvftable?8?$AA@ 0000000180013a90     libvcruntime:undname.obj
 0002:00000aa0       ??_C@_09BLBHBJP@?$GAvbtable?8?$AA@ 0000000180013aa0     libvcruntime:undname.obj
 0002:00000ab0       ??_C@_07FEEIOKP@?$GAvcall?8?$AA@ 0000000180013ab0     libvcruntime:undname.obj
 0002:00000ab8       ??_C@_08LLFFHHDJ@?$GAtypeof?8?$AA@ 0000000180013ab8     libvcruntime:undname.obj
 0002:00000ac8       ??_C@_0BF@KDPPACIK@?$GAlocal?5static?5guard?8?$AA@ 0000000180013ac8     libvcruntime:undname.obj
 0002:00000ae0       ??_C@_08OBABFOLI@?$GAstring?8?$AA@ 0000000180013ae0     libvcruntime:undname.obj
 0002:00000af0       ??_C@_0BD@JDLKDPAB@?$GAvbase?5destructor?8?$AA@ 0000000180013af0     libvcruntime:undname.obj
 0002:00000b08       ??_C@_0BN@DEGPLNFK@?$GAvector?5deleting?5destructor?8?$AA@ 0000000180013b08     libvcruntime:undname.obj
 0002:00000b28       ??_C@_0BO@OBMKPJIG@?$GAdefault?5constructor?5closure?8?$AA@ 0000000180013b28     libvcruntime:undname.obj
 0002:00000b48       ??_C@_0BN@IMDCHIKM@?$GAscalar?5deleting?5destructor?8?$AA@ 0000000180013b48     libvcruntime:undname.obj
 0002:00000b68       ??_C@_0BO@PFGOCPJJ@?$GAvector?5constructor?5iterator?8?$AA@ 0000000180013b68     libvcruntime:undname.obj
 0002:00000b88       ??_C@_0BN@LFPFMEDL@?$GAvector?5destructor?5iterator?8?$AA@ 0000000180013b88     libvcruntime:undname.obj
 0002:00000ba8       ??_C@_0CE@IKBNEHA@?$GAvector?5vbase?5constructor?5iterat@ 0000000180013ba8     libvcruntime:undname.obj
 0002:00000bd0       ??_C@_0BL@NILFHHPC@?$GAvirtual?5displacement?5map?8?$AA@ 0000000180013bd0     libvcruntime:undname.obj
 0002:00000bf0       ??_C@_0CB@JONCMFFK@?$GAeh?5vector?5constructor?5iterator?8@ 0000000180013bf0     libvcruntime:undname.obj
 0002:00000c18       ??_C@_0CA@GCEOPDGL@?$GAeh?5vector?5destructor?5iterator?8?$AA@ 0000000180013c18     libvcruntime:undname.obj
 0002:00000c38       ??_C@_0CH@OOJPLCPH@?$GAeh?5vector?5vbase?5constructor?5ite@ 0000000180013c38     libvcruntime:undname.obj
 0002:00000c60       ??_C@_0BL@LLKPOHJI@?$GAcopy?5constructor?5closure?8?$AA@ 0000000180013c60     libvcruntime:undname.obj
 0002:00000c80       ??_C@_0BA@KBCDOMBN@?$GAudt?5returning?8?$AA@ 0000000180013c80     libvcruntime:undname.obj
 0002:00000c90       ??_C@_03KLGMFNMG@?$GAEH?$AA@ 0000000180013c90     libvcruntime:undname.obj
 0002:00000c94       ??_C@_05KHLCHHI@?$GARTTI?$AA@ 0000000180013c94     libvcruntime:undname.obj
 0002:00000ca0       ??_C@_0BA@KKLDJDLB@?$GAlocal?5vftable?8?$AA@ 0000000180013ca0     libvcruntime:undname.obj
 0002:00000cb0       ??_C@_0CE@IIHCMGGL@?$GAlocal?5vftable?5constructor?5closu@ 0000000180013cb0     libvcruntime:undname.obj
 0002:00000cd4       ??_C@_06FHBGPFGH@?5new?$FL?$FN?$AA@ 0000000180013cd4     libvcruntime:undname.obj
 0002:00000ce0       ??_C@_09LBNFPBCA@?5delete?$FL?$FN?$AA@ 0000000180013ce0     libvcruntime:undname.obj
 0002:00000cf0       ??_C@_0P@HJKNJFNN@?$GAomni?5callsig?8?$AA@ 0000000180013cf0     libvcruntime:undname.obj
 0002:00000d00       ??_C@_0BL@CNOONJFP@?$GAplacement?5delete?5closure?8?$AA@ 0000000180013d00     libvcruntime:undname.obj
 0002:00000d20       ??_C@_0BN@CKNJLHMB@?$GAplacement?5delete?$FL?$FN?5closure?8?$AA@ 0000000180013d20     libvcruntime:undname.obj
 0002:00000d40       ??_C@_0CG@CFDHKGGD@?$GAmanaged?5vector?5constructor?5iter@ 0000000180013d40     libvcruntime:undname.obj
 0002:00000d68       ??_C@_0CF@IMGKMJNO@?$GAmanaged?5vector?5destructor?5itera@ 0000000180013d68     libvcruntime:undname.obj
 0002:00000d90       ??_C@_0CG@HLDDJMAG@?$GAeh?5vector?5copy?5constructor?5iter@ 0000000180013d90     libvcruntime:undname.obj
 0002:00000db8       ??_C@_0CM@FCBBDIGB@?$GAeh?5vector?5vbase?5copy?5constructo@ 0000000180013db8     libvcruntime:undname.obj
 0002:00000de8       ??_C@_0BL@CLIPGLGB@?$GAdynamic?5initializer?5for?5?8?$AA@ 0000000180013de8     libvcruntime:undname.obj
 0002:00000e08       ??_C@_0CB@PDBIFEP@?$GAdynamic?5atexit?5destructor?5for?5?8@ 0000000180013e08     libvcruntime:undname.obj
 0002:00000e30       ??_C@_0CD@CGAJBKEJ@?$GAvector?5copy?5constructor?5iterato@ 0000000180013e30     libvcruntime:undname.obj
 0002:00000e58       ??_C@_0CJ@GJELGAMM@?$GAvector?5vbase?5copy?5constructor?5i@ 0000000180013e58     libvcruntime:undname.obj
 0002:00000e88       ??_C@_0CL@FGIJHLCE@?$GAmanaged?5vector?5copy?5constructor@ 0000000180013e88     libvcruntime:undname.obj
 0002:00000eb8       ??_C@_0BM@PMGGMLDN@?$GAlocal?5static?5thread?5guard?8?$AA@ 0000000180013eb8     libvcruntime:undname.obj
 0002:00000ed8       ??_C@_0N@BDNMDMOL@operator?5?$CC?$CC?5?$AA@ 0000000180013ed8     libvcruntime:undname.obj
 0002:00000ee8       ??_C@_0BC@DAFEJGAK@?5Type?5Descriptor?8?$AA@ 0000000180013ee8     libvcruntime:undname.obj
 0002:00000f00       ??_C@_0BM@LDKODKLH@?5Base?5Class?5Descriptor?5at?5?$CI?$AA@ 0000000180013f00     libvcruntime:undname.obj
 0002:00000f20       ??_C@_0BD@LGICGFMM@?5Base?5Class?5Array?8?$AA@ 0000000180013f20     libvcruntime:undname.obj
 0002:00000f38       ??_C@_0BN@MECKDCOJ@?5Class?5Hierarchy?5Descriptor?8?$AA@ 0000000180013f38     libvcruntime:undname.obj
 0002:00000f58       ??_C@_0BK@CFCOFLF@?5Complete?5Object?5Locator?8?$AA@ 0000000180013f58     libvcruntime:undname.obj
 0002:00000f78       ??_C@_1BI@BGOHAHKC@?$AAm?$AAs?$AAc?$AAo?$AAr?$AAe?$AAe?$AA?4?$AAd?$AAl?$AAl?$AA?$AA@ 0000000180013f78     libucrt:exit.obj
 0002:00000f90       ??_C@_0P@MIGLKIOC@CorExitProcess?$AA@ 0000000180013f90     libucrt:exit.obj
 0002:00000fa0       standard_lookup_table      0000000180013fa0     libucrt:output.obj
 0002:00000ffc       ??_C@_06OJHGLDPL@?$CInull?$CJ?$AA@ 0000000180013ffc     libucrt:output.obj
 0002:00001008       ??_C@_1O@CEDCILHN@?$AA?$CI?$AAn?$AAu?$AAl?$AAl?$AA?$CJ?$AA?$AA@ 0000000180014008     libucrt:output.obj
 0002:00001020       __acrt_exception_action_table 0000000180014020     libucrt:exception_filter.obj
 0002:000010e0       __acrt_signal_action_table_count 00000001800140e0     libucrt:exception_filter.obj
 0002:000010e8       __acrt_signal_action_first_fpe_index 00000001800140e8     libucrt:exception_filter.obj
 0002:000010f0       __acrt_signal_action_fpe_count 00000001800140f0     libucrt:exception_filter.obj
 0002:00001290       ??_C@_1EG@CNNIPFIM@?$AAa?$AAp?$AAi?$AA?9?$AAm?$AAs?$AA?9?$AAw?$AAi?$AAn?$AA?9?$AAa?$AAp?$AAp?$AAm?$AAo?$AAd?$AAe?$AAl?$AA?9?$AAr?$AAu?$AAn?$AAt?$AAi?$AAm?$AAe?$AA?9?$AAl?$AA1?$AA?9?$AA1@ 0000000180014290     libucrt:winapi_thunks.obj
 0002:000012e0       ??_C@_1EA@JGEFHKEI@?$AAa?$AAp?$AAi?$AA?9?$AAm?$AAs?$AA?9?$AAw?$AAi?$AAn?$AA?9?$AAc?$AAo?$AAr?$AAe?$AA?9?$AAd?$AAa?$AAt?$AAe?$AAt?$AAi?$AAm?$AAe?$AA?9?$AAl?$AA1?$AA?9?$AA1?$AA?9?$AA1?$AA?$AA@ 00000001800142e0     libucrt:winapi_thunks.obj
 0002:00001320       ??_C@_1DI@GCIAAENM@?$AAa?$AAp?$AAi?$AA?9?$AAm?$AAs?$AA?9?$AAw?$AAi?$AAn?$AA?9?$AAc?$AAo?$AAr?$AAe?$AA?9?$AAf?$AAi?$AAl?$AAe?$AA?9?$AAl?$AA2?$AA?9?$AA1?$AA?9?$AA1?$AA?$AA@ 0000000180014320     libucrt:winapi_thunks.obj
 0002:00001360       ??_C@_1EI@MPIAOHOC@?$AAa?$AAp?$AAi?$AA?9?$AAm?$AAs?$AA?9?$AAw?$AAi?$AAn?$AA?9?$AAc?$AAo?$AAr?$AAe?$AA?9?$AAl?$AAo?$AAc?$AAa?$AAl?$AAi?$AAz?$AAa?$AAt?$AAi?$AAo?$AAn?$AA?9?$AAl?$AA1?$AA?9@ 0000000180014360     libucrt:winapi_thunks.obj
 0002:000013b0       ??_C@_1FK@FPHCKFIE@?$AAa?$AAp?$AAi?$AA?9?$AAm?$AAs?$AA?9?$AAw?$AAi?$AAn?$AA?9?$AAc?$AAo?$AAr?$AAe?$AA?9?$AAl?$AAo?$AAc?$AAa?$AAl?$AAi?$AAz?$AAa?$AAt?$AAi?$AAo?$AAn?$AA?9?$AAo?$AAb?$AAs@ 00000001800143b0     libucrt:winapi_thunks.obj
 0002:00001410       ??_C@_1EM@DILCGIIO@?$AAa?$AAp?$AAi?$AA?9?$AAm?$AAs?$AA?9?$AAw?$AAi?$AAn?$AA?9?$AAc?$AAo?$AAr?$AAe?$AA?9?$AAp?$AAr?$AAo?$AAc?$AAe?$AAs?$AAs?$AAt?$AAh?$AAr?$AAe?$AAa?$AAd?$AAs?$AA?9?$AAl@ 0000000180014410     libucrt:winapi_thunks.obj
 0002:00001460       ??_C@_1DM@LNCGDDPN@?$AAa?$AAp?$AAi?$AA?9?$AAm?$AAs?$AA?9?$AAw?$AAi?$AAn?$AA?9?$AAc?$AAo?$AAr?$AAe?$AA?9?$AAs?$AAt?$AAr?$AAi?$AAn?$AAg?$AA?9?$AAl?$AA1?$AA?9?$AA1?$AA?9?$AA0?$AA?$AA@ 0000000180014460     libucrt:winapi_thunks.obj
 0002:000014a0       ??_C@_1DO@FPAPJEMD@?$AAa?$AAp?$AAi?$AA?9?$AAm?$AAs?$AA?9?$AAw?$AAi?$AAn?$AA?9?$AAc?$AAo?$AAr?$AAe?$AA?9?$AAs?$AAy?$AAs?$AAi?$AAn?$AAf?$AAo?$AA?9?$AAl?$AA1?$AA?9?$AA2?$AA?9?$AA1?$AA?$AA@ 00000001800144a0     libucrt:winapi_thunks.obj
 0002:000014e0       ??_C@_1DK@NDHNAHIO@?$AAa?$AAp?$AAi?$AA?9?$AAm?$AAs?$AA?9?$AAw?$AAi?$AAn?$AA?9?$AAc?$AAo?$AAr?$AAe?$AA?9?$AAw?$AAi?$AAn?$AAr?$AAt?$AA?9?$AAl?$AA1?$AA?9?$AA1?$AA?9?$AA0?$AA?$AA@ 00000001800144e0     libucrt:winapi_thunks.obj
 0002:00001520       ??_C@_1DM@KGHDGBCM@?$AAa?$AAp?$AAi?$AA?9?$AAm?$AAs?$AA?9?$AAw?$AAi?$AAn?$AA?9?$AAc?$AAo?$AAr?$AAe?$AA?9?$AAx?$AAs?$AAt?$AAa?$AAt?$AAe?$AA?9?$AAl?$AA2?$AA?9?$AA1?$AA?9?$AA0?$AA?$AA@ 0000000180014520     libucrt:winapi_thunks.obj
 0002:00001560       ??_C@_1EO@IJIOEFOH@?$AAa?$AAp?$AAi?$AA?9?$AAm?$AAs?$AA?9?$AAw?$AAi?$AAn?$AA?9?$AAr?$AAt?$AAc?$AAo?$AAr?$AAe?$AA?9?$AAn?$AAt?$AAu?$AAs?$AAe?$AAr?$AA?9?$AAw?$AAi?$AAn?$AAd?$AAo?$AAw?$AA?9@ 0000000180014560     libucrt:winapi_thunks.obj
 0002:000015b0       ??_C@_1FG@HHGEKANL@?$AAa?$AAp?$AAi?$AA?9?$AAm?$AAs?$AA?9?$AAw?$AAi?$AAn?$AA?9?$AAs?$AAe?$AAc?$AAu?$AAr?$AAi?$AAt?$AAy?$AA?9?$AAs?$AAy?$AAs?$AAt?$AAe?$AAm?$AAf?$AAu?$AAn?$AAc?$AAt?$AAi@ 00000001800145b0     libucrt:winapi_thunks.obj
 0002:00001610       ??_C@_1FG@NCKKOLKO@?$AAe?$AAx?$AAt?$AA?9?$AAm?$AAs?$AA?9?$AAw?$AAi?$AAn?$AA?9?$AAk?$AAe?$AAr?$AAn?$AAe?$AAl?$AA3?$AA2?$AA?9?$AAp?$AAa?$AAc?$AAk?$AAa?$AAg?$AAe?$AA?9?$AAc?$AAu?$AAr?$AAr@ 0000000180014610     libucrt:winapi_thunks.obj
 0002:00001670       ??_C@_1EG@DBIOJECG@?$AAe?$AAx?$AAt?$AA?9?$AAm?$AAs?$AA?9?$AAw?$AAi?$AAn?$AA?9?$AAn?$AAt?$AAu?$AAs?$AAe?$AAr?$AA?9?$AAd?$AAi?$AAa?$AAl?$AAo?$AAg?$AAb?$AAo?$AAx?$AA?9?$AAl?$AA1?$AA?9?$AA1@ 0000000180014670     libucrt:winapi_thunks.obj
 0002:000016c0       ??_C@_1EO@FIHMJCLF@?$AAe?$AAx?$AAt?$AA?9?$AAm?$AAs?$AA?9?$AAw?$AAi?$AAn?$AA?9?$AAn?$AAt?$AAu?$AAs?$AAe?$AAr?$AA?9?$AAw?$AAi?$AAn?$AAd?$AAo?$AAw?$AAs?$AAt?$AAa?$AAt?$AAi?$AAo?$AAn?$AA?9@ 00000001800146c0     libucrt:winapi_thunks.obj
 0002:00001710       ??_C@_1O@BCCLBEOE@?$AAu?$AAs?$AAe?$AAr?$AA3?$AA2?$AA?$AA@ 0000000180014710     libucrt:winapi_thunks.obj
 0002:00001748       ??_C@_0BE@JOGNEJCI@GetCurrentPackageId?$AA@ 0000000180014748     libucrt:winapi_thunks.obj
 0002:00001770       ??_C@_0O@KKBNKAPF@LCMapStringEx?$AA@ 0000000180014770     libucrt:winapi_thunks.obj
 0002:00001788       ??_C@_0BB@HBDEELFH@LocaleNameToLCID?$AA@ 0000000180014788     libucrt:winapi_thunks.obj
 0002:00001908       ??_C@_03OEIAHPBN@INF?$AA@  0000000180014908     libucrt:cvt.obj
 0002:0000190c       ??_C@_03OJHLLCGB@inf?$AA@  000000018001490c     libucrt:cvt.obj
 0002:00001910       ??_C@_03LKNCIKJB@NAN?$AA@  0000000180014910     libucrt:cvt.obj
 0002:00001914       ??_C@_03LHCJEHON@nan?$AA@  0000000180014914     libucrt:cvt.obj
 0002:00001918       ??_C@_09OFJJIMPC@NAN?$CISNAN?$CJ?$AA@ 0000000180014918     libucrt:cvt.obj
 0002:00001928       ??_C@_09IPFBKMDL@nan?$CIsnan?$CJ?$AA@ 0000000180014928     libucrt:cvt.obj
 0002:00001938       ??_C@_08IKHNHAJ@NAN?$CIIND?$CJ?$AA@ 0000000180014938     libucrt:cvt.obj
 0002:00001948       ??_C@_08OFCDMILK@nan?$CIind?$CJ?$AA@ 0000000180014948     libucrt:cvt.obj
 0002:00001954       ??_C@_05KLBDPFGC@e?$CL000?$AA@ 0000000180014954     libucrt:cvt.obj
 0002:00001960       __lc_time_c                0000000180014960     libucrt:nlsdata.obj
 0002:00001c20       ??_C@_03KOEHGMDN@Sun?$AA@  0000000180014c20     libucrt:nlsdata.obj
 0002:00001c24       ??_C@_03PDAGKDH@Mon?$AA@   0000000180014c24     libucrt:nlsdata.obj
 0002:00001c28       ??_C@_03NAGEINEP@Tue?$AA@  0000000180014c28     libucrt:nlsdata.obj
 0002:00001c2c       ??_C@_03MHOMLAJA@Wed?$AA@  0000000180014c2c     libucrt:nlsdata.obj
 0002:00001c30       ??_C@_03IOFIKPDN@Thu?$AA@  0000000180014c30     libucrt:nlsdata.obj
 0002:00001c34       ??_C@_03IDIOELNC@Fri?$AA@  0000000180014c34     libucrt:nlsdata.obj
 0002:00001c38       ??_C@_03FEFJNEK@Sat?$AA@   0000000180014c38     libucrt:nlsdata.obj
 0002:00001c3c       ??_C@_06OOPIFAJ@Sunday?$AA@ 0000000180014c3c     libucrt:nlsdata.obj
 0002:00001c44       ??_C@_06JLEDEDGH@Monday?$AA@ 0000000180014c44     libucrt:nlsdata.obj
 0002:00001c50       ??_C@_07BAAGCFCM@Tuesday?$AA@ 0000000180014c50     libucrt:nlsdata.obj
 0002:00001c58       ??_C@_09DLIGFAKA@Wednesday?$AA@ 0000000180014c58     libucrt:nlsdata.obj
 0002:00001c68       ??_C@_08HACCIKIA@Thursday?$AA@ 0000000180014c68     libucrt:nlsdata.obj
 0002:00001c74       ??_C@_06JECMNKMI@Friday?$AA@ 0000000180014c74     libucrt:nlsdata.obj
 0002:00001c80       ??_C@_08INBOOONO@Saturday?$AA@ 0000000180014c80     libucrt:nlsdata.obj
 0002:00001c8c       ??_C@_03JIHJHPIE@Jan?$AA@  0000000180014c8c     libucrt:nlsdata.obj
 0002:00001c90       ??_C@_03HJBDCHOM@Feb?$AA@  0000000180014c90     libucrt:nlsdata.obj
 0002:00001c94       ??_C@_03ODNJBKGA@Mar?$AA@  0000000180014c94     libucrt:nlsdata.obj
 0002:00001c98       ??_C@_03LEOLGMJP@Apr?$AA@  0000000180014c98     libucrt:nlsdata.obj
 0002:00001c9c       ??_C@_03CNMDKL@May?$AA@    0000000180014c9c     libucrt:nlsdata.obj
[...]
 0004:00000b88       $pdata$__acrt_execute_initializers 0000000180022b88     libucrt:shared_initialization.obj
 0004:00000b94       $pdata$__acrt_execute_uninitializers 0000000180022b94     libucrt:shared_initialization.obj
 0004:00000ba0       $pdata$??$?RV<lambda_c36588078e9f5dfd39652860aa6b3aaf>@@AEAV<lambda_ec61778202f4f5fc7e7711acc23c3bca>@@V<lambda_dc9d2797ccde5d239b4a0efae8ebd7db>@@@?$__crt_seh_guarded_call@P6AXH@Z@@QEAAP6AXH@Z$$QEAV<lambda_c36588078e9f5dfd39652860aa6b3aaf>@@AEAV<lambda_ec61778202f4f5fc7e7711acc23c3bca>@@$$QEAV<lambda_dc9d2797ccde5d239b4a0efae8ebd7db>@@@Z 0000000180022ba0     libucrt:signal.obj
 0004:00000bac       $pdata$__acrt_get_sigabrt_handler 0000000180022bac     libucrt:signal.obj
 0004:00000bb8       $pdata$raise               0000000180022bb8     libucrt:signal.obj
 0004:00000bc4       $pdata$__acrt_invoke_user_matherr 0000000180022bc4     libucrt:matherr.obj
 0004:00000bd0       $pdata$__pctype_func       0000000180022bd0     libucrt:ctype.obj
 0004:00000bdc       $pdata$_isctype_l          0000000180022bdc     libucrt:isctype.obj
 0004:00000be8       $pdata$?GetTableIndexFromLocaleName@@YAHPEB_W@Z 0000000180022be8     libucrt:lcidtoname_downlevel.obj
 0004:00000bf4       $pdata$__acrt_DownlevelLocaleNameToLCID 0000000180022bf4     libucrt:lcidtoname_downlevel.obj
 0004:00000c00       $pdata$_fclose_nolock      0000000180022c00     libucrt:fclose.obj
 0004:00000c0c       $pdata$fclose              0000000180022c0c     libucrt:fclose.obj
 0004:00000c18       $pdata$??$?RV<lambda_b521505b218e5242e90febf6bfebc422>@@AEAV<lambda_6978c1fb23f02e42e1d9e99668cc68aa>@@V<lambda_314360699dd331753a4119843814e9a7>@@@?$__crt_seh_guarded_call@H@@QEAAH$$QEAV<lambda_b521505b218e5242e90febf6bfebc422>@@AEAV<lambda_6978c1fb23f02e42e1d9e99668cc68aa>@@$$QEAV<lambda_314360699dd331753a4119843814e9a7>@@@Z 0000000180022c18     libucrt:commit.obj
 0004:00000c24       $pdata$_commit             0000000180022c24     libucrt:commit.obj
 0004:00000c30       $pdata$?write_double_translated_ansi_nolock@@YA?AUwrite_result@?A0x9c548279@@HQEBDI@Z 0000000180022c30     libucrt:write.obj
 0004:00000c3c       $pdata$?write_text_ansi_nolock@@YA?AUwrite_result@?A0x9c548279@@HQEBDI@Z 0000000180022c3c     libucrt:write.obj
 0004:00000c48       $pdata$?write_text_utf16le_nolock@@YA?AUwrite_result@?A0x9c548279@@HQEBDI@Z 0000000180022c48     libucrt:write.obj
 0004:00000c54       $pdata$?write_text_utf8_nolock@@YA?AUwrite_result@?A0x9c548279@@HQEBDI@Z 0000000180022c54     libucrt:write.obj
 0004:00000c60       $pdata$_write              0000000180022c60     libucrt:write.obj
 0004:00000c6c       $pdata$_write_nolock       0000000180022c6c     libucrt:write.obj
 0004:00000c78       $pdata$__acrt_lowio_create_handle_array 0000000180022c78     libucrt:osfinfo.obj
 0004:00000c84       $pdata$__acrt_lowio_destroy_handle_array 0000000180022c84     libucrt:osfinfo.obj
 0004:00000c90       $pdata$__acrt_lowio_ensure_fh_exists 0000000180022c90     libucrt:osfinfo.obj
 0004:00000c9c       $pdata$_free_osfhnd        0000000180022c9c     libucrt:osfinfo.obj
 0004:00000ca8       $pdata$_get_osfhandle      0000000180022ca8     libucrt:osfinfo.obj
 0004:00000cb4       $pdata$_isleadbyte_l       0000000180022cb4     libucrt:_wctype.obj
 0004:00000cc0       $pdata$?__acrt_LCMapStringA_stat@@YAHPEAU__crt_locale_pointers@@PEB_WKPEBDHPEADHHH@Z 0000000180022cc0     libucrt:lcmapstringa.obj
 0004:00000ccc       $pdata$__acrt_LCMapStringA 0000000180022ccc     libucrt:lcmapstringa.obj
 0004:00000cd8       $pdata$__acrt_free_locale  0000000180022cd8     libucrt:locale_refcounting.obj
 0004:00000ce4       $pdata$__acrt_locale_free_lc_time_if_unreferenced 0000000180022ce4     libucrt:locale_refcounting.obj
 0004:00000cf0       $pdata$__acrt_release_locale_ref 0000000180022cf0     libucrt:locale_refcounting.obj
 0004:00000cfc       $pdata$__acrt_update_thread_locale_data 0000000180022cfc     libucrt:locale_refcounting.obj
 0004:00000d08       $pdata$_updatetlocinfoEx_nolock 0000000180022d08     libucrt:locale_refcounting.obj
 0004:00000d14       $pdata$__acrt_fp_strflt_to_string 0000000180022d14     libucrt:_fptostr.obj
 0004:00000d20       $pdata$?divide@__crt_strtox@@YA_KAEAUbig_integer@1@AEBU21@@Z 0000000180022d20     libucrt:cfout.obj
 0004:00000d2c       $pdata$5$?divide@__crt_strtox@@YA_KAEAUbig_integer@1@AEBU21@@Z 0000000180022d2c     libucrt:cfout.obj
 0004:00000d38       $pdata$6$?divide@__crt_strtox@@YA_KAEAUbig_integer@1@AEBU21@@Z 0000000180022d38     libucrt:cfout.obj
 0004:00000d44       $pdata$__acrt_fltout       0000000180022d44     libucrt:cfout.obj
 0004:00000d50       $pdata$memcpy_s            0000000180022d50     libucrt:cfout.obj
 0004:00000d5c       $pdata$??$write_buffer_nolock@D@@YA_NDV__crt_stdio_stream@@@Z 0000000180022d5c     libucrt:_flsbuf.obj
 0004:00000d68       $pdata$__acrt_stdio_flush_and_write_narrow_nolock 0000000180022d68     libucrt:_flsbuf.obj
 0004:00000d74       $pdata$_isatty             0000000180022d74     libucrt:isatty.obj
 0004:00000d80       $pdata$__acrt_locale_free_monetary 0000000180022d80     libucrt:initmon.obj
 0004:00000d8c       $pdata$__acrt_locale_free_numeric 0000000180022d8c     libucrt:initnum.obj
 0004:00000d98       $pdata$?free_crt_array_internal@@YAXQEAPEBX_K@Z 0000000180022d98     libucrt:inittime.obj
 0004:00000da4       $pdata$__acrt_locale_free_time 0000000180022da4     libucrt:inittime.obj
 0004:00000db0       $pdata$__acrt_GetStringTypeA 0000000180022db0     libucrt:getstringtypea.obj
 0004:00000dbc       $pdata$?shortsort@@YAXPEAD0_KP6AHPEBX2@Z@Z 0000000180022dbc     libucrt:qsort.obj
 0004:00000dc8       $pdata$2$?shortsort@@YAXPEAD0_KP6AHPEBX2@Z@Z 0000000180022dc8     libucrt:qsort.obj
 0004:00000dd4       $pdata$3$?shortsort@@YAXPEAD0_KP6AHPEBX2@Z@Z 0000000180022dd4     libucrt:qsort.obj
 0004:00000de0       $pdata$qsort               0000000180022de0     libucrt:qsort.obj
 0004:00000dec       $pdata$4$qsort             0000000180022dec     libucrt:qsort.obj
 0004:00000df8       $pdata$5$qsort             0000000180022df8     libucrt:qsort.obj
 0004:00000e04       $pdata$strncpy_s           0000000180022e04     libucrt:strncpy_s.obj
 0004:00000e10       $pdata$strpbrk             0000000180022e10     libucrt:strpbrk.obj
 0004:00000e1c       $pdata$_mbsdec_l           0000000180022e1c     libucrt:mbsdec.obj
 0004:00000e28       $pdata$?initialize_multibyte@@YAHXZ 0000000180022e28     libucrt:multibyte_initializer.obj
 0004:00000e34       $pdata$_msize              0000000180022e34     libucrt:msize.obj
 0004:00000e40       $pdata$_realloc_base       0000000180022e40     libucrt:realloc_base.obj
 0004:00000e4c       $pdata$??$?RV<lambda_bfedae4ebbf01fab1bb6dcc6a9e276e0>@@AEAV<lambda_2fe9b910cf3cbf4a0ab98a02ba45b3ec>@@V<lambda_237c231691f317818eb88cc1d5d642d6>@@@?$__crt_seh_guarded_call@H@@QEAAH$$QEAV<lambda_bfedae4ebbf01fab1bb6dcc6a9e276e0>@@AEAV<lambda_2fe9b910cf3cbf4a0ab98a02ba45b3ec>@@$$QEAV<lambda_237c231691f317818eb88cc1d5d642d6>@@@Z 0000000180022e4c     libucrt:close.obj
 0004:00000e58       $pdata$_close              0000000180022e58     libucrt:close.obj
 0004:00000e64       $pdata$_close_nolock       0000000180022e64     libucrt:close.obj
 0004:00000e70       $pdata$??$common_lseek@_J@@YA_JH_JH@Z 0000000180022e70     libucrt:lseek.obj
 0004:00000e7c       $pdata$??$common_lseek_nolock@_J@@YA_JH_JH@Z 0000000180022e7c     libucrt:lseek.obj
 0004:00000e88       $pdata$_putwch_nolock      0000000180022e88     libucrt:putwch.obj
 0004:00000e94       $pdata$fegetenv            0000000180022e94     libucrt:fegetenv.obj
 0004:00000ea0       $pdata$fesetenv            0000000180022ea0     libucrt:fesetenv.obj
 0004:00000eac       $pdata$feholdexcept        0000000180022eac     libucrt:feholdexcept.obj
 0004:00000ec4       $pdata$__acrt_stdio_allocate_buffer_nolock 0000000180022ec4     libucrt:_getbuf.obj
 0004:00000ed0       $pdata$__dcrt_lowio_initialize_console_output 0000000180022ed0     libucrt:initcon.obj
 0004:00000edc       $pdata$__dcrt_terminate_console_output 0000000180022edc     libucrt:initcon.obj
 0004:00000ee8       $pdata$_getfpcontrolword   0000000180022ee8     libucrt:_fenvutils.obj
 0004:00000ef4       $pdata$_getfpstatusword    0000000180022ef4     libucrt:_fenvutils.obj
 0004:00000f00       $pdata$_setfpstatusword    0000000180022f00     libucrt:_fenvutils.obj
 0004:00000f0c       $pdata$_clearfp            0000000180022f0c     libucrt:ieee.obj
 0004:00000f18       $pdata$common_control87    0000000180022f18     libucrt:ieee.obj
 0004:00000f24       $pdata$_call_matherr       0000000180022f24     libucrt:libm_error.obj
 0004:00000f30       $pdata$_exception_enabled  0000000180022f30     libucrt:libm_error.obj
 0004:00000f3c       $pdata$_handle_error       0000000180022f3c     libucrt:libm_error.obj
 0004:00000f48       $pdata$__acrt_initialize_fma3 0000000180022f48     libucrt:fma3_available.obj
 0004:00000f54       $pdata$_log10_special      0000000180022f54     libucrt:log_special.obj
 0004:00000f60       $pdata$_log_special_common 0000000180022f60     libucrt:log_special.obj
 0004:00000f78       $pdata$_raise_exc          0000000180022f78     libucrt:fpexcept.obj
 0004:00000f84       $pdata$_raise_exc_ex       0000000180022f84     libucrt:fpexcept.obj
 0004:00000f90       $pdata$_set_errno_from_matherr 0000000180022f90     libucrt:fpexcept.obj
 0004:00000f9c       $pdata$_clrfp              0000000180022f9c     libucrt:fpctrl.obj
 0004:00000fa8       $pdata$_ctrlfp             0000000180022fa8     libucrt:fpctrl.obj
 0004:00000fb4       $pdata$_set_statfp         0000000180022fb4     libucrt:fpctrl.obj
 0004:00000fc0       $pdata$_statfp             0000000180022fc0     libucrt:fpctrl.obj
 0004:00000fcc       $pdata$?DloadAcquireSectionWriteAccess@@YAXXZ 0000000180022fcc     DelayImp:delayhlp.obj
 0004:00000fd8       $pdata$?DloadGetSRWLockFunctionPointers@@YAEXZ 0000000180022fd8     DelayImp:delayhlp.obj
 0004:00000fe4       $pdata$?DloadMakePermanentImageCommit@@YAXPEAX_K@Z 0000000180022fe4     DelayImp:delayhlp.obj
 0004:00000ff0       $pdata$?DloadObtainSection@@YAPEAXPEAK0@Z 0000000180022ff0     DelayImp:delayhlp.obj
 0004:00000ffc       $pdata$?DloadProtectSection@@YAXKPEAK@Z 0000000180022ffc     DelayImp:delayhlp.obj
 0004:00001008       $pdata$?DloadReleaseSectionWriteAccess@@YAXXZ 0000000180023008     DelayImp:delayhlp.obj
 0004:00001014       $pdata$__delayLoadHelper2  0000000180023014     DelayImp:delayhlp.obj
 0004:00001020       $pdata$_IsNonwritableInCurrentImage 0000000180023020     LIBCMT:pesect.obj
 0004:0000102c       $pdata$__GSHandlerCheck    000000018002302c     LIBCMT:_gshandler_.obj
 0004:00001038       $pdata$__GSHandlerCheckCommon 0000000180023038     LIBCMT:_gshandler_.obj
 0004:00001050       $pdata$strrchr             0000000180023050     libvcruntime:strrchr.obj
 0004:00001074       $pdata$?fin$0@?0??dllmain_crt_process_attach@@YAHQEAUHINSTANCE__@@QEAX@Z@4HA 0000000180023074     LIBCMT:dll_dllmain.obj
 0004:00001080       $pdata$?fin$0@?0??dllmain_crt_process_detach@@YAH_N@Z@4HA 0000000180023080     LIBCMT:dll_dllmain.obj
 0004:0000108c       $pdata$?filt$0@?0??dllmain_dispatch@@YAHQEAUHINSTANCE__@@KQEAX@Z@4HA 000000018002308c     LIBCMT:dll_dllmain.obj
 0004:00001098       $pdata$__scrt_is_nonwritable_in_current_image$filt$0 0000000180023098     LIBCMT:utility.obj
 0004:000010a4       $pdata$?filt$0@?0??common_exit@@YAXHW4_crt_exit_cleanup_mode@@W4_crt_exit_return_mode@@@Z@4HA 00000001800230a4     libucrt:exit.obj
 0004:000010b0       $pdata$?fin$1@?0??common_exit@@YAXHW4_crt_exit_cleanup_mode@@W4_crt_exit_return_mode@@@Z@4HA 00000001800230b0     libucrt:exit.obj
 0004:000010bc       $pdata$?fin$0@?0???$?RV<lambda_aa279a7bcb127014629d5b1d62c7325d>@@AEAV<lambda_0a64b6a4deda75c01876f29c44fc5eb3>@@V<lambda_3323e69fbefe9d1a11713e670d47cdfa>@@@?$__crt_seh_guarded_call@H@@QEAAH$$QEAV<lambda_aa279a7bcb127014629d5b1d62c7325d>@@AEAV<lambda_0a64b6a4deda75c01876f29c44fc5eb3>@@$$QEAV<lambda_3323e69fbefe9d1a11713e670d47cdfa>@@@Z@4HA 00000001800230bc     libucrt:output.obj
 0004:000010c8       $pdata$_query_new_handler$fin$0 00000001800230c8     libucrt:new_handler.obj
 0004:000010d4       $pdata$?fin$0@?0???$?RV<lambda_e24bbb7b643b32fcea6fa61b31d4c984>@@AEAV<lambda_275893d493268fdec8709772e3fcec0e>@@V<lambda_9d71df4d7cf3f480f8d633942495c3b0>@@@?$__crt_seh_guarded_call@H@@QEAAH$$QEAV<lambda_e24bbb7b643b32fcea6fa61b31d4c984>@@AEAV<lambda_275893d493268fdec8709772e3fcec0e>@@$$QEAV<lambda_9d71df4d7cf3f480f8d633942495c3b0>@@@Z@4HA 00000001800230d4     libucrt:onexit.obj
 0004:000010e0       $pdata$_fcloseall$fin$0    00000001800230e0     libucrt:closeall.obj
 0004:000010ec       $pdata$common_flush_all$fin$0 00000001800230ec     libucrt:fflush.obj
 0004:000010f8       $pdata$common_flush_all$fin$1 00000001800230f8     libucrt:fflush.obj
 0004:00001104       $pdata$__acrt_initialize_lowio$fin$0 0000000180023104     libucrt:ioinit.obj
 0004:00001104       $pdata$__acrt_lowio_ensure_fh_exists$fin$0 0000000180023104     libucrt:osfinfo.obj
 0004:00001110       $pdata$?fin$0@?0???$?RV<lambda_5e887d1dcbef67a5eb4283622ba103bf>@@AEAV<lambda_4466841279450cc726390878d4a41900>@@V<lambda_341c25c0346d94847f1f3c463c57e077>@@@?$__crt_seh_guarded_call@X@@QEAAX$$QEAV<lambda_5e887d1dcbef67a5eb4283622ba103bf>@@AEAV<lambda_4466841279450cc726390878d4a41900>@@$$QEAV<lambda_341c25c0346d94847f1f3c463c57e077>@@@Z@4HA 0000000180023110     libucrt:per_thread_data.obj
 0004:00001110       $pdata$?fin$0@?0???$?RV<lambda_99476a1ad63dd22509b5d3e65b0ffc95>@@AEAV<lambda_ad1ced32f4ac17aa236e5ef05d6b3b7c>@@V<lambda_f7424dd8d45958661754dc4f2697e9c3>@@@?$__crt_seh_guarded_call@X@@QEAAX$$QEAV<lambda_99476a1ad63dd22509b5d3e65b0ffc95>@@AEAV<lambda_ad1ced32f4ac17aa236e5ef05d6b3b7c>@@$$QEAV<lambda_f7424dd8d45958661754dc4f2697e9c3>@@@Z@4HA 0000000180023110     libucrt:mbctype.obj
 0004:00001110       $pdata$?fin$0@?0???$?RV<lambda_46352004c1216016012b18bd6f87e700>@@AEAV<lambda_3bd07e1a1191394380780325891bf33f>@@V<lambda_334532d3f185bcaa59b5be82d7d22bff>@@@?$__crt_seh_guarded_call@X@@QEAAX$$QEAV<lambda_46352004c1216016012b18bd6f87e700>@@AEAV<lambda_3bd07e1a1191394380780325891bf33f>@@$$QEAV<lambda_334532d3f185bcaa59b5be82d7d22bff>@@@Z@4HA 0000000180023110     libucrt:per_thread_data.obj
 0004:00001110       $pdata$?fin$0@?0???$?RV<lambda_fb3a7dec4e47f37f22dae91bb15c9095>@@AEAV<lambda_698284760c8add0bfb0756c19673e34b>@@V<lambda_dfb8eca1e75fef3034a8fb18dd509707>@@@?$__crt_seh_guarded_call@X@@QEAAX$$QEAV<lambda_fb3a7dec4e47f37f22dae91bb15c9095>@@AEAV<lambda_698284760c8add0bfb0756c19673e34b>@@$$QEAV<lambda_dfb8eca1e75fef3034a8fb18dd509707>@@@Z@4HA 0000000180023110     libucrt:per_thread_data.obj
 0004:00001110       $pdata$?fin$0@?0???$?RV<lambda_c36588078e9f5dfd39652860aa6b3aaf>@@AEAV<lambda_ec61778202f4f5fc7e7711acc23c3bca>@@V<lambda_dc9d2797ccde5d239b4a0efae8ebd7db>@@@?$__crt_seh_guarded_call@P6AXH@Z@@QEAAP6AXH@Z$$QEAV<lambda_c36588078e9f5dfd39652860aa6b3aaf>@@AEAV<lambda_ec61778202f4f5fc7e7711acc23c3bca>@@$$QEAV<lambda_dc9d2797ccde5d239b4a0efae8ebd7db>@@@Z@4HA 0000000180023110     libucrt:signal.obj
 0004:00001110       $pdata$?fin$0@?0???$?RV<lambda_72d1df2b273a38828b1ce30cbf4cdab5>@@AEAV<lambda_876a65b173b8412d3a47c70a915b0cf4>@@V<lambda_41932305e351933ebe8f8be3ed8bb5dc>@@@?$__crt_seh_guarded_call@X@@QEAAX$$QEAV<lambda_72d1df2b273a38828b1ce30cbf4cdab5>@@AEAV<lambda_876a65b173b8412d3a47c70a915b0cf4>@@$$QEAV<lambda_41932305e351933ebe8f8be3ed8bb5dc>@@@Z@4HA 0000000180023110     libucrt:per_thread_data.obj
 0004:00001110       $pdata$?fin$0@?0???$?RV<lambda_b8c45f8f788dd370798f47cfe8ac3a86>@@AEAV<lambda_4e60a939b0d047cfe11ddc22648dfba9>@@V<lambda_332c3edc96d0294ec56c57d38c1cdfd5>@@@?$__crt_seh_guarded_call@H@@QEAAH$$QEAV<lambda_b8c45f8f788dd370798f47cfe8ac3a86>@@AEAV<lambda_4e60a939b0d047cfe11ddc22648dfba9>@@$$QEAV<lambda_332c3edc96d0294ec56c57d38c1cdfd5>@@@Z@4HA 0000000180023110     libucrt:onexit.obj
 0004:0000111c       $pdata$__acrt_update_thread_multibyte_data$fin$0 000000018002311c     libucrt:mbctype.obj
 0004:00001128       $pdata$raise$fin$0         0000000180023128     libucrt:signal.obj
 0004:00001134       $pdata$fclose$fin$0        0000000180023134     libucrt:fclose.obj
 0004:00001140       $pdata$__acrt_update_thread_locale_data$fin$0 0000000180023140     libucrt:locale_refcounting.obj
 0004:00001140       $pdata$__acrt_uninitialize_locale$fin$0 0000000180023140     libucrt:wsetlocale.obj
 0004:0000114c       $pdata$?fin$0@?0???$?RV<lambda_b521505b218e5242e90febf6bfebc422>@@AEAV<lambda_6978c1fb23f02e42e1d9e99668cc68aa>@@V<lambda_314360699dd331753a4119843814e9a7>@@@?$__crt_seh_guarded_call@H@@QEAAH$$QEAV<lambda_b521505b218e5242e90febf6bfebc422>@@AEAV<lambda_6978c1fb23f02e42e1d9e99668cc68aa>@@$$QEAV<lambda_314360699dd331753a4119843814e9a7>@@@Z@4HA 000000018002314c     libucrt:commit.obj
 0004:0000114c       $pdata$?fin$0@?0???$?RV<lambda_bfedae4ebbf01fab1bb6dcc6a9e276e0>@@AEAV<lambda_2fe9b910cf3cbf4a0ab98a02ba45b3ec>@@V<lambda_237c231691f317818eb88cc1d5d642d6>@@@?$__crt_seh_guarded_call@H@@QEAAH$$QEAV<lambda_bfedae4ebbf01fab1bb6dcc6a9e276e0>@@AEAV<lambda_2fe9b910cf3cbf4a0ab98a02ba45b3ec>@@$$QEAV<lambda_237c231691f317818eb88cc1d5d642d6>@@@Z@4HA 000000018002314c     libucrt:close.obj
 0004:00001158       $pdata$_write$fin$0        0000000180023158     libucrt:write.obj
 0004:00001158       $pdata$?fin$0@?0???$common_lseek@_J@@YA_JH_JH@Z@4HA 0000000180023158     libucrt:lseek.obj
 0004:00001164       $pdata$_ctrlfp$filt$0      0000000180023164     libucrt:fpctrl.obj
 0004:00001164       $pdata$common_control87$filt$0 0000000180023164     libucrt:ieee.obj
 0004:00001170       $pdata$_IsNonwritableInCurrentImage$filt$0 0000000180023170     LIBCMT:pesect.obj
 0005:00000000       __guard_fids__             0000000180024000     libucrt:initialization.obj
 0005:00000060       __guard_fids__             0000000180024060     libucrt:stdio_initializer.obj
 0005:00000064       __guard_fids__             0000000180024064     libucrt:stdio_initializer.obj
 0005:00000068       __guard_fids___acrt_initialize_ptd 0000000180024068     libucrt:per_thread_data.obj
 0005:0000006c       __guard_fids_??$expand_argument_wildcards@D@@YAHQEAD0AEAV?$argument_list@D@?A0xca0879c4@@@Z 000000018002406c     libucrt:argv_wildcards.obj
 0005:00000070       __guard_fids__             0000000180024070     libucrt:locale_initializer.obj
 0005:00000074       __guard_fids__             0000000180024074     libucrt:multibyte_initializer.obj
 0005:00000078       __guard_fids__             0000000180024078     libucrt:console_output_initializer.obj
 0005:0000007c       __guard_fids__             000000018002407c     libucrt:fma3_initializer.obj
 0005:00000080       __guard_fids__             0000000180024080     libcpmt:xthrow.obj
 0005:00000088       __guard_fids__             0000000180024088     libcpmt:xthrow.obj
 0005:00000090       __guard_fids__             0000000180024090     libcpmt:xthrow.obj
 0005:00000098       __guard_fids__             0000000180024098     libcpmt:xthrow.obj
 0005:000000a0       __guard_fids__             00000001800240a0     libcpmt:xthrow.obj
 0005:000000a8       __guard_fids_?dllmain_crt_process_attach@@YAHQEAUHINSTANCE__@@QEAX@Z 00000001800240a8     LIBCMT:dll_dllmain.obj
 0005:000000b0       __guard_fids_?dllmain_dispatch@@YAHQEAUHINSTANCE__@@KQEAX@Z 00000001800240b0     LIBCMT:dll_dllmain.obj
 0005:000000b4       __guard_fids__             00000001800240b4     LIBCMT:std_type_info_static.obj
 0005:000000b8       __guard_fids__             00000001800240b8     LIBCMT:throw_bad_alloc.obj
 0005:000000c0       __guard_fids__             00000001800240c0     LIBCMT:guard_support.obj
 0005:000000c4       __guard_fids___vcrt_initialize_ptd 00000001800240c4     libvcruntime:per_thread_data.obj
 0006:00000060       $R000000                   0000000180025060     * linker generated manifest res *

 Exports

  ordinal    name

        1    _register_player_
